19:05:37 **** Build of configuration Debug for project lab1_STM ****
make -j8 all 
arm-none-eabi-gcc "../Drivers/STM32F1xx_HAL_Driver/Src/stm32f1xx_hal.c" -mcpu=cortex-m3 -std=gnu11 -g3 -DDEBUG -DUSE_HAL_DRIVER -DSTM32F103x6 -c -I../Core/Inc -I../Drivers/STM32F1xx_HAL_Driver/Inc -I../Drivers/STM32F1xx_HAL_Driver/Inc/Legacy -I../Drivers/CMSIS/Device/ST/STM32F1xx/Include -I../Drivers/CMSIS/Include -O0 -ffunction-sections -fdata-sections -Wall -fstack-usage -MMD -MP -MF"Drivers/STM32F1xx_HAL_Driver/Src/stm32f1xx_hal.d" -MT"Drivers/STM32F1xx_HAL_Driver/Src/stm32f1xx_hal.o" --specs=nano.specs -mfloat-abi=soft -mthumb -o "Drivers/STM32F1xx_HAL_Driver/Src/stm32f1xx_hal.o"
arm-none-eabi-gcc "../Drivers/STM32F1xx_HAL_Driver/Src/stm32f1xx_hal_cortex.c" -mcpu=cortex-m3 -std=gnu11 -g3 -DDEBUG -DUSE_HAL_DRIVER -DSTM32F103x6 -c -I../Core/Inc -I../Drivers/STM32F1xx_HAL_Driver/Inc -I../Drivers/STM32F1xx_HAL_Driver/Inc/Legacy -I../Drivers/CMSIS/Device/ST/STM32F1xx/Include -I../Drivers/CMSIS/Include -O0 -ffunction-sections -fdata-sections -Wall -fstack-usage -MMD -MP -MF"Drivers/STM32F1xx_HAL_Driver/Src/stm32f1xx_hal_cortex.d" -MT"Drivers/STM32F1xx_HAL_Driver/Src/stm32f1xx_hal_cortex.o" --specs=nano.specs -mfloat-abi=soft -mthumb -o "Drivers/STM32F1xx_HAL_Driver/Src/stm32f1xx_hal_cortex.o"
arm-none-eabi-gcc "../Drivers/STM32F1xx_HAL_Driver/Src/stm32f1xx_hal_dma.c" -mcpu=cortex-m3 -std=gnu11 -g3 -DDEBUG -DUSE_HAL_DRIVER -DSTM32F103x6 -c -I../Core/Inc -I../Drivers/STM32F1xx_HAL_Driver/Inc -I../Drivers/STM32F1xx_HAL_Driver/Inc/Legacy -I../Drivers/CMSIS/Device/ST/STM32F1xx/Include -I../Drivers/CMSIS/Include -O0 -ffunction-sections -fdata-sections -Wall -fstack-usage -MMD -MP -MF"Drivers/STM32F1xx_HAL_Driver/Src/stm32f1xx_hal_dma.d" -MT"Drivers/STM32F1xx_HAL_Driver/Src/stm32f1xx_hal_dma.o" --specs=nano.specs -mfloat-abi=soft -mthumb -o "Drivers/STM32F1xx_HAL_Driver/Src/stm32f1xx_hal_dma.o"
arm-none-eabi-gcc "../Drivers/STM32F1xx_HAL_Driver/Src/stm32f1xx_hal_exti.c" -mcpu=cortex-m3 -std=gnu11 -g3 -DDEBUG -DUSE_HAL_DRIVER -DSTM32F103x6 -c -I../Core/Inc -I../Drivers/STM32F1xx_HAL_Driver/Inc -I../Drivers/STM32F1xx_HAL_Driver/Inc/Legacy -I../Drivers/CMSIS/Device/ST/STM32F1xx/Include -I../Drivers/CMSIS/Include -O0 -ffunction-sections -fdata-sections -Wall -fstack-usage -MMD -MP -MF"Drivers/STM32F1xx_HAL_Driver/Src/stm32f1xx_hal_exti.d" -MT"Drivers/STM32F1xx_HAL_Driver/Src/stm32f1xx_hal_exti.o" --specs=nano.specs -mfloat-abi=soft -mthumb -o "Drivers/STM32F1xx_HAL_Driver/Src/stm32f1xx_hal_exti.o"
arm-none-eabi-gcc "../Drivers/STM32F1xx_HAL_Driver/Src/stm32f1xx_hal_flash.c" -mcpu=cortex-m3 -std=gnu11 -g3 -DDEBUG -DUSE_HAL_DRIVER -DSTM32F103x6 -c -I../Core/Inc -I../Drivers/STM32F1xx_HAL_Driver/Inc -I../Drivers/STM32F1xx_HAL_Driver/Inc/Legacy -I../Drivers/CMSIS/Device/ST/STM32F1xx/Include -I../Drivers/CMSIS/Include -O0 -ffunction-sections -fdata-sections -Wall -fstack-usage -MMD -MP -MF"Drivers/STM32F1xx_HAL_Driver/Src/stm32f1xx_hal_flash.d" -MT"Drivers/STM32F1xx_HAL_Driver/Src/stm32f1xx_hal_flash.o" --specs=nano.specs -mfloat-abi=soft -mthumb -o "Drivers/STM32F1xx_HAL_Driver/Src/stm32f1xx_hal_flash.o"
arm-none-eabi-gcc "../Drivers/STM32F1xx_HAL_Driver/Src/stm32f1xx_hal_flash_ex.c" -mcpu=cortex-m3 -std=gnu11 -g3 -DDEBUG -DUSE_HAL_DRIVER -DSTM32F103x6 -c -I../Core/Inc -I../Drivers/STM32F1xx_HAL_Driver/Inc -I../Drivers/STM32F1xx_HAL_Driver/Inc/Legacy -I../Drivers/CMSIS/Device/ST/STM32F1xx/Include -I../Drivers/CMSIS/Include -O0 -ffunction-sections -fdata-sections -Wall -fstack-usage -MMD -MP -MF"Drivers/STM32F1xx_HAL_Driver/Src/stm32f1xx_hal_flash_ex.d" -MT"Drivers/STM32F1xx_HAL_Driver/Src/stm32f1xx_hal_flash_ex.o" --specs=nano.specs -mfloat-abi=soft -mthumb -o "Drivers/STM32F1xx_HAL_Driver/Src/stm32f1xx_hal_flash_ex.o"
arm-none-eabi-gcc "../Drivers/STM32F1xx_HAL_Driver/Src/stm32f1xx_hal_gpio.c" -mcpu=cortex-m3 -std=gnu11 -g3 -DDEBUG -DUSE_HAL_DRIVER -DSTM32F103x6 -c -I../Core/Inc -I../Drivers/STM32F1xx_HAL_Driver/Inc -I../Drivers/STM32F1xx_HAL_Driver/Inc/Legacy -I../Drivers/CMSIS/Device/ST/STM32F1xx/Include -I../Drivers/CMSIS/Include -O0 -ffunction-sections -fdata-sections -Wall -fstack-usage -MMD -MP -MF"Drivers/STM32F1xx_HAL_Driver/Src/stm32f1xx_hal_gpio.d" -MT"Drivers/STM32F1xx_HAL_Driver/Src/stm32f1xx_hal_gpio.o" --specs=nano.specs -mfloat-abi=soft -mthumb -o "Drivers/STM32F1xx_HAL_Driver/Src/stm32f1xx_hal_gpio.o"
arm-none-eabi-gcc "../Drivers/STM32F1xx_HAL_Driver/Src/stm32f1xx_hal_gpio_ex.c" -mcpu=cortex-m3 -std=gnu11 -g3 -DDEBUG -DUSE_HAL_DRIVER -DSTM32F103x6 -c -I../Core/Inc -I../Drivers/STM32F1xx_HAL_Driver/Inc -I../Drivers/STM32F1xx_HAL_Driver/Inc/Legacy -I../Drivers/CMSIS/Device/ST/STM32F1xx/Include -I../Drivers/CMSIS/Include -O0 -ffunction-sections -fdata-sections -Wall -fstack-usage -MMD -MP -MF"Drivers/STM32F1xx_HAL_Driver/Src/stm32f1xx_hal_gpio_ex.d" -MT"Drivers/STM32F1xx_HAL_Driver/Src/stm32f1xx_hal_gpio_ex.o" --specs=nano.specs -mfloat-abi=soft -mthumb -o "Drivers/STM32F1xx_HAL_Driver/Src/stm32f1xx_hal_gpio_ex.o"
arm-none-eabi-gcc "../Drivers/STM32F1xx_HAL_Driver/Src/stm32f1xx_hal_pwr.c" -mcpu=cortex-m3 -std=gnu11 -g3 -DDEBUG -DUSE_HAL_DRIVER -DSTM32F103x6 -c -I../Core/Inc -I../Drivers/STM32F1xx_HAL_Driver/Inc -I../Drivers/STM32F1xx_HAL_Driver/Inc/Legacy -I../Drivers/CMSIS/Device/ST/STM32F1xx/Include -I../Drivers/CMSIS/Include -O0 -ffunction-sections -fdata-sections -Wall -fstack-usage -MMD -MP -MF"Drivers/STM32F1xx_HAL_Driver/Src/stm32f1xx_hal_pwr.d" -MT"Drivers/STM32F1xx_HAL_Driver/Src/stm32f1xx_hal_pwr.o" --specs=nano.specs -mfloat-abi=soft -mthumb -o "Drivers/STM32F1xx_HAL_Driver/Src/stm32f1xx_hal_pwr.o"
arm-none-eabi-gcc "../Drivers/STM32F1xx_HAL_Driver/Src/stm32f1xx_hal_rcc.c" -mcpu=cortex-m3 -std=gnu11 -g3 -DDEBUG -DUSE_HAL_DRIVER -DSTM32F103x6 -c -I../Core/Inc -I../Drivers/STM32F1xx_HAL_Driver/Inc -I../Drivers/STM32F1xx_HAL_Driver/Inc/Legacy -I../Drivers/CMSIS/Device/ST/STM32F1xx/Include -I../Drivers/CMSIS/Include -O0 -ffunction-sections -fdata-sections -Wall -fstack-usage -MMD -MP -MF"Drivers/STM32F1xx_HAL_Driver/Src/stm32f1xx_hal_rcc.d" -MT"Drivers/STM32F1xx_HAL_Driver/Src/stm32f1xx_hal_rcc.o" --specs=nano.specs -mfloat-abi=soft -mthumb -o "Drivers/STM32F1xx_HAL_Driver/Src/stm32f1xx_hal_rcc.o"
arm-none-eabi-gcc "../Drivers/STM32F1xx_HAL_Driver/Src/stm32f1xx_hal_rcc_ex.c" -mcpu=cortex-m3 -std=gnu11 -g3 -DDEBUG -DUSE_HAL_DRIVER -DSTM32F103x6 -c -I../Core/Inc -I../Drivers/STM32F1xx_HAL_Driver/Inc -I../Drivers/STM32F1xx_HAL_Driver/Inc/Legacy -I../Drivers/CMSIS/Device/ST/STM32F1xx/Include -I../Drivers/CMSIS/Include -O0 -ffunction-sections -fdata-sections -Wall -fstack-usage -MMD -MP -MF"Drivers/STM32F1xx_HAL_Driver/Src/stm32f1xx_hal_rcc_ex.d" -MT"Drivers/STM32F1xx_HAL_Driver/Src/stm32f1xx_hal_rcc_ex.o" --specs=nano.specs -mfloat-abi=soft -mthumb -o "Drivers/STM32F1xx_HAL_Driver/Src/stm32f1xx_hal_rcc_ex.o"
arm-none-eabi-gcc "../Drivers/STM32F1xx_HAL_Driver/Src/stm32f1xx_hal_tim.c" -mcpu=cortex-m3 -std=gnu11 -g3 -DDEBUG -DUSE_HAL_DRIVER -DSTM32F103x6 -c -I../Core/Inc -I../Drivers/STM32F1xx_HAL_Driver/Inc -I../Drivers/STM32F1xx_HAL_Driver/Inc/Legacy -I../Drivers/CMSIS/Device/ST/STM32F1xx/Include -I../Drivers/CMSIS/Include -O0 -ffunction-sections -fdata-sections -Wall -fstack-usage -MMD -MP -MF"Drivers/STM32F1xx_HAL_Driver/Src/stm32f1xx_hal_tim.d" -MT"Drivers/STM32F1xx_HAL_Driver/Src/stm32f1xx_hal_tim.o" --specs=nano.specs -mfloat-abi=soft -mthumb -o "Drivers/STM32F1xx_HAL_Driver/Src/stm32f1xx_hal_tim.o"
arm-none-eabi-gcc "../Drivers/STM32F1xx_HAL_Driver/Src/stm32f1xx_hal_tim_ex.c" -mcpu=cortex-m3 -std=gnu11 -g3 -DDEBUG -DUSE_HAL_DRIVER -DSTM32F103x6 -c -I../Core/Inc -I../Drivers/STM32F1xx_HAL_Driver/Inc -I../Drivers/STM32F1xx_HAL_Driver/Inc/Legacy -I../Drivers/CMSIS/Device/ST/STM32F1xx/Include -I../Drivers/CMSIS/Include -O0 -ffunction-sections -fdata-sections -Wall -fstack-usage -MMD -MP -MF"Drivers/STM32F1xx_HAL_Driver/Src/stm32f1xx_hal_tim_ex.d" -MT"Drivers/STM32F1xx_HAL_Driver/Src/stm32f1xx_hal_tim_ex.o" --specs=nano.specs -mfloat-abi=soft -mthumb -o "Drivers/STM32F1xx_HAL_Driver/Src/stm32f1xx_hal_tim_ex.o"
arm-none-eabi-gcc -mcpu=cortex-m3 -g3 -DDEBUG -c -x assembler-with-cpp -MMD -MP -MF"Core/Startup/startup_stm32f103c6ux.d" -MT"Core/Startup/startup_stm32f103c6ux.o" --specs=nano.specs -mfloat-abi=soft -mthumb -o "Core/Startup/startup_stm32f103c6ux.o" "../Core/Startup/startup_stm32f103c6ux.s"
arm-none-eabi-gcc "../Core/Src/main.c" -mcpu=cortex-m3 -std=gnu11 -g3 -DDEBUG -DUSE_HAL_DRIVER -DSTM32F103x6 -c -I../Core/Inc -I../Drivers/STM32F1xx_HAL_Driver/Inc -I../Drivers/STM32F1xx_HAL_Driver/Inc/Legacy -I../Drivers/CMSIS/Device/ST/STM32F1xx/Include -I../Drivers/CMSIS/Include -O0 -ffunction-sections -fdata-sections -Wall -fstack-usage -MMD -MP -MF"Core/Src/main.d" -MT"Core/Src/main.o" --specs=nano.specs -mfloat-abi=soft -mthumb -o "Core/Src/main.o"
arm-none-eabi-gcc "../Core/Src/stm32f1xx_hal_msp.c" -mcpu=cortex-m3 -std=gnu11 -g3 -DDEBUG -DUSE_HAL_DRIVER -DSTM32F103x6 -c -I../Core/Inc -I../Drivers/STM32F1xx_HAL_Driver/Inc -I../Drivers/STM32F1xx_HAL_Driver/Inc/Legacy -I../Drivers/CMSIS/Device/ST/STM32F1xx/Include -I../Drivers/CMSIS/Include -O0 -ffunction-sections -fdata-sections -Wall -fstack-usage -MMD -MP -MF"Core/Src/stm32f1xx_hal_msp.d" -MT"Core/Src/stm32f1xx_hal_msp.o" --specs=nano.specs -mfloat-abi=soft -mthumb -o "Core/Src/stm32f1xx_hal_msp.o"
../Core/Src/main.c: In function 'main':
../Core/Src/main.c:67:52: error: 'GP' undeclared (first use in this function)
   67 |  HAL_GPIO_WritePin(LED_RED_GPIO_Port, LED_RED_Pin, GP)
      |                                                    ^~
../Core/Src/main.c:67:52: note: each undeclared identifier is reported only once for each function it appears in
../Core/Src/main.c:67:55: error: expected ';' before 'HAL_Init'
   67 |  HAL_GPIO_WritePin(LED_RED_GPIO_Port, LED_RED_Pin, GP)
      |                                                       ^
      |                                                       ;
......
   73 |   HAL_Init();
      |   ~~~~~~~~                                             
make: *** [Core/Src/subdir.mk:34: Core/Src/main.o] Error 1
make: *** Waiting for unfinished jobs....
"make -j8 all" terminated with exit code 2. Build might be incomplete.
19:14:10 **** Incremental Build of configuration Debug for project lab1_STM ****
make -j8 all 
arm-none-eabi-gcc "../Core/Src/main.c" -mcpu=cortex-m3 -std=gnu11 -g3 -DDEBUG -DUSE_HAL_DRIVER -DSTM32F103x6 -c -I../Core/Inc -I../Drivers/STM32F1xx_HAL_Driver/Inc -I../Drivers/STM32F1xx_HAL_Driver/Inc/Legacy -I../Drivers/CMSIS/Device/ST/STM32F1xx/Include -I../Drivers/CMSIS/Include -O0 -ffunction-sections -fdata-sections -Wall -fstack-usage -MMD -MP -MF"Core/Src/main.d" -MT"Core/Src/main.o" --specs=nano.specs -mfloat-abi=soft -mthumb -o "Core/Src/main.o"
arm-none-eabi-gcc "../Core/Src/stm32f1xx_it.c" -mcpu=cortex-m3 -std=gnu11 -g3 -DDEBUG -DUSE_HAL_DRIVER -DSTM32F103x6 -c -I../Core/Inc -I../Drivers/STM32F1xx_HAL_Driver/Inc -I../Drivers/STM32F1xx_HAL_Driver/Inc/Legacy -I../Drivers/CMSIS/Device/ST/STM32F1xx/Include -I../Drivers/CMSIS/Include -O0 -ffunction-sections -fdata-sections -Wall -fstack-usage -MMD -MP -MF"Core/Src/stm32f1xx_it.d" -MT"Core/Src/stm32f1xx_it.o" --specs=nano.specs -mfloat-abi=soft -mthumb -o "Core/Src/stm32f1xx_it.o"
arm-none-eabi-gcc "../Core/Src/syscalls.c" -mcpu=cortex-m3 -std=gnu11 -g3 -DDEBUG -DUSE_HAL_DRIVER -DSTM32F103x6 -c -I../Core/Inc -I../Drivers/STM32F1xx_HAL_Driver/Inc -I../Drivers/STM32F1xx_HAL_Driver/Inc/Legacy -I../Drivers/CMSIS/Device/ST/STM32F1xx/Include -I../Drivers/CMSIS/Include -O0 -ffunction-sections -fdata-sections -Wall -fstack-usage -MMD -MP -MF"Core/Src/syscalls.d" -MT"Core/Src/syscalls.o" --specs=nano.specs -mfloat-abi=soft -mthumb -o "Core/Src/syscalls.o"
arm-none-eabi-gcc "../Core/Src/sysmem.c" -mcpu=cortex-m3 -std=gnu11 -g3 -DDEBUG -DUSE_HAL_DRIVER -DSTM32F103x6 -c -I../Core/Inc -I../Drivers/STM32F1xx_HAL_Driver/Inc -I../Drivers/STM32F1xx_HAL_Driver/Inc/Legacy -I../Drivers/CMSIS/Device/ST/STM32F1xx/Include -I../Drivers/CMSIS/Include -O0 -ffunction-sections -fdata-sections -Wall -fstack-usage -MMD -MP -MF"Core/Src/sysmem.d" -MT"Core/Src/sysmem.o" --specs=nano.specs -mfloat-abi=soft -mthumb -o "Core/Src/sysmem.o"
arm-none-eabi-gcc "../Core/Src/system_stm32f1xx.c" -mcpu=cortex-m3 -std=gnu11 -g3 -DDEBUG -DUSE_HAL_DRIVER -DSTM32F103x6 -c -I../Core/Inc -I../Drivers/STM32F1xx_HAL_Driver/Inc -I../Drivers/STM32F1xx_HAL_Driver/Inc/Legacy -I../Drivers/CMSIS/Device/ST/STM32F1xx/Include -I../Drivers/CMSIS/Include -O0 -ffunction-sections -fdata-sections -Wall -fstack-usage -MMD -MP -MF"Core/Src/system_stm32f1xx.d" -MT"Core/Src/system_stm32f1xx.o" --specs=nano.specs -mfloat-abi=soft -mthumb -o "Core/Src/system_stm32f1xx.o"
arm-none-eabi-gcc -o "lab1_STM.elf" @"objects.list"   -mcpu=cortex-m3 -T"D:\learnin\vixuli-dieukhien\Lab\Lab1\lab1_STM\STM32F103C6UX_FLASH.ld" --specs=nosys.specs -Wl,-Map="lab1_STM.map" -Wl,--gc-sections -static --specs=nano.specs -mfloat-abi=soft -mthumb -Wl,--start-group -lc -lm -Wl,--end-group
Finished building target: lab1_STM.elf
 
arm-none-eabi-size   lab1_STM.elf 
arm-none-eabi-objdump -h -S  lab1_STM.elf  > "lab1_STM.list"
arm-none-eabi-objcopy  -O binary  lab1_STM.elf  "lab1_STM.bin"
   text	   data	    bss	    dec	    hex	filename
   4560	     20	   1572	   6152	   1808	lab1_STM.elf
Finished building: default.size.stdout
 
Finished building: lab1_STM.bin
Finished building: lab1_STM.list
 
 
19:14:31 **** Incremental Build of configuration Debug for project lab1_STM ****
make -j8 all 
arm-none-eabi-gcc "../Core/Src/main.c" -mcpu=cortex-m3 -std=gnu11 -g3 -DDEBUG -DUSE_HAL_DRIVER -DSTM32F103x6 -c -I../Core/Inc -I../Drivers/STM32F1xx_HAL_Driver/Inc -I../Drivers/STM32F1xx_HAL_Driver/Inc/Legacy -I../Drivers/CMSIS/Device/ST/STM32F1xx/Include -I../Drivers/CMSIS/Include -O0 -ffunction-sections -fdata-sections -Wall -fstack-usage -MMD -MP -MF"Core/Src/main.d" -MT"Core/Src/main.o" --specs=nano.specs -mfloat-abi=soft -mthumb -o "Core/Src/main.o"
../Core/Src/main.c: In function 'main':
../Core/Src/main.c:115:4: warning: implicit declaration of function 'delay' [-Wimplicit-function-declaration]
  115 |    delay(1000);
      |    ^~~~~
arm-none-eabi-gcc -o "lab1_STM.elf" @"objects.list"   -mcpu=cortex-m3 -T"D:\learnin\vixuli-dieukhien\Lab\Lab1\lab1_STM\STM32F103C6UX_FLASH.ld" --specs=nosys.specs -Wl,-Map="lab1_STM.map" -Wl,--gc-sections -static --specs=nano.specs -mfloat-abi=soft -mthumb -Wl,--start-group -lc -lm -Wl,--end-group
d:\programs\stm32cubeide_1.7.0\stm32cubeide\plugins\com.st.stm32cube.ide.mcu.externaltools.gnu-tools-for-stm32.9-2020-q2-update.win32_2.0.0.202105311346\tools\arm-none-eabi\bin\ld.exe: ./Core/Src/main.o: in function `main':
D:/learnin/vixuli-dieukhien/Lab/Lab1/lab1_STM/Debug/../Core/Src/main.c:115: undefined reference to `delay'
collect2.exe: error: ld returned 1 exit status
make: *** [makefile:65: lab1_STM.elf] Error 1
"make -j8 all" terminated with exit code 2. Build might be incomplete.
19:14:51 **** Incremental Build of configuration Debug for project lab1_STM ****
make -j8 all 
arm-none-eabi-gcc "../Core/Src/main.c" -mcpu=cortex-m3 -std=gnu11 -g3 -DDEBUG -DUSE_HAL_DRIVER -DSTM32F103x6 -c -I../Core/Inc -I../Drivers/STM32F1xx_HAL_Driver/Inc -I../Drivers/STM32F1xx_HAL_Driver/Inc/Legacy -I../Drivers/CMSIS/Device/ST/STM32F1xx/Include -I../Drivers/CMSIS/Include -O0 -ffunction-sections -fdata-sections -Wall -fstack-usage -MMD -MP -MF"Core/Src/main.d" -MT"Core/Src/main.o" --specs=nano.specs -mfloat-abi=soft -mthumb -o "Core/Src/main.o"
arm-none-eabi-gcc -o "lab1_STM.elf" @"objects.list"   -mcpu=cortex-m3 -T"D:\learnin\vixuli-dieukhien\Lab\Lab1\lab1_STM\STM32F103C6UX_FLASH.ld" --specs=nosys.specs -Wl,-Map="lab1_STM.map" -Wl,--gc-sections -static --specs=nano.specs -mfloat-abi=soft -mthumb -Wl,--start-group -lc -lm -Wl,--end-group
Finished building target: lab1_STM.elf
 
arm-none-eabi-size   lab1_STM.elf 
arm-none-eabi-objdump -h -S  lab1_STM.elf  > "lab1_STM.list"
arm-none-eabi-objcopy  -O binary  lab1_STM.elf  "lab1_STM.bin"
   text	   data	    bss	    dec	    hex	filename
   4560	     20	   1572	   6152	   1808	lab1_STM.elf
Finished building: default.size.stdout
 
Finished building: lab1_STM.bin
Finished building: lab1_STM.list
 
 
19:31:01 **** Incremental Build of configuration Debug for project lab1_STM ****
make -j8 all 
arm-none-eabi-gcc -o "lab1_STM.elf" @"objects.list"   -mcpu=cortex-m3 -T"D:\learnin\vixuli-dieukhien\Lab\Lab1\lab1_STM\STM32F103C6UX_FLASH.ld" --specs=nosys.specs -Wl,-Map="lab1_STM.map" -Wl,--gc-sections -static --specs=nano.specs -mfloat-abi=soft -mthumb -Wl,--start-group -lc -lm -Wl,--end-group
Finished building target: lab1_STM.elf
 
arm-none-eabi-size   lab1_STM.elf 
arm-none-eabi-objdump -h -S  lab1_STM.elf  > "lab1_STM.list"
arm-none-eabi-objcopy  -O ihex  lab1_STM.elf  "lab1_STM.hex"
arm-none-eabi-objcopy  -O binary  lab1_STM.elf  "lab1_STM.bin"
   text	   data	    bss	    dec	    hex	filename
   4560	     20	   1572	   6152	   1808	lab1_STM.elf
Finished building: default.size.stdout
 
Finished building: lab1_STM.hex
Finished building: lab1_STM.bin
Finished building: lab1_STM.list
 
 
 
19:32:21 **** Incremental Build of configuration Debug for project lab1_STM ****
make -j8 all 
arm-none-eabi-gcc "../Core/Src/main.c" -mcpu=cortex-m3 -std=gnu11 -g3 -DDEBUG -DUSE_HAL_DRIVER -DSTM32F103x6 -c -I../Core/Inc -I../Drivers/STM32F1xx_HAL_Driver/Inc -I../Drivers/STM32F1xx_HAL_Driver/Inc/Legacy -I../Drivers/CMSIS/Device/ST/STM32F1xx/Include -I../Drivers/CMSIS/Include -O0 -ffunction-sections -fdata-sections -Wall -fstack-usage -MMD -MP -MF"Core/Src/main.d" -MT"Core/Src/main.o" --specs=nano.specs -mfloat-abi=soft -mthumb -o "Core/Src/main.o"
arm-none-eabi-gcc -o "lab1_STM.elf" @"objects.list"   -mcpu=cortex-m3 -T"D:\learnin\vixuli-dieukhien\Lab\Lab1\lab1_STM\STM32F103C6UX_FLASH.ld" --specs=nosys.specs -Wl,-Map="lab1_STM.map" -Wl,--gc-sections -static --specs=nano.specs -mfloat-abi=soft -mthumb -Wl,--start-group -lc -lm -Wl,--end-group
Finished building target: lab1_STM.elf
 
arm-none-eabi-size   lab1_STM.elf 
arm-none-eabi-objdump -h -S  lab1_STM.elf  > "lab1_STM.list"
arm-none-eabi-objcopy  -O ihex  lab1_STM.elf  "lab1_STM.hex"
arm-none-eabi-objcopy  -O binary  lab1_STM.elf  "lab1_STM.bin"
   text	   data	    bss	    dec	    hex	filename
   4560	     20	   1572	   6152	   1808	lab1_STM.elf
Finished building: default.size.stdout
 
Finished building: lab1_STM.hex
Finished building: lab1_STM.bin
Finished building: lab1_STM.list
 
 
 
19:36:26 **** Incremental Build of configuration Debug for project lab1_STM ****
make -j8 all 
arm-none-eabi-gcc "../Core/Src/main.c" -mcpu=cortex-m3 -std=gnu11 -g3 -DDEBUG -DUSE_HAL_DRIVER -DSTM32F103x6 -c -I../Core/Inc -I../Drivers/STM32F1xx_HAL_Driver/Inc -I../Drivers/STM32F1xx_HAL_Driver/Inc/Legacy -I../Drivers/CMSIS/Device/ST/STM32F1xx/Include -I../Drivers/CMSIS/Include -O0 -ffunction-sections -fdata-sections -Wall -fstack-usage -MMD -MP -MF"Core/Src/main.d" -MT"Core/Src/main.o" --specs=nano.specs -mfloat-abi=soft -mthumb -o "Core/Src/main.o"
arm-none-eabi-gcc -o "lab1_STM.elf" @"objects.list"   -mcpu=cortex-m3 -T"D:\learnin\vixuli-dieukhien\Lab\Lab1\lab1_STM\STM32F103C6UX_FLASH.ld" --specs=nosys.specs -Wl,-Map="lab1_STM.map" -Wl,--gc-sections -static --specs=nano.specs -mfloat-abi=soft -mthumb -Wl,--start-group -lc -lm -Wl,--end-group
Finished building target: lab1_STM.elf
 
arm-none-eabi-size   lab1_STM.elf 
arm-none-eabi-objdump -h -S  lab1_STM.elf  > "lab1_STM.list"
arm-none-eabi-objcopy  -O ihex  lab1_STM.elf  "lab1_STM.hex"
arm-none-eabi-objcopy  -O binary  lab1_STM.elf  "lab1_STM.bin"
   text	   data	    bss	    dec	    hex	filename
   4640	     20	   1572	   6232	   1858	lab1_STM.elf
Finished building: default.size.stdout
 
Finished building: lab1_STM.hex
Finished building: lab1_STM.bin
Finished building: lab1_STM.list
 
 
 
19:38:52 **** Incremental Build of configuration Debug for project lab1_STM ****
make -j8 all 
arm-none-eabi-gcc "../Core/Src/main.c" -mcpu=cortex-m3 -std=gnu11 -g3 -DDEBUG -DUSE_HAL_DRIVER -DSTM32F103x6 -c -I../Core/Inc -I../Drivers/STM32F1xx_HAL_Driver/Inc -I../Drivers/STM32F1xx_HAL_Driver/Inc/Legacy -I../Drivers/CMSIS/Device/ST/STM32F1xx/Include -I../Drivers/CMSIS/Include -O0 -ffunction-sections -fdata-sections -Wall -fstack-usage -MMD -MP -MF"Core/Src/main.d" -MT"Core/Src/main.o" --specs=nano.specs -mfloat-abi=soft -mthumb -o "Core/Src/main.o"
arm-none-eabi-gcc -o "lab1_STM.elf" @"objects.list"   -mcpu=cortex-m3 -T"D:\learnin\vixuli-dieukhien\Lab\Lab1\lab1_STM\STM32F103C6UX_FLASH.ld" --specs=nosys.specs -Wl,-Map="lab1_STM.map" -Wl,--gc-sections -static --specs=nano.specs -mfloat-abi=soft -mthumb -Wl,--start-group -lc -lm -Wl,--end-group
Finished building target: lab1_STM.elf
 
arm-none-eabi-size   lab1_STM.elf 
arm-none-eabi-objdump -h -S  lab1_STM.elf  > "lab1_STM.list"
arm-none-eabi-objcopy  -O ihex  lab1_STM.elf  "lab1_STM.hex"
arm-none-eabi-objcopy  -O binary  lab1_STM.elf  "lab1_STM.bin"
   text	   data	    bss	    dec	    hex	filename
   4640	     20	   1572	   6232	   1858	lab1_STM.elf
Finished building: default.size.stdout
 
Finished building: lab1_STM.hex
Finished building: lab1_STM.bin
Finished building: lab1_STM.list
 
 
 
19:40:12 **** Incremental Build of configuration Debug for project lab1_STM ****
make -j8 all 
arm-none-eabi-gcc "../Core/Src/main.c" -mcpu=cortex-m3 -std=gnu11 -g3 -DDEBUG -DUSE_HAL_DRIVER -DSTM32F103x6 -c -I../Core/Inc -I../Drivers/STM32F1xx_HAL_Driver/Inc -I../Drivers/STM32F1xx_HAL_Driver/Inc/Legacy -I../Drivers/CMSIS/Device/ST/STM32F1xx/Include -I../Drivers/CMSIS/Include -O0 -ffunction-sections -fdata-sections -Wall -fstack-usage -MMD -MP -MF"Core/Src/main.d" -MT"Core/Src/main.o" --specs=nano.specs -mfloat-abi=soft -mthumb -o "Core/Src/main.o"
arm-none-eabi-gcc -o "lab1_STM.elf" @"objects.list"   -mcpu=cortex-m3 -T"D:\learnin\vixuli-dieukhien\Lab\Lab1\lab1_STM\STM32F103C6UX_FLASH.ld" --specs=nosys.specs -Wl,-Map="lab1_STM.map" -Wl,--gc-sections -static --specs=nano.specs -mfloat-abi=soft -mthumb -Wl,--start-group -lc -lm -Wl,--end-group
Finished building target: lab1_STM.elf
 
arm-none-eabi-size   lab1_STM.elf 
arm-none-eabi-objdump -h -S  lab1_STM.elf  > "lab1_STM.list"
arm-none-eabi-objcopy  -O ihex  lab1_STM.elf  "lab1_STM.hex"
arm-none-eabi-objcopy  -O binary  lab1_STM.elf  "lab1_STM.bin"
   text	   data	    bss	    dec	    hex	filename
   4640	     20	   1572	   6232	   1858	lab1_STM.elf
Finished building: default.size.stdout
 
Finished building: lab1_STM.hex
Finished building: lab1_STM.bin
Finished building: lab1_STM.list
 
 
 
19:40:58 **** Incremental Build of configuration Debug for project lab1_STM ****
make -j8 all 
arm-none-eabi-gcc "../Core/Src/main.c" -mcpu=cortex-m3 -std=gnu11 -g3 -DDEBUG -DUSE_HAL_DRIVER -DSTM32F103x6 -c -I../Core/Inc -I../Drivers/STM32F1xx_HAL_Driver/Inc -I../Drivers/STM32F1xx_HAL_Driver/Inc/Legacy -I../Drivers/CMSIS/Device/ST/STM32F1xx/Include -I../Drivers/CMSIS/Include -O0 -ffunction-sections -fdata-sections -Wall -fstack-usage -MMD -MP -MF"Core/Src/main.d" -MT"Core/Src/main.o" --specs=nano.specs -mfloat-abi=soft -mthumb -o "Core/Src/main.o"
arm-none-eabi-gcc -o "lab1_STM.elf" @"objects.list"   -mcpu=cortex-m3 -T"D:\learnin\vixuli-dieukhien\Lab\Lab1\lab1_STM\STM32F103C6UX_FLASH.ld" --specs=nosys.specs -Wl,-Map="lab1_STM.map" -Wl,--gc-sections -static --specs=nano.specs -mfloat-abi=soft -mthumb -Wl,--start-group -lc -lm -Wl,--end-group
Finished building target: lab1_STM.elf
 
arm-none-eabi-size   lab1_STM.elf 
arm-none-eabi-objdump -h -S  lab1_STM.elf  > "lab1_STM.list"
arm-none-eabi-objcopy  -O ihex  lab1_STM.elf  "lab1_STM.hex"
arm-none-eabi-objcopy  -O binary  lab1_STM.elf  "lab1_STM.bin"
   text	   data	    bss	    dec	    hex	filename
   4640	     20	   1572	   6232	   1858	lab1_STM.elf
Finished building: default.size.stdout
 
Finished building: lab1_STM.hex
Finished building: lab1_STM.bin
Finished building: lab1_STM.list
 
 
 
19:43:07 **** Incremental Build of configuration Debug for project lab1_STM ****
make -j8 all 
arm-none-eabi-gcc "../Core/Src/main.c" -mcpu=cortex-m3 -std=gnu11 -g3 -DDEBUG -DUSE_HAL_DRIVER -DSTM32F103x6 -c -I../Core/Inc -I../Drivers/STM32F1xx_HAL_Driver/Inc -I../Drivers/STM32F1xx_HAL_Driver/Inc/Legacy -I../Drivers/CMSIS/Device/ST/STM32F1xx/Include -I../Drivers/CMSIS/Include -O0 -ffunction-sections -fdata-sections -Wall -fstack-usage -MMD -MP -MF"Core/Src/main.d" -MT"Core/Src/main.o" --specs=nano.specs -mfloat-abi=soft -mthumb -o "Core/Src/main.o"
arm-none-eabi-gcc -o "lab1_STM.elf" @"objects.list"   -mcpu=cortex-m3 -T"D:\learnin\vixuli-dieukhien\Lab\Lab1\lab1_STM\STM32F103C6UX_FLASH.ld" --specs=nosys.specs -Wl,-Map="lab1_STM.map" -Wl,--gc-sections -static --specs=nano.specs -mfloat-abi=soft -mthumb -Wl,--start-group -lc -lm -Wl,--end-group
Finished building target: lab1_STM.elf
 
arm-none-eabi-size   lab1_STM.elf 
arm-none-eabi-objdump -h -S  lab1_STM.elf  > "lab1_STM.list"
arm-none-eabi-objcopy  -O ihex  lab1_STM.elf  "lab1_STM.hex"
arm-none-eabi-objcopy  -O binary  lab1_STM.elf  "lab1_STM.bin"
   text	   data	    bss	    dec	    hex	filename
   4640	     20	   1572	   6232	   1858	lab1_STM.elf
Finished building: default.size.stdout
 
Finished building: lab1_STM.hex
Finished building: lab1_STM.bin
Finished building: lab1_STM.list
 
 
 
19:43:55 **** Incremental Build of configuration Debug for project lab1_STM ****
make -j8 all 
arm-none-eabi-gcc "../Core/Src/main.c" -mcpu=cortex-m3 -std=gnu11 -g3 -DDEBUG -DUSE_HAL_DRIVER -DSTM32F103x6 -c -I../Core/Inc -I../Drivers/STM32F1xx_HAL_Driver/Inc -I../Drivers/STM32F1xx_HAL_Driver/Inc/Legacy -I../Drivers/CMSIS/Device/ST/STM32F1xx/Include -I../Drivers/CMSIS/Include -O0 -ffunction-sections -fdata-sections -Wall -fstack-usage -MMD -MP -MF"Core/Src/main.d" -MT"Core/Src/main.o" --specs=nano.specs -mfloat-abi=soft -mthumb -o "Core/Src/main.o"
arm-none-eabi-gcc -o "lab1_STM.elf" @"objects.list"   -mcpu=cortex-m3 -T"D:\learnin\vixuli-dieukhien\Lab\Lab1\lab1_STM\STM32F103C6UX_FLASH.ld" --specs=nosys.specs -Wl,-Map="lab1_STM.map" -Wl,--gc-sections -static --specs=nano.specs -mfloat-abi=soft -mthumb -Wl,--start-group -lc -lm -Wl,--end-group
Finished building target: lab1_STM.elf
 
arm-none-eabi-size   lab1_STM.elf 
arm-none-eabi-objdump -h -S  lab1_STM.elf  > "lab1_STM.list"
arm-none-eabi-objcopy  -O ihex  lab1_STM.elf  "lab1_STM.hex"
arm-none-eabi-objcopy  -O binary  lab1_STM.elf  "lab1_STM.bin"
   text	   data	    bss	    dec	    hex	filename
   4640	     20	   1572	   6232	   1858	lab1_STM.elf
Finished building: default.size.stdout
 
Finished building: lab1_STM.hex
Finished building: lab1_STM.bin
Finished building: lab1_STM.list
 
 
 
19:54:49 **** Incremental Build of configuration Debug for project lab1_STM ****
make -j8 all 
arm-none-eabi-gcc "../Drivers/STM32F1xx_HAL_Driver/Src/stm32f1xx_hal.c" -mcpu=cortex-m3 -std=gnu11 -g3 -DDEBUG -DUSE_HAL_DRIVER -DSTM32F103x6 -c -I../Core/Inc -I../Drivers/STM32F1xx_HAL_Driver/Inc -I../Drivers/STM32F1xx_HAL_Driver/Inc/Legacy -I../Drivers/CMSIS/Device/ST/STM32F1xx/Include -I../Drivers/CMSIS/Include -O0 -ffunction-sections -fdata-sections -Wall -fstack-usage -MMD -MP -MF"Drivers/STM32F1xx_HAL_Driver/Src/stm32f1xx_hal.d" -MT"Drivers/STM32F1xx_HAL_Driver/Src/stm32f1xx_hal.o" --specs=nano.specs -mfloat-abi=soft -mthumb -o "Drivers/STM32F1xx_HAL_Driver/Src/stm32f1xx_hal.o"
arm-none-eabi-gcc "../Drivers/STM32F1xx_HAL_Driver/Src/stm32f1xx_hal_cortex.c" -mcpu=cortex-m3 -std=gnu11 -g3 -DDEBUG -DUSE_HAL_DRIVER -DSTM32F103x6 -c -I../Core/Inc -I../Drivers/STM32F1xx_HAL_Driver/Inc -I../Drivers/STM32F1xx_HAL_Driver/Inc/Legacy -I../Drivers/CMSIS/Device/ST/STM32F1xx/Include -I../Drivers/CMSIS/Include -O0 -ffunction-sections -fdata-sections -Wall -fstack-usage -MMD -MP -MF"Drivers/STM32F1xx_HAL_Driver/Src/stm32f1xx_hal_cortex.d" -MT"Drivers/STM32F1xx_HAL_Driver/Src/stm32f1xx_hal_cortex.o" --specs=nano.specs -mfloat-abi=soft -mthumb -o "Drivers/STM32F1xx_HAL_Driver/Src/stm32f1xx_hal_cortex.o"
arm-none-eabi-gcc "../Drivers/STM32F1xx_HAL_Driver/Src/stm32f1xx_hal_dma.c" -mcpu=cortex-m3 -std=gnu11 -g3 -DDEBUG -DUSE_HAL_DRIVER -DSTM32F103x6 -c -I../Core/Inc -I../Drivers/STM32F1xx_HAL_Driver/Inc -I../Drivers/STM32F1xx_HAL_Driver/Inc/Legacy -I../Drivers/CMSIS/Device/ST/STM32F1xx/Include -I../Drivers/CMSIS/Include -O0 -ffunction-sections -fdata-sections -Wall -fstack-usage -MMD -MP -MF"Drivers/STM32F1xx_HAL_Driver/Src/stm32f1xx_hal_dma.d" -MT"Drivers/STM32F1xx_HAL_Driver/Src/stm32f1xx_hal_dma.o" --specs=nano.specs -mfloat-abi=soft -mthumb -o "Drivers/STM32F1xx_HAL_Driver/Src/stm32f1xx_hal_dma.o"
arm-none-eabi-gcc "../Drivers/STM32F1xx_HAL_Driver/Src/stm32f1xx_hal_exti.c" -mcpu=cortex-m3 -std=gnu11 -g3 -DDEBUG -DUSE_HAL_DRIVER -DSTM32F103x6 -c -I../Core/Inc -I../Drivers/STM32F1xx_HAL_Driver/Inc -I../Drivers/STM32F1xx_HAL_Driver/Inc/Legacy -I../Drivers/CMSIS/Device/ST/STM32F1xx/Include -I../Drivers/CMSIS/Include -O0 -ffunction-sections -fdata-sections -Wall -fstack-usage -MMD -MP -MF"Drivers/STM32F1xx_HAL_Driver/Src/stm32f1xx_hal_exti.d" -MT"Drivers/STM32F1xx_HAL_Driver/Src/stm32f1xx_hal_exti.o" --specs=nano.specs -mfloat-abi=soft -mthumb -o "Drivers/STM32F1xx_HAL_Driver/Src/stm32f1xx_hal_exti.o"
arm-none-eabi-gcc "../Drivers/STM32F1xx_HAL_Driver/Src/stm32f1xx_hal_flash.c" -mcpu=cortex-m3 -std=gnu11 -g3 -DDEBUG -DUSE_HAL_DRIVER -DSTM32F103x6 -c -I../Core/Inc -I../Drivers/STM32F1xx_HAL_Driver/Inc -I../Drivers/STM32F1xx_HAL_Driver/Inc/Legacy -I../Drivers/CMSIS/Device/ST/STM32F1xx/Include -I../Drivers/CMSIS/Include -O0 -ffunction-sections -fdata-sections -Wall -fstack-usage -MMD -MP -MF"Drivers/STM32F1xx_HAL_Driver/Src/stm32f1xx_hal_flash.d" -MT"Drivers/STM32F1xx_HAL_Driver/Src/stm32f1xx_hal_flash.o" --specs=nano.specs -mfloat-abi=soft -mthumb -o "Drivers/STM32F1xx_HAL_Driver/Src/stm32f1xx_hal_flash.o"
arm-none-eabi-gcc "../Drivers/STM32F1xx_HAL_Driver/Src/stm32f1xx_hal_flash_ex.c" -mcpu=cortex-m3 -std=gnu11 -g3 -DDEBUG -DUSE_HAL_DRIVER -DSTM32F103x6 -c -I../Core/Inc -I../Drivers/STM32F1xx_HAL_Driver/Inc -I../Drivers/STM32F1xx_HAL_Driver/Inc/Legacy -I../Drivers/CMSIS/Device/ST/STM32F1xx/Include -I../Drivers/CMSIS/Include -O0 -ffunction-sections -fdata-sections -Wall -fstack-usage -MMD -MP -MF"Drivers/STM32F1xx_HAL_Driver/Src/stm32f1xx_hal_flash_ex.d" -MT"Drivers/STM32F1xx_HAL_Driver/Src/stm32f1xx_hal_flash_ex.o" --specs=nano.specs -mfloat-abi=soft -mthumb -o "Drivers/STM32F1xx_HAL_Driver/Src/stm32f1xx_hal_flash_ex.o"
arm-none-eabi-gcc "../Drivers/STM32F1xx_HAL_Driver/Src/stm32f1xx_hal_gpio.c" -mcpu=cortex-m3 -std=gnu11 -g3 -DDEBUG -DUSE_HAL_DRIVER -DSTM32F103x6 -c -I../Core/Inc -I../Drivers/STM32F1xx_HAL_Driver/Inc -I../Drivers/STM32F1xx_HAL_Driver/Inc/Legacy -I../Drivers/CMSIS/Device/ST/STM32F1xx/Include -I../Drivers/CMSIS/Include -O0 -ffunction-sections -fdata-sections -Wall -fstack-usage -MMD -MP -MF"Drivers/STM32F1xx_HAL_Driver/Src/stm32f1xx_hal_gpio.d" -MT"Drivers/STM32F1xx_HAL_Driver/Src/stm32f1xx_hal_gpio.o" --specs=nano.specs -mfloat-abi=soft -mthumb -o "Drivers/STM32F1xx_HAL_Driver/Src/stm32f1xx_hal_gpio.o"
arm-none-eabi-gcc "../Drivers/STM32F1xx_HAL_Driver/Src/stm32f1xx_hal_gpio_ex.c" -mcpu=cortex-m3 -std=gnu11 -g3 -DDEBUG -DUSE_HAL_DRIVER -DSTM32F103x6 -c -I../Core/Inc -I../Drivers/STM32F1xx_HAL_Driver/Inc -I../Drivers/STM32F1xx_HAL_Driver/Inc/Legacy -I../Drivers/CMSIS/Device/ST/STM32F1xx/Include -I../Drivers/CMSIS/Include -O0 -ffunction-sections -fdata-sections -Wall -fstack-usage -MMD -MP -MF"Drivers/STM32F1xx_HAL_Driver/Src/stm32f1xx_hal_gpio_ex.d" -MT"Drivers/STM32F1xx_HAL_Driver/Src/stm32f1xx_hal_gpio_ex.o" --specs=nano.specs -mfloat-abi=soft -mthumb -o "Drivers/STM32F1xx_HAL_Driver/Src/stm32f1xx_hal_gpio_ex.o"
arm-none-eabi-gcc "../Drivers/STM32F1xx_HAL_Driver/Src/stm32f1xx_hal_pwr.c" -mcpu=cortex-m3 -std=gnu11 -g3 -DDEBUG -DUSE_HAL_DRIVER -DSTM32F103x6 -c -I../Core/Inc -I../Drivers/STM32F1xx_HAL_Driver/Inc -I../Drivers/STM32F1xx_HAL_Driver/Inc/Legacy -I../Drivers/CMSIS/Device/ST/STM32F1xx/Include -I../Drivers/CMSIS/Include -O0 -ffunction-sections -fdata-sections -Wall -fstack-usage -MMD -MP -MF"Drivers/STM32F1xx_HAL_Driver/Src/stm32f1xx_hal_pwr.d" -MT"Drivers/STM32F1xx_HAL_Driver/Src/stm32f1xx_hal_pwr.o" --specs=nano.specs -mfloat-abi=soft -mthumb -o "Drivers/STM32F1xx_HAL_Driver/Src/stm32f1xx_hal_pwr.o"
arm-none-eabi-gcc "../Drivers/STM32F1xx_HAL_Driver/Src/stm32f1xx_hal_rcc.c" -mcpu=cortex-m3 -std=gnu11 -g3 -DDEBUG -DUSE_HAL_DRIVER -DSTM32F103x6 -c -I../Core/Inc -I../Drivers/STM32F1xx_HAL_Driver/Inc -I../Drivers/STM32F1xx_HAL_Driver/Inc/Legacy -I../Drivers/CMSIS/Device/ST/STM32F1xx/Include -I../Drivers/CMSIS/Include -O0 -ffunction-sections -fdata-sections -Wall -fstack-usage -MMD -MP -MF"Drivers/STM32F1xx_HAL_Driver/Src/stm32f1xx_hal_rcc.d" -MT"Drivers/STM32F1xx_HAL_Driver/Src/stm32f1xx_hal_rcc.o" --specs=nano.specs -mfloat-abi=soft -mthumb -o "Drivers/STM32F1xx_HAL_Driver/Src/stm32f1xx_hal_rcc.o"
arm-none-eabi-gcc "../Drivers/STM32F1xx_HAL_Driver/Src/stm32f1xx_hal_rcc_ex.c" -mcpu=cortex-m3 -std=gnu11 -g3 -DDEBUG -DUSE_HAL_DRIVER -DSTM32F103x6 -c -I../Core/Inc -I../Drivers/STM32F1xx_HAL_Driver/Inc -I../Drivers/STM32F1xx_HAL_Driver/Inc/Legacy -I../Drivers/CMSIS/Device/ST/STM32F1xx/Include -I../Drivers/CMSIS/Include -O0 -ffunction-sections -fdata-sections -Wall -fstack-usage -MMD -MP -MF"Drivers/STM32F1xx_HAL_Driver/Src/stm32f1xx_hal_rcc_ex.d" -MT"Drivers/STM32F1xx_HAL_Driver/Src/stm32f1xx_hal_rcc_ex.o" --specs=nano.specs -mfloat-abi=soft -mthumb -o "Drivers/STM32F1xx_HAL_Driver/Src/stm32f1xx_hal_rcc_ex.o"
arm-none-eabi-gcc "../Drivers/STM32F1xx_HAL_Driver/Src/stm32f1xx_hal_tim.c" -mcpu=cortex-m3 -std=gnu11 -g3 -DDEBUG -DUSE_HAL_DRIVER -DSTM32F103x6 -c -I../Core/Inc -I../Drivers/STM32F1xx_HAL_Driver/Inc -I../Drivers/STM32F1xx_HAL_Driver/Inc/Legacy -I../Drivers/CMSIS/Device/ST/STM32F1xx/Include -I../Drivers/CMSIS/Include -O0 -ffunction-sections -fdata-sections -Wall -fstack-usage -MMD -MP -MF"Drivers/STM32F1xx_HAL_Driver/Src/stm32f1xx_hal_tim.d" -MT"Drivers/STM32F1xx_HAL_Driver/Src/stm32f1xx_hal_tim.o" --specs=nano.specs -mfloat-abi=soft -mthumb -o "Drivers/STM32F1xx_HAL_Driver/Src/stm32f1xx_hal_tim.o"
arm-none-eabi-gcc "../Drivers/STM32F1xx_HAL_Driver/Src/stm32f1xx_hal_tim_ex.c" -mcpu=cortex-m3 -std=gnu11 -g3 -DDEBUG -DUSE_HAL_DRIVER -DSTM32F103x6 -c -I../Core/Inc -I../Drivers/STM32F1xx_HAL_Driver/Inc -I../Drivers/STM32F1xx_HAL_Driver/Inc/Legacy -I../Drivers/CMSIS/Device/ST/STM32F1xx/Include -I../Drivers/CMSIS/Include -O0 -ffunction-sections -fdata-sections -Wall -fstack-usage -MMD -MP -MF"Drivers/STM32F1xx_HAL_Driver/Src/stm32f1xx_hal_tim_ex.d" -MT"Drivers/STM32F1xx_HAL_Driver/Src/stm32f1xx_hal_tim_ex.o" --specs=nano.specs -mfloat-abi=soft -mthumb -o "Drivers/STM32F1xx_HAL_Driver/Src/stm32f1xx_hal_tim_ex.o"
arm-none-eabi-gcc "../Core/Src/main.c" -mcpu=cortex-m3 -std=gnu11 -g3 -DDEBUG -DUSE_HAL_DRIVER -DSTM32F103x6 -c -I../Core/Inc -I../Drivers/STM32F1xx_HAL_Driver/Inc -I../Drivers/STM32F1xx_HAL_Driver/Inc/Legacy -I../Drivers/CMSIS/Device/ST/STM32F1xx/Include -I../Drivers/CMSIS/Include -O0 -ffunction-sections -fdata-sections -Wall -fstack-usage -MMD -MP -MF"Core/Src/main.d" -MT"Core/Src/main.o" --specs=nano.specs -mfloat-abi=soft -mthumb -o "Core/Src/main.o"
arm-none-eabi-gcc "../Core/Src/stm32f1xx_hal_msp.c" -mcpu=cortex-m3 -std=gnu11 -g3 -DDEBUG -DUSE_HAL_DRIVER -DSTM32F103x6 -c -I../Core/Inc -I../Drivers/STM32F1xx_HAL_Driver/Inc -I../Drivers/STM32F1xx_HAL_Driver/Inc/Legacy -I../Drivers/CMSIS/Device/ST/STM32F1xx/Include -I../Drivers/CMSIS/Include -O0 -ffunction-sections -fdata-sections -Wall -fstack-usage -MMD -MP -MF"Core/Src/stm32f1xx_hal_msp.d" -MT"Core/Src/stm32f1xx_hal_msp.o" --specs=nano.specs -mfloat-abi=soft -mthumb -o "Core/Src/stm32f1xx_hal_msp.o"
arm-none-eabi-gcc "../Core/Src/stm32f1xx_it.c" -mcpu=cortex-m3 -std=gnu11 -g3 -DDEBUG -DUSE_HAL_DRIVER -DSTM32F103x6 -c -I../Core/Inc -I../Drivers/STM32F1xx_HAL_Driver/Inc -I../Drivers/STM32F1xx_HAL_Driver/Inc/Legacy -I../Drivers/CMSIS/Device/ST/STM32F1xx/Include -I../Drivers/CMSIS/Include -O0 -ffunction-sections -fdata-sections -Wall -fstack-usage -MMD -MP -MF"Core/Src/stm32f1xx_it.d" -MT"Core/Src/stm32f1xx_it.o" --specs=nano.specs -mfloat-abi=soft -mthumb -o "Core/Src/stm32f1xx_it.o"
arm-none-eabi-gcc "../Core/Src/system_stm32f1xx.c" -mcpu=cortex-m3 -std=gnu11 -g3 -DDEBUG -DUSE_HAL_DRIVER -DSTM32F103x6 -c -I../Core/Inc -I../Drivers/STM32F1xx_HAL_Driver/Inc -I../Drivers/STM32F1xx_HAL_Driver/Inc/Legacy -I../Drivers/CMSIS/Device/ST/STM32F1xx/Include -I../Drivers/CMSIS/Include -O0 -ffunction-sections -fdata-sections -Wall -fstack-usage -MMD -MP -MF"Core/Src/system_stm32f1xx.d" -MT"Core/Src/system_stm32f1xx.o" --specs=nano.specs -mfloat-abi=soft -mthumb -o "Core/Src/system_stm32f1xx.o"
arm-none-eabi-gcc -o "lab1_STM.elf" @"objects.list"   -mcpu=cortex-m3 -T"D:\learnin\vixuli-dieukhien\Lab\Lab1\lab1_STM\STM32F103C6UX_FLASH.ld" --specs=nosys.specs -Wl,-Map="lab1_STM.map" -Wl,--gc-sections -static --specs=nano.specs -mfloat-abi=soft -mthumb -Wl,--start-group -lc -lm -Wl,--end-group
Finished building target: lab1_STM.elf
 
arm-none-eabi-size   lab1_STM.elf 
arm-none-eabi-objdump -h -S  lab1_STM.elf  > "lab1_STM.list"
arm-none-eabi-objcopy  -O ihex  lab1_STM.elf  "lab1_STM.hex"
arm-none-eabi-objcopy  -O binary  lab1_STM.elf  "lab1_STM.bin"
   text	   data	    bss	    dec	    hex	filename
   4688	     20	   1572	   6280	   1888	lab1_STM.elf
Finished building: default.size.stdout
 
Finished building: lab1_STM.bin
Finished building: lab1_STM.hex
Finished building: lab1_STM.list
 
 
 
19:56:24 **** Incremental Build of configuration Debug for project lab1_STM ****
make -j8 all 
arm-none-eabi-gcc "../Core/Src/main.c" -mcpu=cortex-m3 -std=gnu11 -g3 -DDEBUG -DUSE_HAL_DRIVER -DSTM32F103x6 -c -I../Core/Inc -I../Drivers/STM32F1xx_HAL_Driver/Inc -I../Drivers/STM32F1xx_HAL_Driver/Inc/Legacy -I../Drivers/CMSIS/Device/ST/STM32F1xx/Include -I../Drivers/CMSIS/Include -O0 -ffunction-sections -fdata-sections -Wall -fstack-usage -MMD -MP -MF"Core/Src/main.d" -MT"Core/Src/main.o" --specs=nano.specs -mfloat-abi=soft -mthumb -o "Core/Src/main.o"
arm-none-eabi-gcc -o "lab1_STM.elf" @"objects.list"   -mcpu=cortex-m3 -T"D:\learnin\vixuli-dieukhien\Lab\Lab1\lab1_STM\STM32F103C6UX_FLASH.ld" --specs=nosys.specs -Wl,-Map="lab1_STM.map" -Wl,--gc-sections -static --specs=nano.specs -mfloat-abi=soft -mthumb -Wl,--start-group -lc -lm -Wl,--end-group
Finished building target: lab1_STM.elf
 
arm-none-eabi-size   lab1_STM.elf 
arm-none-eabi-objdump -h -S  lab1_STM.elf  > "lab1_STM.list"
arm-none-eabi-objcopy  -O ihex  lab1_STM.elf  "lab1_STM.hex"
arm-none-eabi-objcopy  -O binary  lab1_STM.elf  "lab1_STM.bin"
   text	   data	    bss	    dec	    hex	filename
   4688	     20	   1572	   6280	   1888	lab1_STM.elf
Finished building: default.size.stdout
 
Finished building: lab1_STM.hex
Finished building: lab1_STM.bin
Finished building: lab1_STM.list
 
 
 
19:57:24 **** Incremental Build of configuration Debug for project lab1_STM ****
make -j8 all 
arm-none-eabi-gcc "../Core/Src/main.c" -mcpu=cortex-m3 -std=gnu11 -g3 -DDEBUG -DUSE_HAL_DRIVER -DSTM32F103x6 -c -I../Core/Inc -I../Drivers/STM32F1xx_HAL_Driver/Inc -I../Drivers/STM32F1xx_HAL_Driver/Inc/Legacy -I../Drivers/CMSIS/Device/ST/STM32F1xx/Include -I../Drivers/CMSIS/Include -O0 -ffunction-sections -fdata-sections -Wall -fstack-usage -MMD -MP -MF"Core/Src/main.d" -MT"Core/Src/main.o" --specs=nano.specs -mfloat-abi=soft -mthumb -o "Core/Src/main.o"
arm-none-eabi-gcc -o "lab1_STM.elf" @"objects.list"   -mcpu=cortex-m3 -T"D:\learnin\vixuli-dieukhien\Lab\Lab1\lab1_STM\STM32F103C6UX_FLASH.ld" --specs=nosys.specs -Wl,-Map="lab1_STM.map" -Wl,--gc-sections -static --specs=nano.specs -mfloat-abi=soft -mthumb -Wl,--start-group -lc -lm -Wl,--end-group
Finished building target: lab1_STM.elf
 
arm-none-eabi-size   lab1_STM.elf 
arm-none-eabi-objdump -h -S  lab1_STM.elf  > "lab1_STM.list"
arm-none-eabi-objcopy  -O ihex  lab1_STM.elf  "lab1_STM.hex"
arm-none-eabi-objcopy  -O binary  lab1_STM.elf  "lab1_STM.bin"
   text	   data	    bss	    dec	    hex	filename
   4688	     20	   1572	   6280	   1888	lab1_STM.elf
Finished building: default.size.stdout
 
Finished building: lab1_STM.hex
Finished building: lab1_STM.bin
Finished building: lab1_STM.list
 
 
 
19:58:09 **** Incremental Build of configuration Debug for project lab1_STM ****
make -j8 all 
arm-none-eabi-gcc "../Core/Src/main.c" -mcpu=cortex-m3 -std=gnu11 -g3 -DDEBUG -DUSE_HAL_DRIVER -DSTM32F103x6 -c -I../Core/Inc -I../Drivers/STM32F1xx_HAL_Driver/Inc -I../Drivers/STM32F1xx_HAL_Driver/Inc/Legacy -I../Drivers/CMSIS/Device/ST/STM32F1xx/Include -I../Drivers/CMSIS/Include -O0 -ffunction-sections -fdata-sections -Wall -fstack-usage -MMD -MP -MF"Core/Src/main.d" -MT"Core/Src/main.o" --specs=nano.specs -mfloat-abi=soft -mthumb -o "Core/Src/main.o"
arm-none-eabi-gcc -o "lab1_STM.elf" @"objects.list"   -mcpu=cortex-m3 -T"D:\learnin\vixuli-dieukhien\Lab\Lab1\lab1_STM\STM32F103C6UX_FLASH.ld" --specs=nosys.specs -Wl,-Map="lab1_STM.map" -Wl,--gc-sections -static --specs=nano.specs -mfloat-abi=soft -mthumb -Wl,--start-group -lc -lm -Wl,--end-group
Finished building target: lab1_STM.elf
 
arm-none-eabi-size   lab1_STM.elf 
arm-none-eabi-objdump -h -S  lab1_STM.elf  > "lab1_STM.list"
arm-none-eabi-objcopy  -O ihex  lab1_STM.elf  "lab1_STM.hex"
arm-none-eabi-objcopy  -O binary  lab1_STM.elf  "lab1_STM.bin"
   text	   data	    bss	    dec	    hex	filename
   4688	     20	   1572	   6280	   1888	lab1_STM.elf
Finished building: default.size.stdout
 
Finished building: lab1_STM.hex
Finished building: lab1_STM.bin
Finished building: lab1_STM.list
 
 
 
19:59:38 **** Incremental Build of configuration Debug for project lab1_STM ****
make -j8 all 
arm-none-eabi-gcc "../Core/Src/main.c" -mcpu=cortex-m3 -std=gnu11 -g3 -DDEBUG -DUSE_HAL_DRIVER -DSTM32F103x6 -c -I../Core/Inc -I../Drivers/STM32F1xx_HAL_Driver/Inc -I../Drivers/STM32F1xx_HAL_Driver/Inc/Legacy -I../Drivers/CMSIS/Device/ST/STM32F1xx/Include -I../Drivers/CMSIS/Include -O0 -ffunction-sections -fdata-sections -Wall -fstack-usage -MMD -MP -MF"Core/Src/main.d" -MT"Core/Src/main.o" --specs=nano.specs -mfloat-abi=soft -mthumb -o "Core/Src/main.o"
arm-none-eabi-gcc -o "lab1_STM.elf" @"objects.list"   -mcpu=cortex-m3 -T"D:\learnin\vixuli-dieukhien\Lab\Lab1\lab1_STM\STM32F103C6UX_FLASH.ld" --specs=nosys.specs -Wl,-Map="lab1_STM.map" -Wl,--gc-sections -static --specs=nano.specs -mfloat-abi=soft -mthumb -Wl,--start-group -lc -lm -Wl,--end-group
Finished building target: lab1_STM.elf
 
arm-none-eabi-size   lab1_STM.elf 
arm-none-eabi-objdump -h -S  lab1_STM.elf  > "lab1_STM.list"
arm-none-eabi-objcopy  -O ihex  lab1_STM.elf  "lab1_STM.hex"
arm-none-eabi-objcopy  -O binary  lab1_STM.elf  "lab1_STM.bin"
   text	   data	    bss	    dec	    hex	filename
   4716	     20	   1572	   6308	   18a4	lab1_STM.elf
Finished building: default.size.stdout
 
Finished building: lab1_STM.hex
Finished building: lab1_STM.bin
Finished building: lab1_STM.list
 
 
 
20:00:26 **** Incremental Build of configuration Debug for project lab1_STM ****
make -j8 all 
arm-none-eabi-gcc "../Core/Src/main.c" -mcpu=cortex-m3 -std=gnu11 -g3 -DDEBUG -DUSE_HAL_DRIVER -DSTM32F103x6 -c -I../Core/Inc -I../Drivers/STM32F1xx_HAL_Driver/Inc -I../Drivers/STM32F1xx_HAL_Driver/Inc/Legacy -I../Drivers/CMSIS/Device/ST/STM32F1xx/Include -I../Drivers/CMSIS/Include -O0 -ffunction-sections -fdata-sections -Wall -fstack-usage -MMD -MP -MF"Core/Src/main.d" -MT"Core/Src/main.o" --specs=nano.specs -mfloat-abi=soft -mthumb -o "Core/Src/main.o"
arm-none-eabi-gcc -o "lab1_STM.elf" @"objects.list"   -mcpu=cortex-m3 -T"D:\learnin\vixuli-dieukhien\Lab\Lab1\lab1_STM\STM32F103C6UX_FLASH.ld" --specs=nosys.specs -Wl,-Map="lab1_STM.map" -Wl,--gc-sections -static --specs=nano.specs -mfloat-abi=soft -mthumb -Wl,--start-group -lc -lm -Wl,--end-group
Finished building target: lab1_STM.elf
 
arm-none-eabi-size   lab1_STM.elf 
arm-none-eabi-objdump -h -S  lab1_STM.elf  > "lab1_STM.list"
arm-none-eabi-objcopy  -O ihex  lab1_STM.elf  "lab1_STM.hex"
arm-none-eabi-objcopy  -O binary  lab1_STM.elf  "lab1_STM.bin"
   text	   data	    bss	    dec	    hex	filename
   4716	     20	   1572	   6308	   18a4	lab1_STM.elf
Finished building: default.size.stdout
 
Finished building: lab1_STM.hex
Finished building: lab1_STM.bin
Finished building: lab1_STM.list
 
 
 
20:02:25 **** Incremental Build of configuration Debug for project lab1_STM ****
make -j8 all 
arm-none-eabi-gcc "../Core/Src/main.c" -mcpu=cortex-m3 -std=gnu11 -g3 -DDEBUG -DUSE_HAL_DRIVER -DSTM32F103x6 -c -I../Core/Inc -I../Drivers/STM32F1xx_HAL_Driver/Inc -I../Drivers/STM32F1xx_HAL_Driver/Inc/Legacy -I../Drivers/CMSIS/Device/ST/STM32F1xx/Include -I../Drivers/CMSIS/Include -O0 -ffunction-sections -fdata-sections -Wall -fstack-usage -MMD -MP -MF"Core/Src/main.d" -MT"Core/Src/main.o" --specs=nano.specs -mfloat-abi=soft -mthumb -o "Core/Src/main.o"
arm-none-eabi-gcc -o "lab1_STM.elf" @"objects.list"   -mcpu=cortex-m3 -T"D:\learnin\vixuli-dieukhien\Lab\Lab1\lab1_STM\STM32F103C6UX_FLASH.ld" --specs=nosys.specs -Wl,-Map="lab1_STM.map" -Wl,--gc-sections -static --specs=nano.specs -mfloat-abi=soft -mthumb -Wl,--start-group -lc -lm -Wl,--end-group
Finished building target: lab1_STM.elf
 
arm-none-eabi-size   lab1_STM.elf 
arm-none-eabi-objdump -h -S  lab1_STM.elf  > "lab1_STM.list"
arm-none-eabi-objcopy  -O ihex  lab1_STM.elf  "lab1_STM.hex"
arm-none-eabi-objcopy  -O binary  lab1_STM.elf  "lab1_STM.bin"
   text	   data	    bss	    dec	    hex	filename
   4716	     20	   1572	   6308	   18a4	lab1_STM.elf
Finished building: default.size.stdout
 
Finished building: lab1_STM.hex
Finished building: lab1_STM.bin
Finished building: lab1_STM.list
 
 
 
20:03:03 **** Incremental Build of configuration Debug for project lab1_STM ****
make -j8 all 
arm-none-eabi-size   lab1_STM.elf 
   text	   data	    bss	    dec	    hex	filename
   4716	     20	   1572	   6308	   18a4	lab1_STM.elf
Finished building: default.size.stdout
 
20:05:00 **** Incremental Build of configuration Debug for project lab1_STM ****
make -j8 all 
arm-none-eabi-gcc "../Core/Src/main.c" -mcpu=cortex-m3 -std=gnu11 -g3 -DDEBUG -DUSE_HAL_DRIVER -DSTM32F103x6 -c -I../Core/Inc -I../Drivers/STM32F1xx_HAL_Driver/Inc -I../Drivers/STM32F1xx_HAL_Driver/Inc/Legacy -I../Drivers/CMSIS/Device/ST/STM32F1xx/Include -I../Drivers/CMSIS/Include -O0 -ffunction-sections -fdata-sections -Wall -fstack-usage -MMD -MP -MF"Core/Src/main.d" -MT"Core/Src/main.o" --specs=nano.specs -mfloat-abi=soft -mthumb -o "Core/Src/main.o"
arm-none-eabi-gcc -o "lab1_STM.elf" @"objects.list"   -mcpu=cortex-m3 -T"D:\learnin\vixuli-dieukhien\Lab\Lab1\lab1_STM\STM32F103C6UX_FLASH.ld" --specs=nosys.specs -Wl,-Map="lab1_STM.map" -Wl,--gc-sections -static --specs=nano.specs -mfloat-abi=soft -mthumb -Wl,--start-group -lc -lm -Wl,--end-group
Finished building target: lab1_STM.elf
 
arm-none-eabi-size   lab1_STM.elf 
arm-none-eabi-objdump -h -S  lab1_STM.elf  > "lab1_STM.list"
arm-none-eabi-objcopy  -O ihex  lab1_STM.elf  "lab1_STM.hex"
arm-none-eabi-objcopy  -O binary  lab1_STM.elf  "lab1_STM.bin"
   text	   data	    bss	    dec	    hex	filename
   4688	     20	   1572	   6280	   1888	lab1_STM.elf
Finished building: default.size.stdout
 
Finished building: lab1_STM.hex
Finished building: lab1_STM.bin
Finished building: lab1_STM.list
 
 
 
20:09:42 **** Incremental Build of configuration Debug for project lab1_STM ****
make -j8 all 
arm-none-eabi-gcc "../Core/Src/main.c" -mcpu=cortex-m3 -std=gnu11 -g3 -DDEBUG -DUSE_HAL_DRIVER -DSTM32F103x6 -c -I../Core/Inc -I../Drivers/STM32F1xx_HAL_Driver/Inc -I../Drivers/STM32F1xx_HAL_Driver/Inc/Legacy -I../Drivers/CMSIS/Device/ST/STM32F1xx/Include -I../Drivers/CMSIS/Include -O0 -ffunction-sections -fdata-sections -Wall -fstack-usage -MMD -MP -MF"Core/Src/main.d" -MT"Core/Src/main.o" --specs=nano.specs -mfloat-abi=soft -mthumb -o "Core/Src/main.o"
arm-none-eabi-gcc -o "lab1_STM.elf" @"objects.list"   -mcpu=cortex-m3 -T"D:\learnin\vixuli-dieukhien\Lab\Lab1\lab1_STM\STM32F103C6UX_FLASH.ld" --specs=nosys.specs -Wl,-Map="lab1_STM.map" -Wl,--gc-sections -static --specs=nano.specs -mfloat-abi=soft -mthumb -Wl,--start-group -lc -lm -Wl,--end-group
Finished building target: lab1_STM.elf
 
arm-none-eabi-size   lab1_STM.elf 
arm-none-eabi-objdump -h -S  lab1_STM.elf  > "lab1_STM.list"
arm-none-eabi-objcopy  -O ihex  lab1_STM.elf  "lab1_STM.hex"
arm-none-eabi-objcopy  -O binary  lab1_STM.elf  "lab1_STM.bin"
   text	   data	    bss	    dec	    hex	filename
   4688	     20	   1572	   6280	   1888	lab1_STM.elf
Finished building: default.size.stdout
 
Finished building: lab1_STM.hex
Finished building: lab1_STM.bin
Finished building: lab1_STM.list
 
 
 
20:10:22 **** Incremental Build of configuration Debug for project lab1_STM ****
make -j8 all 
arm-none-eabi-gcc "../Core/Src/main.c" -mcpu=cortex-m3 -std=gnu11 -g3 -DDEBUG -DUSE_HAL_DRIVER -DSTM32F103x6 -c -I../Core/Inc -I../Drivers/STM32F1xx_HAL_Driver/Inc -I../Drivers/STM32F1xx_HAL_Driver/Inc/Legacy -I../Drivers/CMSIS/Device/ST/STM32F1xx/Include -I../Drivers/CMSIS/Include -O0 -ffunction-sections -fdata-sections -Wall -fstack-usage -MMD -MP -MF"Core/Src/main.d" -MT"Core/Src/main.o" --specs=nano.specs -mfloat-abi=soft -mthumb -o "Core/Src/main.o"
arm-none-eabi-gcc -o "lab1_STM.elf" @"objects.list"   -mcpu=cortex-m3 -T"D:\learnin\vixuli-dieukhien\Lab\Lab1\lab1_STM\STM32F103C6UX_FLASH.ld" --specs=nosys.specs -Wl,-Map="lab1_STM.map" -Wl,--gc-sections -static --specs=nano.specs -mfloat-abi=soft -mthumb -Wl,--start-group -lc -lm -Wl,--end-group
Finished building target: lab1_STM.elf
 
arm-none-eabi-size   lab1_STM.elf 
arm-none-eabi-objdump -h -S  lab1_STM.elf  > "lab1_STM.list"
arm-none-eabi-objcopy  -O ihex  lab1_STM.elf  "lab1_STM.hex"
arm-none-eabi-objcopy  -O binary  lab1_STM.elf  "lab1_STM.bin"
   text	   data	    bss	    dec	    hex	filename
   4688	     20	   1572	   6280	   1888	lab1_STM.elf
Finished building: default.size.stdout
 
Finished building: lab1_STM.hex
Finished building: lab1_STM.bin
Finished building: lab1_STM.list
 
 
 
20:14:43 **** Incremental Build of configuration Debug for project lab1_STM ****
make -j8 all 
arm-none-eabi-gcc "../Core/Src/main.c" -mcpu=cortex-m3 -std=gnu11 -g3 -DDEBUG -DUSE_HAL_DRIVER -DSTM32F103x6 -c -I../Core/Inc -I../Drivers/STM32F1xx_HAL_Driver/Inc -I../Drivers/STM32F1xx_HAL_Driver/Inc/Legacy -I../Drivers/CMSIS/Device/ST/STM32F1xx/Include -I../Drivers/CMSIS/Include -O0 -ffunction-sections -fdata-sections -Wall -fstack-usage -MMD -MP -MF"Core/Src/main.d" -MT"Core/Src/main.o" --specs=nano.specs -mfloat-abi=soft -mthumb -o "Core/Src/main.o"
arm-none-eabi-gcc -o "lab1_STM.elf" @"objects.list"   -mcpu=cortex-m3 -T"D:\learnin\vixuli-dieukhien\Lab\Lab1\lab1_STM\STM32F103C6UX_FLASH.ld" --specs=nosys.specs -Wl,-Map="lab1_STM.map" -Wl,--gc-sections -static --specs=nano.specs -mfloat-abi=soft -mthumb -Wl,--start-group -lc -lm -Wl,--end-group
Finished building target: lab1_STM.elf
 
arm-none-eabi-size   lab1_STM.elf 
arm-none-eabi-objdump -h -S  lab1_STM.elf  > "lab1_STM.list"
arm-none-eabi-objcopy  -O ihex  lab1_STM.elf  "lab1_STM.hex"
arm-none-eabi-objcopy  -O binary  lab1_STM.elf  "lab1_STM.bin"
   text	   data	    bss	    dec	    hex	filename
   4640	     20	   1572	   6232	   1858	lab1_STM.elf
Finished building: default.size.stdout
 
Finished building: lab1_STM.hex
Finished building: lab1_STM.bin
Finished building: lab1_STM.list
 
 
 
20:20:53 **** Incremental Build of configuration Debug for project lab1_STM ****
make -j8 all 
arm-none-eabi-gcc "../Core/Src/main.c" -mcpu=cortex-m3 -std=gnu11 -g3 -DDEBUG -DUSE_HAL_DRIVER -DSTM32F103x6 -c -I../Core/Inc -I../Drivers/STM32F1xx_HAL_Driver/Inc -I../Drivers/STM32F1xx_HAL_Driver/Inc/Legacy -I../Drivers/CMSIS/Device/ST/STM32F1xx/Include -I../Drivers/CMSIS/Include -O0 -ffunction-sections -fdata-sections -Wall -fstack-usage -MMD -MP -MF"Core/Src/main.d" -MT"Core/Src/main.o" --specs=nano.specs -mfloat-abi=soft -mthumb -o "Core/Src/main.o"
arm-none-eabi-gcc -o "lab1_STM.elf" @"objects.list"   -mcpu=cortex-m3 -T"D:\learnin\vixuli-dieukhien\Lab\Lab1\lab1_STM\STM32F103C6UX_FLASH.ld" --specs=nosys.specs -Wl,-Map="lab1_STM.map" -Wl,--gc-sections -static --specs=nano.specs -mfloat-abi=soft -mthumb -Wl,--start-group -lc -lm -Wl,--end-group
Finished building target: lab1_STM.elf
 
arm-none-eabi-size   lab1_STM.elf 
arm-none-eabi-objdump -h -S  lab1_STM.elf  > "lab1_STM.list"
arm-none-eabi-objcopy  -O ihex  lab1_STM.elf  "lab1_STM.hex"
arm-none-eabi-objcopy  -O binary  lab1_STM.elf  "lab1_STM.bin"
   text	   data	    bss	    dec	    hex	filename
   4688	     20	   1572	   6280	   1888	lab1_STM.elf
Finished building: default.size.stdout
 
Finished building: lab1_STM.hex
Finished building: lab1_STM.bin
Finished building: lab1_STM.list
 
 
 
20:23:38 **** Incremental Build of configuration Debug for project lab1_STM ****
make -j8 all 
arm-none-eabi-gcc "../Core/Src/main.c" -mcpu=cortex-m3 -std=gnu11 -g3 -DDEBUG -DUSE_HAL_DRIVER -DSTM32F103x6 -c -I../Core/Inc -I../Drivers/STM32F1xx_HAL_Driver/Inc -I../Drivers/STM32F1xx_HAL_Driver/Inc/Legacy -I../Drivers/CMSIS/Device/ST/STM32F1xx/Include -I../Drivers/CMSIS/Include -O0 -ffunction-sections -fdata-sections -Wall -fstack-usage -MMD -MP -MF"Core/Src/main.d" -MT"Core/Src/main.o" --specs=nano.specs -mfloat-abi=soft -mthumb -o "Core/Src/main.o"
arm-none-eabi-gcc -o "lab1_STM.elf" @"objects.list"   -mcpu=cortex-m3 -T"D:\learnin\vixuli-dieukhien\Lab\Lab1\lab1_STM\STM32F103C6UX_FLASH.ld" --specs=nosys.specs -Wl,-Map="lab1_STM.map" -Wl,--gc-sections -static --specs=nano.specs -mfloat-abi=soft -mthumb -Wl,--start-group -lc -lm -Wl,--end-group
Finished building target: lab1_STM.elf
 
arm-none-eabi-size   lab1_STM.elf 
arm-none-eabi-objdump -h -S  lab1_STM.elf  > "lab1_STM.list"
arm-none-eabi-objcopy  -O ihex  lab1_STM.elf  "lab1_STM.hex"
arm-none-eabi-objcopy  -O binary  lab1_STM.elf  "lab1_STM.bin"
   text	   data	    bss	    dec	    hex	filename
   4716	     20	   1572	   6308	   18a4	lab1_STM.elf
Finished building: default.size.stdout
 
Finished building: lab1_STM.hex
Finished building: lab1_STM.bin
Finished building: lab1_STM.list
 
 
 
20:27:02 **** Incremental Build of configuration Debug for project lab1_STM ****
make -j8 all 
arm-none-eabi-gcc "../Core/Src/main.c" -mcpu=cortex-m3 -std=gnu11 -g3 -DDEBUG -DUSE_HAL_DRIVER -DSTM32F103x6 -c -I../Core/Inc -I../Drivers/STM32F1xx_HAL_Driver/Inc -I../Drivers/STM32F1xx_HAL_Driver/Inc/Legacy -I../Drivers/CMSIS/Device/ST/STM32F1xx/Include -I../Drivers/CMSIS/Include -O0 -ffunction-sections -fdata-sections -Wall -fstack-usage -MMD -MP -MF"Core/Src/main.d" -MT"Core/Src/main.o" --specs=nano.specs -mfloat-abi=soft -mthumb -o "Core/Src/main.o"
arm-none-eabi-gcc -o "lab1_STM.elf" @"objects.list"   -mcpu=cortex-m3 -T"D:\learnin\vixuli-dieukhien\Lab\Lab1\lab1_STM\STM32F103C6UX_FLASH.ld" --specs=nosys.specs -Wl,-Map="lab1_STM.map" -Wl,--gc-sections -static --specs=nano.specs -mfloat-abi=soft -mthumb -Wl,--start-group -lc -lm -Wl,--end-group
Finished building target: lab1_STM.elf
 
arm-none-eabi-size   lab1_STM.elf 
arm-none-eabi-objdump -h -S  lab1_STM.elf  > "lab1_STM.list"
arm-none-eabi-objcopy  -O ihex  lab1_STM.elf  "lab1_STM.hex"
arm-none-eabi-objcopy  -O binary  lab1_STM.elf  "lab1_STM.bin"
   text	   data	    bss	    dec	    hex	filename
   4748	     20	   1572	   6340	   18c4	lab1_STM.elf
Finished building: default.size.stdout
 
Finished building: lab1_STM.hex
Finished building: lab1_STM.bin
Finished building: lab1_STM.list
 
 
 
20:27:57 **** Incremental Build of configuration Debug for project lab1_STM ****
make -j8 all 
arm-none-eabi-gcc "../Core/Src/main.c" -mcpu=cortex-m3 -std=gnu11 -g3 -DDEBUG -DUSE_HAL_DRIVER -DSTM32F103x6 -c -I../Core/Inc -I../Drivers/STM32F1xx_HAL_Driver/Inc -I../Drivers/STM32F1xx_HAL_Driver/Inc/Legacy -I../Drivers/CMSIS/Device/ST/STM32F1xx/Include -I../Drivers/CMSIS/Include -O0 -ffunction-sections -fdata-sections -Wall -fstack-usage -MMD -MP -MF"Core/Src/main.d" -MT"Core/Src/main.o" --specs=nano.specs -mfloat-abi=soft -mthumb -o "Core/Src/main.o"
arm-none-eabi-gcc -o "lab1_STM.elf" @"objects.list"   -mcpu=cortex-m3 -T"D:\learnin\vixuli-dieukhien\Lab\Lab1\lab1_STM\STM32F103C6UX_FLASH.ld" --specs=nosys.specs -Wl,-Map="lab1_STM.map" -Wl,--gc-sections -static --specs=nano.specs -mfloat-abi=soft -mthumb -Wl,--start-group -lc -lm -Wl,--end-group
Finished building target: lab1_STM.elf
 
arm-none-eabi-size   lab1_STM.elf 
arm-none-eabi-objdump -h -S  lab1_STM.elf  > "lab1_STM.list"
arm-none-eabi-objcopy  -O ihex  lab1_STM.elf  "lab1_STM.hex"
arm-none-eabi-objcopy  -O binary  lab1_STM.elf  "lab1_STM.bin"
   text	   data	    bss	    dec	    hex	filename
   4716	     20	   1572	   6308	   18a4	lab1_STM.elf
Finished building: default.size.stdout
 
Finished building: lab1_STM.hex
Finished building: lab1_STM.bin
Finished building: lab1_STM.list
 
 
 
20:29:26 **** Incremental Build of configuration Debug for project lab1_STM ****
make -j8 all 
arm-none-eabi-gcc "../Core/Src/main.c" -mcpu=cortex-m3 -std=gnu11 -g3 -DDEBUG -DUSE_HAL_DRIVER -DSTM32F103x6 -c -I../Core/Inc -I../Drivers/STM32F1xx_HAL_Driver/Inc -I../Drivers/STM32F1xx_HAL_Driver/Inc/Legacy -I../Drivers/CMSIS/Device/ST/STM32F1xx/Include -I../Drivers/CMSIS/Include -O0 -ffunction-sections -fdata-sections -Wall -fstack-usage -MMD -MP -MF"Core/Src/main.d" -MT"Core/Src/main.o" --specs=nano.specs -mfloat-abi=soft -mthumb -o "Core/Src/main.o"
arm-none-eabi-gcc -o "lab1_STM.elf" @"objects.list"   -mcpu=cortex-m3 -T"D:\learnin\vixuli-dieukhien\Lab\Lab1\lab1_STM\STM32F103C6UX_FLASH.ld" --specs=nosys.specs -Wl,-Map="lab1_STM.map" -Wl,--gc-sections -static --specs=nano.specs -mfloat-abi=soft -mthumb -Wl,--start-group -lc -lm -Wl,--end-group
Finished building target: lab1_STM.elf
 
arm-none-eabi-size   lab1_STM.elf 
arm-none-eabi-objdump -h -S  lab1_STM.elf  > "lab1_STM.list"
arm-none-eabi-objcopy  -O ihex  lab1_STM.elf  "lab1_STM.hex"
arm-none-eabi-objcopy  -O binary  lab1_STM.elf  "lab1_STM.bin"
   text	   data	    bss	    dec	    hex	filename
   4716	     20	   1572	   6308	   18a4	lab1_STM.elf
Finished building: default.size.stdout
 
Finished building: lab1_STM.hex
Finished building: lab1_STM.bin
 
Finished building: lab1_STM.list
 
 
11:01:38 **** Incremental Build of configuration Debug for project lab1_STM ****
make -j8 all 
arm-none-eabi-gcc "../Drivers/STM32F1xx_HAL_Driver/Src/stm32f1xx_hal.c" -mcpu=cortex-m3 -std=gnu11 -g3 -DDEBUG -DUSE_HAL_DRIVER -DSTM32F103x6 -c -I../Core/Inc -I../Drivers/STM32F1xx_HAL_Driver/Inc -I../Drivers/STM32F1xx_HAL_Driver/Inc/Legacy -I../Drivers/CMSIS/Device/ST/STM32F1xx/Include -I../Drivers/CMSIS/Include -O0 -ffunction-sections -fdata-sections -Wall -fstack-usage -MMD -MP -MF"Drivers/STM32F1xx_HAL_Driver/Src/stm32f1xx_hal.d" -MT"Drivers/STM32F1xx_HAL_Driver/Src/stm32f1xx_hal.o" --specs=nano.specs -mfloat-abi=soft -mthumb -o "Drivers/STM32F1xx_HAL_Driver/Src/stm32f1xx_hal.o"
arm-none-eabi-gcc "../Drivers/STM32F1xx_HAL_Driver/Src/stm32f1xx_hal_cortex.c" -mcpu=cortex-m3 -std=gnu11 -g3 -DDEBUG -DUSE_HAL_DRIVER -DSTM32F103x6 -c -I../Core/Inc -I../Drivers/STM32F1xx_HAL_Driver/Inc -I../Drivers/STM32F1xx_HAL_Driver/Inc/Legacy -I../Drivers/CMSIS/Device/ST/STM32F1xx/Include -I../Drivers/CMSIS/Include -O0 -ffunction-sections -fdata-sections -Wall -fstack-usage -MMD -MP -MF"Drivers/STM32F1xx_HAL_Driver/Src/stm32f1xx_hal_cortex.d" -MT"Drivers/STM32F1xx_HAL_Driver/Src/stm32f1xx_hal_cortex.o" --specs=nano.specs -mfloat-abi=soft -mthumb -o "Drivers/STM32F1xx_HAL_Driver/Src/stm32f1xx_hal_cortex.o"
arm-none-eabi-gcc "../Drivers/STM32F1xx_HAL_Driver/Src/stm32f1xx_hal_dma.c" -mcpu=cortex-m3 -std=gnu11 -g3 -DDEBUG -DUSE_HAL_DRIVER -DSTM32F103x6 -c -I../Core/Inc -I../Drivers/STM32F1xx_HAL_Driver/Inc -I../Drivers/STM32F1xx_HAL_Driver/Inc/Legacy -I../Drivers/CMSIS/Device/ST/STM32F1xx/Include -I../Drivers/CMSIS/Include -O0 -ffunction-sections -fdata-sections -Wall -fstack-usage -MMD -MP -MF"Drivers/STM32F1xx_HAL_Driver/Src/stm32f1xx_hal_dma.d" -MT"Drivers/STM32F1xx_HAL_Driver/Src/stm32f1xx_hal_dma.o" --specs=nano.specs -mfloat-abi=soft -mthumb -o "Drivers/STM32F1xx_HAL_Driver/Src/stm32f1xx_hal_dma.o"
arm-none-eabi-gcc "../Drivers/STM32F1xx_HAL_Driver/Src/stm32f1xx_hal_exti.c" -mcpu=cortex-m3 -std=gnu11 -g3 -DDEBUG -DUSE_HAL_DRIVER -DSTM32F103x6 -c -I../Core/Inc -I../Drivers/STM32F1xx_HAL_Driver/Inc -I../Drivers/STM32F1xx_HAL_Driver/Inc/Legacy -I../Drivers/CMSIS/Device/ST/STM32F1xx/Include -I../Drivers/CMSIS/Include -O0 -ffunction-sections -fdata-sections -Wall -fstack-usage -MMD -MP -MF"Drivers/STM32F1xx_HAL_Driver/Src/stm32f1xx_hal_exti.d" -MT"Drivers/STM32F1xx_HAL_Driver/Src/stm32f1xx_hal_exti.o" --specs=nano.specs -mfloat-abi=soft -mthumb -o "Drivers/STM32F1xx_HAL_Driver/Src/stm32f1xx_hal_exti.o"
arm-none-eabi-gcc "../Drivers/STM32F1xx_HAL_Driver/Src/stm32f1xx_hal_flash.c" -mcpu=cortex-m3 -std=gnu11 -g3 -DDEBUG -DUSE_HAL_DRIVER -DSTM32F103x6 -c -I../Core/Inc -I../Drivers/STM32F1xx_HAL_Driver/Inc -I../Drivers/STM32F1xx_HAL_Driver/Inc/Legacy -I../Drivers/CMSIS/Device/ST/STM32F1xx/Include -I../Drivers/CMSIS/Include -O0 -ffunction-sections -fdata-sections -Wall -fstack-usage -MMD -MP -MF"Drivers/STM32F1xx_HAL_Driver/Src/stm32f1xx_hal_flash.d" -MT"Drivers/STM32F1xx_HAL_Driver/Src/stm32f1xx_hal_flash.o" --specs=nano.specs -mfloat-abi=soft -mthumb -o "Drivers/STM32F1xx_HAL_Driver/Src/stm32f1xx_hal_flash.o"
arm-none-eabi-gcc "../Drivers/STM32F1xx_HAL_Driver/Src/stm32f1xx_hal_flash_ex.c" -mcpu=cortex-m3 -std=gnu11 -g3 -DDEBUG -DUSE_HAL_DRIVER -DSTM32F103x6 -c -I../Core/Inc -I../Drivers/STM32F1xx_HAL_Driver/Inc -I../Drivers/STM32F1xx_HAL_Driver/Inc/Legacy -I../Drivers/CMSIS/Device/ST/STM32F1xx/Include -I../Drivers/CMSIS/Include -O0 -ffunction-sections -fdata-sections -Wall -fstack-usage -MMD -MP -MF"Drivers/STM32F1xx_HAL_Driver/Src/stm32f1xx_hal_flash_ex.d" -MT"Drivers/STM32F1xx_HAL_Driver/Src/stm32f1xx_hal_flash_ex.o" --specs=nano.specs -mfloat-abi=soft -mthumb -o "Drivers/STM32F1xx_HAL_Driver/Src/stm32f1xx_hal_flash_ex.o"
arm-none-eabi-gcc "../Drivers/STM32F1xx_HAL_Driver/Src/stm32f1xx_hal_gpio.c" -mcpu=cortex-m3 -std=gnu11 -g3 -DDEBUG -DUSE_HAL_DRIVER -DSTM32F103x6 -c -I../Core/Inc -I../Drivers/STM32F1xx_HAL_Driver/Inc -I../Drivers/STM32F1xx_HAL_Driver/Inc/Legacy -I../Drivers/CMSIS/Device/ST/STM32F1xx/Include -I../Drivers/CMSIS/Include -O0 -ffunction-sections -fdata-sections -Wall -fstack-usage -MMD -MP -MF"Drivers/STM32F1xx_HAL_Driver/Src/stm32f1xx_hal_gpio.d" -MT"Drivers/STM32F1xx_HAL_Driver/Src/stm32f1xx_hal_gpio.o" --specs=nano.specs -mfloat-abi=soft -mthumb -o "Drivers/STM32F1xx_HAL_Driver/Src/stm32f1xx_hal_gpio.o"
arm-none-eabi-gcc "../Drivers/STM32F1xx_HAL_Driver/Src/stm32f1xx_hal_gpio_ex.c" -mcpu=cortex-m3 -std=gnu11 -g3 -DDEBUG -DUSE_HAL_DRIVER -DSTM32F103x6 -c -I../Core/Inc -I../Drivers/STM32F1xx_HAL_Driver/Inc -I../Drivers/STM32F1xx_HAL_Driver/Inc/Legacy -I../Drivers/CMSIS/Device/ST/STM32F1xx/Include -I../Drivers/CMSIS/Include -O0 -ffunction-sections -fdata-sections -Wall -fstack-usage -MMD -MP -MF"Drivers/STM32F1xx_HAL_Driver/Src/stm32f1xx_hal_gpio_ex.d" -MT"Drivers/STM32F1xx_HAL_Driver/Src/stm32f1xx_hal_gpio_ex.o" --specs=nano.specs -mfloat-abi=soft -mthumb -o "Drivers/STM32F1xx_HAL_Driver/Src/stm32f1xx_hal_gpio_ex.o"
arm-none-eabi-gcc "../Drivers/STM32F1xx_HAL_Driver/Src/stm32f1xx_hal_pwr.c" -mcpu=cortex-m3 -std=gnu11 -g3 -DDEBUG -DUSE_HAL_DRIVER -DSTM32F103x6 -c -I../Core/Inc -I../Drivers/STM32F1xx_HAL_Driver/Inc -I../Drivers/STM32F1xx_HAL_Driver/Inc/Legacy -I../Drivers/CMSIS/Device/ST/STM32F1xx/Include -I../Drivers/CMSIS/Include -O0 -ffunction-sections -fdata-sections -Wall -fstack-usage -MMD -MP -MF"Drivers/STM32F1xx_HAL_Driver/Src/stm32f1xx_hal_pwr.d" -MT"Drivers/STM32F1xx_HAL_Driver/Src/stm32f1xx_hal_pwr.o" --specs=nano.specs -mfloat-abi=soft -mthumb -o "Drivers/STM32F1xx_HAL_Driver/Src/stm32f1xx_hal_pwr.o"
arm-none-eabi-gcc "../Drivers/STM32F1xx_HAL_Driver/Src/stm32f1xx_hal_rcc.c" -mcpu=cortex-m3 -std=gnu11 -g3 -DDEBUG -DUSE_HAL_DRIVER -DSTM32F103x6 -c -I../Core/Inc -I../Drivers/STM32F1xx_HAL_Driver/Inc -I../Drivers/STM32F1xx_HAL_Driver/Inc/Legacy -I../Drivers/CMSIS/Device/ST/STM32F1xx/Include -I../Drivers/CMSIS/Include -O0 -ffunction-sections -fdata-sections -Wall -fstack-usage -MMD -MP -MF"Drivers/STM32F1xx_HAL_Driver/Src/stm32f1xx_hal_rcc.d" -MT"Drivers/STM32F1xx_HAL_Driver/Src/stm32f1xx_hal_rcc.o" --specs=nano.specs -mfloat-abi=soft -mthumb -o "Drivers/STM32F1xx_HAL_Driver/Src/stm32f1xx_hal_rcc.o"
arm-none-eabi-gcc "../Drivers/STM32F1xx_HAL_Driver/Src/stm32f1xx_hal_rcc_ex.c" -mcpu=cortex-m3 -std=gnu11 -g3 -DDEBUG -DUSE_HAL_DRIVER -DSTM32F103x6 -c -I../Core/Inc -I../Drivers/STM32F1xx_HAL_Driver/Inc -I../Drivers/STM32F1xx_HAL_Driver/Inc/Legacy -I../Drivers/CMSIS/Device/ST/STM32F1xx/Include -I../Drivers/CMSIS/Include -O0 -ffunction-sections -fdata-sections -Wall -fstack-usage -MMD -MP -MF"Drivers/STM32F1xx_HAL_Driver/Src/stm32f1xx_hal_rcc_ex.d" -MT"Drivers/STM32F1xx_HAL_Driver/Src/stm32f1xx_hal_rcc_ex.o" --specs=nano.specs -mfloat-abi=soft -mthumb -o "Drivers/STM32F1xx_HAL_Driver/Src/stm32f1xx_hal_rcc_ex.o"
arm-none-eabi-gcc "../Drivers/STM32F1xx_HAL_Driver/Src/stm32f1xx_hal_tim.c" -mcpu=cortex-m3 -std=gnu11 -g3 -DDEBUG -DUSE_HAL_DRIVER -DSTM32F103x6 -c -I../Core/Inc -I../Drivers/STM32F1xx_HAL_Driver/Inc -I../Drivers/STM32F1xx_HAL_Driver/Inc/Legacy -I../Drivers/CMSIS/Device/ST/STM32F1xx/Include -I../Drivers/CMSIS/Include -O0 -ffunction-sections -fdata-sections -Wall -fstack-usage -MMD -MP -MF"Drivers/STM32F1xx_HAL_Driver/Src/stm32f1xx_hal_tim.d" -MT"Drivers/STM32F1xx_HAL_Driver/Src/stm32f1xx_hal_tim.o" --specs=nano.specs -mfloat-abi=soft -mthumb -o "Drivers/STM32F1xx_HAL_Driver/Src/stm32f1xx_hal_tim.o"
arm-none-eabi-gcc "../Drivers/STM32F1xx_HAL_Driver/Src/stm32f1xx_hal_tim_ex.c" -mcpu=cortex-m3 -std=gnu11 -g3 -DDEBUG -DUSE_HAL_DRIVER -DSTM32F103x6 -c -I../Core/Inc -I../Drivers/STM32F1xx_HAL_Driver/Inc -I../Drivers/STM32F1xx_HAL_Driver/Inc/Legacy -I../Drivers/CMSIS/Device/ST/STM32F1xx/Include -I../Drivers/CMSIS/Include -O0 -ffunction-sections -fdata-sections -Wall -fstack-usage -MMD -MP -MF"Drivers/STM32F1xx_HAL_Driver/Src/stm32f1xx_hal_tim_ex.d" -MT"Drivers/STM32F1xx_HAL_Driver/Src/stm32f1xx_hal_tim_ex.o" --specs=nano.specs -mfloat-abi=soft -mthumb -o "Drivers/STM32F1xx_HAL_Driver/Src/stm32f1xx_hal_tim_ex.o"
arm-none-eabi-gcc "../Core/Src/main.c" -mcpu=cortex-m3 -std=gnu11 -g3 -DDEBUG -DUSE_HAL_DRIVER -DSTM32F103x6 -c -I../Core/Inc -I../Drivers/STM32F1xx_HAL_Driver/Inc -I../Drivers/STM32F1xx_HAL_Driver/Inc/Legacy -I../Drivers/CMSIS/Device/ST/STM32F1xx/Include -I../Drivers/CMSIS/Include -O0 -ffunction-sections -fdata-sections -Wall -fstack-usage -MMD -MP -MF"Core/Src/main.d" -MT"Core/Src/main.o" --specs=nano.specs -mfloat-abi=soft -mthumb -o "Core/Src/main.o"
arm-none-eabi-gcc "../Core/Src/stm32f1xx_hal_msp.c" -mcpu=cortex-m3 -std=gnu11 -g3 -DDEBUG -DUSE_HAL_DRIVER -DSTM32F103x6 -c -I../Core/Inc -I../Drivers/STM32F1xx_HAL_Driver/Inc -I../Drivers/STM32F1xx_HAL_Driver/Inc/Legacy -I../Drivers/CMSIS/Device/ST/STM32F1xx/Include -I../Drivers/CMSIS/Include -O0 -ffunction-sections -fdata-sections -Wall -fstack-usage -MMD -MP -MF"Core/Src/stm32f1xx_hal_msp.d" -MT"Core/Src/stm32f1xx_hal_msp.o" --specs=nano.specs -mfloat-abi=soft -mthumb -o "Core/Src/stm32f1xx_hal_msp.o"
arm-none-eabi-gcc "../Core/Src/stm32f1xx_it.c" -mcpu=cortex-m3 -std=gnu11 -g3 -DDEBUG -DUSE_HAL_DRIVER -DSTM32F103x6 -c -I../Core/Inc -I../Drivers/STM32F1xx_HAL_Driver/Inc -I../Drivers/STM32F1xx_HAL_Driver/Inc/Legacy -I../Drivers/CMSIS/Device/ST/STM32F1xx/Include -I../Drivers/CMSIS/Include -O0 -ffunction-sections -fdata-sections -Wall -fstack-usage -MMD -MP -MF"Core/Src/stm32f1xx_it.d" -MT"Core/Src/stm32f1xx_it.o" --specs=nano.specs -mfloat-abi=soft -mthumb -o "Core/Src/stm32f1xx_it.o"
arm-none-eabi-gcc "../Core/Src/system_stm32f1xx.c" -mcpu=cortex-m3 -std=gnu11 -g3 -DDEBUG -DUSE_HAL_DRIVER -DSTM32F103x6 -c -I../Core/Inc -I../Drivers/STM32F1xx_HAL_Driver/Inc -I../Drivers/STM32F1xx_HAL_Driver/Inc/Legacy -I../Drivers/CMSIS/Device/ST/STM32F1xx/Include -I../Drivers/CMSIS/Include -O0 -ffunction-sections -fdata-sections -Wall -fstack-usage -MMD -MP -MF"Core/Src/system_stm32f1xx.d" -MT"Core/Src/system_stm32f1xx.o" --specs=nano.specs -mfloat-abi=soft -mthumb -o "Core/Src/system_stm32f1xx.o"
arm-none-eabi-gcc -o "lab1_STM.elf" @"objects.list"   -mcpu=cortex-m3 -T"D:\learnin\vixuli-dieukhien\Lab\Lab1\lab1_STM\STM32F103C6UX_FLASH.ld" --specs=nosys.specs -Wl,-Map="lab1_STM.map" -Wl,--gc-sections -static --specs=nano.specs -mfloat-abi=soft -mthumb -Wl,--start-group -lc -lm -Wl,--end-group
Finished building target: lab1_STM.elf
 
arm-none-eabi-size   lab1_STM.elf 
arm-none-eabi-objdump -h -S  lab1_STM.elf  > "lab1_STM.list"
arm-none-eabi-objcopy  -O ihex  lab1_STM.elf  "lab1_STM.hex"
arm-none-eabi-objcopy  -O binary  lab1_STM.elf  "lab1_STM.bin"
   text	   data	    bss	    dec	    hex	filename
   4852	     20	   1572	   6444	   192c	lab1_STM.elf
Finished building: default.size.stdout
 
Finished building: lab1_STM.list
Finished building: lab1_STM.hex
Finished building: lab1_STM.bin
 
 
 
11:42:17 **** Incremental Build of configuration Debug for project lab1_STM ****
make -j8 all 
arm-none-eabi-gcc "../Drivers/STM32F1xx_HAL_Driver/Src/stm32f1xx_hal.c" -mcpu=cortex-m3 -std=gnu11 -g3 -DDEBUG -DUSE_HAL_DRIVER -DSTM32F103x6 -c -I../Core/Inc -I../Drivers/STM32F1xx_HAL_Driver/Inc -I../Drivers/STM32F1xx_HAL_Driver/Inc/Legacy -I../Drivers/CMSIS/Device/ST/STM32F1xx/Include -I../Drivers/CMSIS/Include -O0 -ffunction-sections -fdata-sections -Wall -fstack-usage -MMD -MP -MF"Drivers/STM32F1xx_HAL_Driver/Src/stm32f1xx_hal.d" -MT"Drivers/STM32F1xx_HAL_Driver/Src/stm32f1xx_hal.o" --specs=nano.specs -mfloat-abi=soft -mthumb -o "Drivers/STM32F1xx_HAL_Driver/Src/stm32f1xx_hal.o"
arm-none-eabi-gcc "../Drivers/STM32F1xx_HAL_Driver/Src/stm32f1xx_hal_cortex.c" -mcpu=cortex-m3 -std=gnu11 -g3 -DDEBUG -DUSE_HAL_DRIVER -DSTM32F103x6 -c -I../Core/Inc -I../Drivers/STM32F1xx_HAL_Driver/Inc -I../Drivers/STM32F1xx_HAL_Driver/Inc/Legacy -I../Drivers/CMSIS/Device/ST/STM32F1xx/Include -I../Drivers/CMSIS/Include -O0 -ffunction-sections -fdata-sections -Wall -fstack-usage -MMD -MP -MF"Drivers/STM32F1xx_HAL_Driver/Src/stm32f1xx_hal_cortex.d" -MT"Drivers/STM32F1xx_HAL_Driver/Src/stm32f1xx_hal_cortex.o" --specs=nano.specs -mfloat-abi=soft -mthumb -o "Drivers/STM32F1xx_HAL_Driver/Src/stm32f1xx_hal_cortex.o"
arm-none-eabi-gcc "../Drivers/STM32F1xx_HAL_Driver/Src/stm32f1xx_hal_dma.c" -mcpu=cortex-m3 -std=gnu11 -g3 -DDEBUG -DUSE_HAL_DRIVER -DSTM32F103x6 -c -I../Core/Inc -I../Drivers/STM32F1xx_HAL_Driver/Inc -I../Drivers/STM32F1xx_HAL_Driver/Inc/Legacy -I../Drivers/CMSIS/Device/ST/STM32F1xx/Include -I../Drivers/CMSIS/Include -O0 -ffunction-sections -fdata-sections -Wall -fstack-usage -MMD -MP -MF"Drivers/STM32F1xx_HAL_Driver/Src/stm32f1xx_hal_dma.d" -MT"Drivers/STM32F1xx_HAL_Driver/Src/stm32f1xx_hal_dma.o" --specs=nano.specs -mfloat-abi=soft -mthumb -o "Drivers/STM32F1xx_HAL_Driver/Src/stm32f1xx_hal_dma.o"
arm-none-eabi-gcc "../Drivers/STM32F1xx_HAL_Driver/Src/stm32f1xx_hal_exti.c" -mcpu=cortex-m3 -std=gnu11 -g3 -DDEBUG -DUSE_HAL_DRIVER -DSTM32F103x6 -c -I../Core/Inc -I../Drivers/STM32F1xx_HAL_Driver/Inc -I../Drivers/STM32F1xx_HAL_Driver/Inc/Legacy -I../Drivers/CMSIS/Device/ST/STM32F1xx/Include -I../Drivers/CMSIS/Include -O0 -ffunction-sections -fdata-sections -Wall -fstack-usage -MMD -MP -MF"Drivers/STM32F1xx_HAL_Driver/Src/stm32f1xx_hal_exti.d" -MT"Drivers/STM32F1xx_HAL_Driver/Src/stm32f1xx_hal_exti.o" --specs=nano.specs -mfloat-abi=soft -mthumb -o "Drivers/STM32F1xx_HAL_Driver/Src/stm32f1xx_hal_exti.o"
arm-none-eabi-gcc "../Drivers/STM32F1xx_HAL_Driver/Src/stm32f1xx_hal_flash.c" -mcpu=cortex-m3 -std=gnu11 -g3 -DDEBUG -DUSE_HAL_DRIVER -DSTM32F103x6 -c -I../Core/Inc -I../Drivers/STM32F1xx_HAL_Driver/Inc -I../Drivers/STM32F1xx_HAL_Driver/Inc/Legacy -I../Drivers/CMSIS/Device/ST/STM32F1xx/Include -I../Drivers/CMSIS/Include -O0 -ffunction-sections -fdata-sections -Wall -fstack-usage -MMD -MP -MF"Drivers/STM32F1xx_HAL_Driver/Src/stm32f1xx_hal_flash.d" -MT"Drivers/STM32F1xx_HAL_Driver/Src/stm32f1xx_hal_flash.o" --specs=nano.specs -mfloat-abi=soft -mthumb -o "Drivers/STM32F1xx_HAL_Driver/Src/stm32f1xx_hal_flash.o"
arm-none-eabi-gcc "../Drivers/STM32F1xx_HAL_Driver/Src/stm32f1xx_hal_flash_ex.c" -mcpu=cortex-m3 -std=gnu11 -g3 -DDEBUG -DUSE_HAL_DRIVER -DSTM32F103x6 -c -I../Core/Inc -I../Drivers/STM32F1xx_HAL_Driver/Inc -I../Drivers/STM32F1xx_HAL_Driver/Inc/Legacy -I../Drivers/CMSIS/Device/ST/STM32F1xx/Include -I../Drivers/CMSIS/Include -O0 -ffunction-sections -fdata-sections -Wall -fstack-usage -MMD -MP -MF"Drivers/STM32F1xx_HAL_Driver/Src/stm32f1xx_hal_flash_ex.d" -MT"Drivers/STM32F1xx_HAL_Driver/Src/stm32f1xx_hal_flash_ex.o" --specs=nano.specs -mfloat-abi=soft -mthumb -o "Drivers/STM32F1xx_HAL_Driver/Src/stm32f1xx_hal_flash_ex.o"
arm-none-eabi-gcc "../Drivers/STM32F1xx_HAL_Driver/Src/stm32f1xx_hal_gpio.c" -mcpu=cortex-m3 -std=gnu11 -g3 -DDEBUG -DUSE_HAL_DRIVER -DSTM32F103x6 -c -I../Core/Inc -I../Drivers/STM32F1xx_HAL_Driver/Inc -I../Drivers/STM32F1xx_HAL_Driver/Inc/Legacy -I../Drivers/CMSIS/Device/ST/STM32F1xx/Include -I../Drivers/CMSIS/Include -O0 -ffunction-sections -fdata-sections -Wall -fstack-usage -MMD -MP -MF"Drivers/STM32F1xx_HAL_Driver/Src/stm32f1xx_hal_gpio.d" -MT"Drivers/STM32F1xx_HAL_Driver/Src/stm32f1xx_hal_gpio.o" --specs=nano.specs -mfloat-abi=soft -mthumb -o "Drivers/STM32F1xx_HAL_Driver/Src/stm32f1xx_hal_gpio.o"
arm-none-eabi-gcc "../Drivers/STM32F1xx_HAL_Driver/Src/stm32f1xx_hal_gpio_ex.c" -mcpu=cortex-m3 -std=gnu11 -g3 -DDEBUG -DUSE_HAL_DRIVER -DSTM32F103x6 -c -I../Core/Inc -I../Drivers/STM32F1xx_HAL_Driver/Inc -I../Drivers/STM32F1xx_HAL_Driver/Inc/Legacy -I../Drivers/CMSIS/Device/ST/STM32F1xx/Include -I../Drivers/CMSIS/Include -O0 -ffunction-sections -fdata-sections -Wall -fstack-usage -MMD -MP -MF"Drivers/STM32F1xx_HAL_Driver/Src/stm32f1xx_hal_gpio_ex.d" -MT"Drivers/STM32F1xx_HAL_Driver/Src/stm32f1xx_hal_gpio_ex.o" --specs=nano.specs -mfloat-abi=soft -mthumb -o "Drivers/STM32F1xx_HAL_Driver/Src/stm32f1xx_hal_gpio_ex.o"
arm-none-eabi-gcc "../Drivers/STM32F1xx_HAL_Driver/Src/stm32f1xx_hal_pwr.c" -mcpu=cortex-m3 -std=gnu11 -g3 -DDEBUG -DUSE_HAL_DRIVER -DSTM32F103x6 -c -I../Core/Inc -I../Drivers/STM32F1xx_HAL_Driver/Inc -I../Drivers/STM32F1xx_HAL_Driver/Inc/Legacy -I../Drivers/CMSIS/Device/ST/STM32F1xx/Include -I../Drivers/CMSIS/Include -O0 -ffunction-sections -fdata-sections -Wall -fstack-usage -MMD -MP -MF"Drivers/STM32F1xx_HAL_Driver/Src/stm32f1xx_hal_pwr.d" -MT"Drivers/STM32F1xx_HAL_Driver/Src/stm32f1xx_hal_pwr.o" --specs=nano.specs -mfloat-abi=soft -mthumb -o "Drivers/STM32F1xx_HAL_Driver/Src/stm32f1xx_hal_pwr.o"
arm-none-eabi-gcc "../Drivers/STM32F1xx_HAL_Driver/Src/stm32f1xx_hal_rcc.c" -mcpu=cortex-m3 -std=gnu11 -g3 -DDEBUG -DUSE_HAL_DRIVER -DSTM32F103x6 -c -I../Core/Inc -I../Drivers/STM32F1xx_HAL_Driver/Inc -I../Drivers/STM32F1xx_HAL_Driver/Inc/Legacy -I../Drivers/CMSIS/Device/ST/STM32F1xx/Include -I../Drivers/CMSIS/Include -O0 -ffunction-sections -fdata-sections -Wall -fstack-usage -MMD -MP -MF"Drivers/STM32F1xx_HAL_Driver/Src/stm32f1xx_hal_rcc.d" -MT"Drivers/STM32F1xx_HAL_Driver/Src/stm32f1xx_hal_rcc.o" --specs=nano.specs -mfloat-abi=soft -mthumb -o "Drivers/STM32F1xx_HAL_Driver/Src/stm32f1xx_hal_rcc.o"
arm-none-eabi-gcc "../Drivers/STM32F1xx_HAL_Driver/Src/stm32f1xx_hal_rcc_ex.c" -mcpu=cortex-m3 -std=gnu11 -g3 -DDEBUG -DUSE_HAL_DRIVER -DSTM32F103x6 -c -I../Core/Inc -I../Drivers/STM32F1xx_HAL_Driver/Inc -I../Drivers/STM32F1xx_HAL_Driver/Inc/Legacy -I../Drivers/CMSIS/Device/ST/STM32F1xx/Include -I../Drivers/CMSIS/Include -O0 -ffunction-sections -fdata-sections -Wall -fstack-usage -MMD -MP -MF"Drivers/STM32F1xx_HAL_Driver/Src/stm32f1xx_hal_rcc_ex.d" -MT"Drivers/STM32F1xx_HAL_Driver/Src/stm32f1xx_hal_rcc_ex.o" --specs=nano.specs -mfloat-abi=soft -mthumb -o "Drivers/STM32F1xx_HAL_Driver/Src/stm32f1xx_hal_rcc_ex.o"
arm-none-eabi-gcc "../Drivers/STM32F1xx_HAL_Driver/Src/stm32f1xx_hal_tim.c" -mcpu=cortex-m3 -std=gnu11 -g3 -DDEBUG -DUSE_HAL_DRIVER -DSTM32F103x6 -c -I../Core/Inc -I../Drivers/STM32F1xx_HAL_Driver/Inc -I../Drivers/STM32F1xx_HAL_Driver/Inc/Legacy -I../Drivers/CMSIS/Device/ST/STM32F1xx/Include -I../Drivers/CMSIS/Include -O0 -ffunction-sections -fdata-sections -Wall -fstack-usage -MMD -MP -MF"Drivers/STM32F1xx_HAL_Driver/Src/stm32f1xx_hal_tim.d" -MT"Drivers/STM32F1xx_HAL_Driver/Src/stm32f1xx_hal_tim.o" --specs=nano.specs -mfloat-abi=soft -mthumb -o "Drivers/STM32F1xx_HAL_Driver/Src/stm32f1xx_hal_tim.o"
arm-none-eabi-gcc "../Drivers/STM32F1xx_HAL_Driver/Src/stm32f1xx_hal_tim_ex.c" -mcpu=cortex-m3 -std=gnu11 -g3 -DDEBUG -DUSE_HAL_DRIVER -DSTM32F103x6 -c -I../Core/Inc -I../Drivers/STM32F1xx_HAL_Driver/Inc -I../Drivers/STM32F1xx_HAL_Driver/Inc/Legacy -I../Drivers/CMSIS/Device/ST/STM32F1xx/Include -I../Drivers/CMSIS/Include -O0 -ffunction-sections -fdata-sections -Wall -fstack-usage -MMD -MP -MF"Drivers/STM32F1xx_HAL_Driver/Src/stm32f1xx_hal_tim_ex.d" -MT"Drivers/STM32F1xx_HAL_Driver/Src/stm32f1xx_hal_tim_ex.o" --specs=nano.specs -mfloat-abi=soft -mthumb -o "Drivers/STM32F1xx_HAL_Driver/Src/stm32f1xx_hal_tim_ex.o"
arm-none-eabi-gcc "../Core/Src/main.c" -mcpu=cortex-m3 -std=gnu11 -g3 -DDEBUG -DUSE_HAL_DRIVER -DSTM32F103x6 -c -I../Core/Inc -I../Drivers/STM32F1xx_HAL_Driver/Inc -I../Drivers/STM32F1xx_HAL_Driver/Inc/Legacy -I../Drivers/CMSIS/Device/ST/STM32F1xx/Include -I../Drivers/CMSIS/Include -O0 -ffunction-sections -fdata-sections -Wall -fstack-usage -MMD -MP -MF"Core/Src/main.d" -MT"Core/Src/main.o" --specs=nano.specs -mfloat-abi=soft -mthumb -o "Core/Src/main.o"
arm-none-eabi-gcc "../Core/Src/stm32f1xx_hal_msp.c" -mcpu=cortex-m3 -std=gnu11 -g3 -DDEBUG -DUSE_HAL_DRIVER -DSTM32F103x6 -c -I../Core/Inc -I../Drivers/STM32F1xx_HAL_Driver/Inc -I../Drivers/STM32F1xx_HAL_Driver/Inc/Legacy -I../Drivers/CMSIS/Device/ST/STM32F1xx/Include -I../Drivers/CMSIS/Include -O0 -ffunction-sections -fdata-sections -Wall -fstack-usage -MMD -MP -MF"Core/Src/stm32f1xx_hal_msp.d" -MT"Core/Src/stm32f1xx_hal_msp.o" --specs=nano.specs -mfloat-abi=soft -mthumb -o "Core/Src/stm32f1xx_hal_msp.o"
arm-none-eabi-gcc "../Core/Src/stm32f1xx_it.c" -mcpu=cortex-m3 -std=gnu11 -g3 -DDEBUG -DUSE_HAL_DRIVER -DSTM32F103x6 -c -I../Core/Inc -I../Drivers/STM32F1xx_HAL_Driver/Inc -I../Drivers/STM32F1xx_HAL_Driver/Inc/Legacy -I../Drivers/CMSIS/Device/ST/STM32F1xx/Include -I../Drivers/CMSIS/Include -O0 -ffunction-sections -fdata-sections -Wall -fstack-usage -MMD -MP -MF"Core/Src/stm32f1xx_it.d" -MT"Core/Src/stm32f1xx_it.o" --specs=nano.specs -mfloat-abi=soft -mthumb -o "Core/Src/stm32f1xx_it.o"
arm-none-eabi-gcc "../Core/Src/system_stm32f1xx.c" -mcpu=cortex-m3 -std=gnu11 -g3 -DDEBUG -DUSE_HAL_DRIVER -DSTM32F103x6 -c -I../Core/Inc -I../Drivers/STM32F1xx_HAL_Driver/Inc -I../Drivers/STM32F1xx_HAL_Driver/Inc/Legacy -I../Drivers/CMSIS/Device/ST/STM32F1xx/Include -I../Drivers/CMSIS/Include -O0 -ffunction-sections -fdata-sections -Wall -fstack-usage -MMD -MP -MF"Core/Src/system_stm32f1xx.d" -MT"Core/Src/system_stm32f1xx.o" --specs=nano.specs -mfloat-abi=soft -mthumb -o "Core/Src/system_stm32f1xx.o"
arm-none-eabi-gcc -o "lab1_STM.elf" @"objects.list"   -mcpu=cortex-m3 -T"D:\learnin\vixuli-dieukhien\Lab\Lab1\lab1_STM\STM32F103C6UX_FLASH.ld" --specs=nosys.specs -Wl,-Map="lab1_STM.map" -Wl,--gc-sections -static --specs=nano.specs -mfloat-abi=soft -mthumb -Wl,--start-group -lc -lm -Wl,--end-group
Finished building target: lab1_STM.elf
 
arm-none-eabi-size   lab1_STM.elf 
arm-none-eabi-objdump -h -S  lab1_STM.elf  > "lab1_STM.list"
arm-none-eabi-objcopy  -O ihex  lab1_STM.elf  "lab1_STM.hex"
arm-none-eabi-objcopy  -O binary  lab1_STM.elf  "lab1_STM.bin"
   text	   data	    bss	    dec	    hex	filename
   4916	     20	   1572	   6508	   196c	lab1_STM.elf
Finished building: default.size.stdout
 
Finished building: lab1_STM.bin
Finished building: lab1_STM.hex
Finished building: lab1_STM.list
 
 
 
11:43:34 **** Incremental Build of configuration Debug for project lab1_STM ****
make -j8 all 
[...]
Finished building: default.size.stdout
 
23:48:32 **** Incremental Build of configuration Debug for project Solution8 ****
make -j8 all 
arm-none-eabi-size   Solution8.elf 
   text	   data	    bss	    dec	    hex	filename
   4452	     20	   1572	   6044	   179c	Solution8.elf
Finished building: default.size.stdout
 
23:48:33 **** Incremental Build of configuration Debug for project Solution9 ****
make -j8 all 
arm-none-eabi-size   Solution9.elf 
   text	   data	    bss	    dec	    hex	filename
   4452	     20	   1572	   6044	   179c	Solution9.elf
Finished building: default.size.stdout
 
23:50:40 **** Incremental Build of configuration Debug for project Solution1 ****
make -j8 all 
arm-none-eabi-size   Solution1.elf 
   text	   data	    bss	    dec	    hex	filename
   4640	     20	   1572	   6232	   1858	Solution1.elf
Finished building: default.size.stdout
 
23:50:41 **** Incremental Build of configuration Debug for project Solution10 ****
make -j8 all 
arm-none-eabi-gcc "../Core/Src/main.c" -mcpu=cortex-m3 -std=gnu11 -g3 -DDEBUG -DUSE_HAL_DRIVER -DSTM32F103x6 -c -I../Core/Inc -I../Drivers/STM32F1xx_HAL_Driver/Inc -I../Drivers/STM32F1xx_HAL_Driver/Inc/Legacy -I../Drivers/CMSIS/Device/ST/STM32F1xx/Include -I../Drivers/CMSIS/Include -O0 -ffunction-sections -fdata-sections -Wall -fstack-usage -MMD -MP -MF"Core/Src/main.d" -MT"Core/Src/main.o" --specs=nano.specs -mfloat-abi=soft -mthumb -o "Core/Src/main.o"
arm-none-eabi-gcc -o "Solution10.elf" @"objects.list"   -mcpu=cortex-m3 -T"D:\learnin\vixuli-dieukhien\Lab\Lab1\Excercise10\STM\STM32F103C6UX_FLASH.ld" --specs=nosys.specs -Wl,-Map="Solution10.map" -Wl,--gc-sections -static --specs=nano.specs -mfloat-abi=soft -mthumb -Wl,--start-group -lc -lm -Wl,--end-group
Finished building target: Solution10.elf
 
arm-none-eabi-size   Solution10.elf 
arm-none-eabi-objdump -h -S  Solution10.elf  > "Solution10.list"
arm-none-eabi-objcopy  -O ihex  Solution10.elf  "Solution10.hex"
arm-none-eabi-objcopy  -O binary  Solution10.elf  "Solution10.bin"
   text	   data	    bss	    dec	    hex	filename
   5504	     20	   1572	   7096	   1bb8	Solution10.elf
Finished building: default.size.stdout
 
Finished building: Solution10.bin
Finished building: Solution10.hex
Finished building: Solution10.list
 
 
 
23:50:42 **** Incremental Build of configuration Debug for project Solution2 ****
make -j8 all 
arm-none-eabi-size   Solution2.elf 
   text	   data	    bss	    dec	    hex	filename
   4716	     20	   1572	   6308	   18a4	Solution2.elf
Finished building: default.size.stdout
 
23:50:42 **** Incremental Build of configuration Debug for project Solution3 ****
make -j8 all 
arm-none-eabi-size   Solution3.elf 
   text	   data	    bss	    dec	    hex	filename
   4852	     20	   1572	   6444	   192c	Solution3.elf
Finished building: default.size.stdout
 
23:50:43 **** Incremental Build of configuration Debug for project Solution4 ****
make -j8 all 
arm-none-eabi-size   Solution4.elf 
   text	   data	    bss	    dec	    hex	filename
   5336	     20	   1572	   6928	   1b10	Solution4.elf
Finished building: default.size.stdout
 
23:50:43 **** Incremental Build of configuration Debug for project Solution5 ****
make -j8 all 
arm-none-eabi-size   Solution5.elf 
   text	   data	    bss	    dec	    hex	filename
   5732	     20	   1572	   7324	   1c9c	Solution5.elf
Finished building: default.size.stdout
 
23:50:44 **** Incremental Build of configuration Debug for project Solution6 ****
make -j8 all 
arm-none-eabi-size   Solution6.elf 
   text	   data	    bss	    dec	    hex	filename
   4976	     20	   1572	   6568	   19a8	Solution6.elf
Finished building: default.size.stdout
 
23:50:44 **** Incremental Build of configuration Debug for project Solution7 ****
make -j8 all 
arm-none-eabi-size   Solution7.elf 
   text	   data	    bss	    dec	    hex	filename
   4932	     20	   1572	   6524	   197c	Solution7.elf
Finished building: default.size.stdout
 
23:50:44 **** Incremental Build of configuration Debug for project Solution8 ****
make -j8 all 
arm-none-eabi-size   Solution8.elf 
   text	   data	    bss	    dec	    hex	filename
   4452	     20	   1572	   6044	   179c	Solution8.elf
Finished building: default.size.stdout
 
23:50:45 **** Incremental Build of configuration Debug for project Solution9 ****
make -j8 all 
arm-none-eabi-size   Solution9.elf 
   text	   data	    bss	    dec	    hex	filename
   4452	     20	   1572	   6044	   179c	Solution9.elf
Finished building: default.size.stdout
 
23:51:39 **** Incremental Build of configuration Debug for project Solution1 ****
make -j8 all 
arm-none-eabi-size   Solution1.elf 
   text	   data	    bss	    dec	    hex	filename
   4640	     20	   1572	   6232	   1858	Solution1.elf
Finished building: default.size.stdout
 
23:51:40 **** Incremental Build of configuration Debug for project Solution10 ****
make -j8 all 
arm-none-eabi-gcc "../Core/Src/main.c" -mcpu=cortex-m3 -std=gnu11 -g3 -DDEBUG -DUSE_HAL_DRIVER -DSTM32F103x6 -c -I../Core/Inc -I../Drivers/STM32F1xx_HAL_Driver/Inc -I../Drivers/STM32F1xx_HAL_Driver/Inc/Legacy -I../Drivers/CMSIS/Device/ST/STM32F1xx/Include -I../Drivers/CMSIS/Include -O0 -ffunction-sections -fdata-sections -Wall -fstack-usage -MMD -MP -MF"Core/Src/main.d" -MT"Core/Src/main.o" --specs=nano.specs -mfloat-abi=soft -mthumb -o "Core/Src/main.o"
arm-none-eabi-gcc -o "Solution10.elf" @"objects.list"   -mcpu=cortex-m3 -T"D:\learnin\vixuli-dieukhien\Lab\Lab1\Excercise10\STM\STM32F103C6UX_FLASH.ld" --specs=nosys.specs -Wl,-Map="Solution10.map" -Wl,--gc-sections -static --specs=nano.specs -mfloat-abi=soft -mthumb -Wl,--start-group -lc -lm -Wl,--end-group
Finished building target: Solution10.elf
 
arm-none-eabi-size   Solution10.elf 
arm-none-eabi-objdump -h -S  Solution10.elf  > "Solution10.list"
arm-none-eabi-objcopy  -O ihex  Solution10.elf  "Solution10.hex"
arm-none-eabi-objcopy  -O binary  Solution10.elf  "Solution10.bin"
   text	   data	    bss	    dec	    hex	filename
   5500	     20	   1572	   7092	   1bb4	Solution10.elf
Finished building: default.size.stdout
 
Finished building: Solution10.hex
Finished building: Solution10.bin
Finished building: Solution10.list
 
 
 
23:51:41 **** Incremental Build of configuration Debug for project Solution2 ****
make -j8 all 
arm-none-eabi-size   Solution2.elf 
   text	   data	    bss	    dec	    hex	filename
   4716	     20	   1572	   6308	   18a4	Solution2.elf
Finished building: default.size.stdout
 
23:51:41 **** Incremental Build of configuration Debug for project Solution3 ****
make -j8 all 
arm-none-eabi-size   Solution3.elf 
   text	   data	    bss	    dec	    hex	filename
   4852	     20	   1572	   6444	   192c	Solution3.elf
Finished building: default.size.stdout
 
23:51:41 **** Incremental Build of configuration Debug for project Solution4 ****
make -j8 all 
arm-none-eabi-size   Solution4.elf 
   text	   data	    bss	    dec	    hex	filename
   5336	     20	   1572	   6928	   1b10	Solution4.elf
Finished building: default.size.stdout
 
23:51:42 **** Incremental Build of configuration Debug for project Solution5 ****
make -j8 all 
arm-none-eabi-size   Solution5.elf 
   text	   data	    bss	    dec	    hex	filename
   5732	     20	   1572	   7324	   1c9c	Solution5.elf
Finished building: default.size.stdout
 
23:51:42 **** Incremental Build of configuration Debug for project Solution6 ****
make -j8 all 
arm-none-eabi-size   Solution6.elf 
   text	   data	    bss	    dec	    hex	filename
   4976	     20	   1572	   6568	   19a8	Solution6.elf
Finished building: default.size.stdout
 
23:51:43 **** Incremental Build of configuration Debug for project Solution7 ****
make -j8 all 
arm-none-eabi-size   Solution7.elf 
   text	   data	    bss	    dec	    hex	filename
   4932	     20	   1572	   6524	   197c	Solution7.elf
Finished building: default.size.stdout
 
23:51:43 **** Incremental Build of configuration Debug for project Solution8 ****
make -j8 all 
arm-none-eabi-size   Solution8.elf 
   text	   data	    bss	    dec	    hex	filename
   4452	     20	   1572	   6044	   179c	Solution8.elf
Finished building: default.size.stdout
 
23:51:43 **** Incremental Build of configuration Debug for project Solution9 ****
make -j8 all 
arm-none-eabi-size   Solution9.elf 
   text	   data	    bss	    dec	    hex	filename
   4452	     20	   1572	   6044	   179c	Solution9.elf
Finished building: default.size.stdout
 
23:52:07 **** Incremental Build of configuration Debug for project Solution1 ****
make -j8 all 
arm-none-eabi-size   Solution1.elf 
   text	   data	    bss	    dec	    hex	filename
   4640	     20	   1572	   6232	   1858	Solution1.elf
Finished building: default.size.stdout
 
23:52:07 **** Incremental Build of configuration Debug for project Solution10 ****
make -j8 all 
arm-none-eabi-gcc "../Core/Src/main.c" -mcpu=cortex-m3 -std=gnu11 -g3 -DDEBUG -DUSE_HAL_DRIVER -DSTM32F103x6 -c -I../Core/Inc -I../Drivers/STM32F1xx_HAL_Driver/Inc -I../Drivers/STM32F1xx_HAL_Driver/Inc/Legacy -I../Drivers/CMSIS/Device/ST/STM32F1xx/Include -I../Drivers/CMSIS/Include -O0 -ffunction-sections -fdata-sections -Wall -fstack-usage -MMD -MP -MF"Core/Src/main.d" -MT"Core/Src/main.o" --specs=nano.specs -mfloat-abi=soft -mthumb -o "Core/Src/main.o"
arm-none-eabi-gcc -o "Solution10.elf" @"objects.list"   -mcpu=cortex-m3 -T"D:\learnin\vixuli-dieukhien\Lab\Lab1\Excercise10\STM\STM32F103C6UX_FLASH.ld" --specs=nosys.specs -Wl,-Map="Solution10.map" -Wl,--gc-sections -static --specs=nano.specs -mfloat-abi=soft -mthumb -Wl,--start-group -lc -lm -Wl,--end-group
Finished building target: Solution10.elf
 
arm-none-eabi-size   Solution10.elf 
arm-none-eabi-objdump -h -S  Solution10.elf  > "Solution10.list"
arm-none-eabi-objcopy  -O ihex  Solution10.elf  "Solution10.hex"
arm-none-eabi-objcopy  -O binary  Solution10.elf  "Solution10.bin"
   text	   data	    bss	    dec	    hex	filename
   5500	     20	   1572	   7092	   1bb4	Solution10.elf
Finished building: default.size.stdout
 
Finished building: Solution10.hex
Finished building: Solution10.bin
 
Finished building: Solution10.list
 
 
23:52:08 **** Incremental Build of configuration Debug for project Solution2 ****
make -j8 all 
arm-none-eabi-size   Solution2.elf 
   text	   data	    bss	    dec	    hex	filename
   4716	     20	   1572	   6308	   18a4	Solution2.elf
Finished building: default.size.stdout
 
23:52:09 **** Incremental Build of configuration Debug for project Solution3 ****
make -j8 all 
arm-none-eabi-size   Solution3.elf 
   text	   data	    bss	    dec	    hex	filename
   4852	     20	   1572	   6444	   192c	Solution3.elf
Finished building: default.size.stdout
 
23:52:09 **** Incremental Build of configuration Debug for project Solution4 ****
make -j8 all 
arm-none-eabi-size   Solution4.elf 
   text	   data	    bss	    dec	    hex	filename
   5336	     20	   1572	   6928	   1b10	Solution4.elf
Finished building: default.size.stdout
 
23:52:09 **** Incremental Build of configuration Debug for project Solution5 ****
make -j8 all 
arm-none-eabi-size   Solution5.elf 
   text	   data	    bss	    dec	    hex	filename
   5732	     20	   1572	   7324	   1c9c	Solution5.elf
Finished building: default.size.stdout
 
23:52:10 **** Incremental Build of configuration Debug for project Solution6 ****
make -j8 all 
arm-none-eabi-size   Solution6.elf 
   text	   data	    bss	    dec	    hex	filename
   4976	     20	   1572	   6568	   19a8	Solution6.elf
Finished building: default.size.stdout
 
23:52:10 **** Incremental Build of configuration Debug for project Solution7 ****
make -j8 all 
arm-none-eabi-size   Solution7.elf 
   text	   data	    bss	    dec	    hex	filename
   4932	     20	   1572	   6524	   197c	Solution7.elf
Finished building: default.size.stdout
 
23:52:11 **** Incremental Build of configuration Debug for project Solution8 ****
make -j8 all 
arm-none-eabi-size   Solution8.elf 
   text	   data	    bss	    dec	    hex	filename
   4452	     20	   1572	   6044	   179c	Solution8.elf
Finished building: default.size.stdout
 
23:52:11 **** Incremental Build of configuration Debug for project Solution9 ****
make -j8 all 
arm-none-eabi-size   Solution9.elf 
   text	   data	    bss	    dec	    hex	filename
   4452	     20	   1572	   6044	   179c	Solution9.elf
Finished building: default.size.stdout
 
23:55:24 **** Incremental Build of configuration Debug for project Solution1 ****
make -j8 all 
arm-none-eabi-size   Solution1.elf 
   text	   data	    bss	    dec	    hex	filename
   4640	     20	   1572	   6232	   1858	Solution1.elf
Finished building: default.size.stdout
 
23:55:24 **** Incremental Build of configuration Debug for project Solution10 ****
make -j8 all 
arm-none-eabi-gcc "../Core/Src/main.c" -mcpu=cortex-m3 -std=gnu11 -g3 -DDEBUG -DUSE_HAL_DRIVER -DSTM32F103x6 -c -I../Core/Inc -I../Drivers/STM32F1xx_HAL_Driver/Inc -I../Drivers/STM32F1xx_HAL_Driver/Inc/Legacy -I../Drivers/CMSIS/Device/ST/STM32F1xx/Include -I../Drivers/CMSIS/Include -O0 -ffunction-sections -fdata-sections -Wall -fstack-usage -MMD -MP -MF"Core/Src/main.d" -MT"Core/Src/main.o" --specs=nano.specs -mfloat-abi=soft -mthumb -o "Core/Src/main.o"
arm-none-eabi-gcc -o "Solution10.elf" @"objects.list"   -mcpu=cortex-m3 -T"D:\learnin\vixuli-dieukhien\Lab\Lab1\Excercise10\STM\STM32F103C6UX_FLASH.ld" --specs=nosys.specs -Wl,-Map="Solution10.map" -Wl,--gc-sections -static --specs=nano.specs -mfloat-abi=soft -mthumb -Wl,--start-group -lc -lm -Wl,--end-group
Finished building target: Solution10.elf
 
arm-none-eabi-size   Solution10.elf 
arm-none-eabi-objdump -h -S  Solution10.elf  > "Solution10.list"
arm-none-eabi-objcopy  -O ihex  Solution10.elf  "Solution10.hex"
arm-none-eabi-objcopy  -O binary  Solution10.elf  "Solution10.bin"
   text	   data	    bss	    dec	    hex	filename
   5504	     20	   1572	   7096	   1bb8	Solution10.elf
Finished building: default.size.stdout
 
Finished building: Solution10.hex
Finished building: Solution10.bin
 
 
Finished building: Solution10.list
 
23:55:26 **** Incremental Build of configuration Debug for project Solution2 ****
make -j8 all 
arm-none-eabi-size   Solution2.elf 
   text	   data	    bss	    dec	    hex	filename
   4716	     20	   1572	   6308	   18a4	Solution2.elf
Finished building: default.size.stdout
 
23:55:27 **** Incremental Build of configuration Debug for project Solution3 ****
make -j8 all 
arm-none-eabi-size   Solution3.elf 
   text	   data	    bss	    dec	    hex	filename
   4852	     20	   1572	   6444	   192c	Solution3.elf
Finished building: default.size.stdout
 
23:55:27 **** Incremental Build of configuration Debug for project Solution4 ****
make -j8 all 
arm-none-eabi-size   Solution4.elf 
   text	   data	    bss	    dec	    hex	filename
   5336	     20	   1572	   6928	   1b10	Solution4.elf
Finished building: default.size.stdout
 
23:55:28 **** Incremental Build of configuration Debug for project Solution5 ****
make -j8 all 
arm-none-eabi-size   Solution5.elf 
   text	   data	    bss	    dec	    hex	filename
   5732	     20	   1572	   7324	   1c9c	Solution5.elf
Finished building: default.size.stdout
 
23:55:28 **** Incremental Build of configuration Debug for project Solution6 ****
make -j8 all 
arm-none-eabi-size   Solution6.elf 
   text	   data	    bss	    dec	    hex	filename
   4976	     20	   1572	   6568	   19a8	Solution6.elf
Finished building: default.size.stdout
 
23:55:28 **** Incremental Build of configuration Debug for project Solution7 ****
make -j8 all 
arm-none-eabi-size   Solution7.elf 
   text	   data	    bss	    dec	    hex	filename
   4932	     20	   1572	   6524	   197c	Solution7.elf
Finished building: default.size.stdout
 
23:55:29 **** Incremental Build of configuration Debug for project Solution8 ****
make -j8 all 
arm-none-eabi-size   Solution8.elf 
   text	   data	    bss	    dec	    hex	filename
   4452	     20	   1572	   6044	   179c	Solution8.elf
Finished building: default.size.stdout
 
23:55:29 **** Incremental Build of configuration Debug for project Solution9 ****
make -j8 all 
arm-none-eabi-size   Solution9.elf 
   text	   data	    bss	    dec	    hex	filename
   4452	     20	   1572	   6044	   179c	Solution9.elf
Finished building: default.size.stdout
 
23:56:36 **** Incremental Build of configuration Debug for project Solution1 ****
make -j8 all 
arm-none-eabi-size   Solution1.elf 
   text	   data	    bss	    dec	    hex	filename
   4640	     20	   1572	   6232	   1858	Solution1.elf
Finished building: default.size.stdout
 
23:56:36 **** Incremental Build of configuration Debug for project Solution10 ****
make -j8 all 
arm-none-eabi-gcc "../Core/Src/main.c" -mcpu=cortex-m3 -std=gnu11 -g3 -DDEBUG -DUSE_HAL_DRIVER -DSTM32F103x6 -c -I../Core/Inc -I../Drivers/STM32F1xx_HAL_Driver/Inc -I../Drivers/STM32F1xx_HAL_Driver/Inc/Legacy -I../Drivers/CMSIS/Device/ST/STM32F1xx/Include -I../Drivers/CMSIS/Include -O0 -ffunction-sections -fdata-sections -Wall -fstack-usage -MMD -MP -MF"Core/Src/main.d" -MT"Core/Src/main.o" --specs=nano.specs -mfloat-abi=soft -mthumb -o "Core/Src/main.o"
arm-none-eabi-gcc -o "Solution10.elf" @"objects.list"   -mcpu=cortex-m3 -T"D:\learnin\vixuli-dieukhien\Lab\Lab1\Excercise10\STM\STM32F103C6UX_FLASH.ld" --specs=nosys.specs -Wl,-Map="Solution10.map" -Wl,--gc-sections -static --specs=nano.specs -mfloat-abi=soft -mthumb -Wl,--start-group -lc -lm -Wl,--end-group
Finished building target: Solution10.elf
 
arm-none-eabi-size   Solution10.elf 
arm-none-eabi-objdump -h -S  Solution10.elf  > "Solution10.list"
arm-none-eabi-objcopy  -O ihex  Solution10.elf  "Solution10.hex"
arm-none-eabi-objcopy  -O binary  Solution10.elf  "Solution10.bin"
   text	   data	    bss	    dec	    hex	filename
   5504	     20	   1572	   7096	   1bb8	Solution10.elf
Finished building: default.size.stdout
 
Finished building: Solution10.hex
Finished building: Solution10.bin
Finished building: Solution10.list
 
 
 
23:56:37 **** Incremental Build of configuration Debug for project Solution2 ****
make -j8 all 
arm-none-eabi-size   Solution2.elf 
   text	   data	    bss	    dec	    hex	filename
   4716	     20	   1572	   6308	   18a4	Solution2.elf
Finished building: default.size.stdout
 
23:56:38 **** Incremental Build of configuration Debug for project Solution3 ****
make -j8 all 
arm-none-eabi-size   Solution3.elf 
   text	   data	    bss	    dec	    hex	filename
   4852	     20	   1572	   6444	   192c	Solution3.elf
Finished building: default.size.stdout
 
23:56:38 **** Incremental Build of configuration Debug for project Solution4 ****
make -j8 all 
arm-none-eabi-size   Solution4.elf 
   text	   data	    bss	    dec	    hex	filename
   5336	     20	   1572	   6928	   1b10	Solution4.elf
Finished building: default.size.stdout
 
23:56:38 **** Incremental Build of configuration Debug for project Solution5 ****
make -j8 all 
arm-none-eabi-size   Solution5.elf 
   text	   data	    bss	    dec	    hex	filename
   5732	     20	   1572	   7324	   1c9c	Solution5.elf
Finished building: default.size.stdout
 
23:56:39 **** Incremental Build of configuration Debug for project Solution6 ****
make -j8 all 
arm-none-eabi-size   Solution6.elf 
   text	   data	    bss	    dec	    hex	filename
   4976	     20	   1572	   6568	   19a8	Solution6.elf
Finished building: default.size.stdout
 
23:56:39 **** Incremental Build of configuration Debug for project Solution7 ****
make -j8 all 
arm-none-eabi-size   Solution7.elf 
   text	   data	    bss	    dec	    hex	filename
   4932	     20	   1572	   6524	   197c	Solution7.elf
Finished building: default.size.stdout
 
23:56:39 **** Incremental Build of configuration Debug for project Solution8 ****
make -j8 all 
arm-none-eabi-size   Solution8.elf 
   text	   data	    bss	    dec	    hex	filename
   4452	     20	   1572	   6044	   179c	Solution8.elf
Finished building: default.size.stdout
 
23:56:40 **** Incremental Build of configuration Debug for project Solution9 ****
make -j8 all 
arm-none-eabi-size   Solution9.elf 
   text	   data	    bss	    dec	    hex	filename
   4452	     20	   1572	   6044	   179c	Solution9.elf
Finished building: default.size.stdout
 
