23:56:36 **** Incremental Build of configuration Debug for project Solution10 ****
make -j8 all 
arm-none-eabi-gcc "../Core/Src/main.c" -mcpu=cortex-m3 -std=gnu11 -g3 -DDEBUG -DUSE_HAL_DRIVER -DSTM32F103x6 -c -I../Core/Inc -I../Drivers/STM32F1xx_HAL_Driver/Inc -I../Drivers/STM32F1xx_HAL_Driver/Inc/Legacy -I../Drivers/CMSIS/Device/ST/STM32F1xx/Include -I../Drivers/CMSIS/Include -O0 -ffunction-sections -fdata-sections -Wall -fstack-usage -MMD -MP -MF"Core/Src/main.d" -MT"Core/Src/main.o" --specs=nano.specs -mfloat-abi=soft -mthumb -o "Core/Src/main.o"
arm-none-eabi-gcc -o "Solution10.elf" @"objects.list"   -mcpu=cortex-m3 -T"D:\learnin\vixuli-dieukhien\Lab\Lab1\Excercise10\STM\STM32F103C6UX_FLASH.ld" --specs=nosys.specs -Wl,-Map="Solution10.map" -Wl,--gc-sections -static --specs=nano.specs -mfloat-abi=soft -mthumb -Wl,--start-group -lc -lm -Wl,--end-group
Finished building target: Solution10.elf
 
arm-none-eabi-size   Solution10.elf 
arm-none-eabi-objdump -h -S  Solution10.elf  > "Solution10.list"
arm-none-eabi-objcopy  -O ihex  Solution10.elf  "Solution10.hex"
arm-none-eabi-objcopy  -O binary  Solution10.elf  "Solution10.bin"
   text	   data	    bss	    dec	    hex	filename
   5504	     20	   1572	   7096	   1bb8	Solution10.elf
Finished building: default.size.stdout
 
Finished building: Solution10.hex
Finished building: Solution10.bin
Finished building: Solution10.list
 
 
 

23:56:37 Build Finished. 0 errors, 0 warnings. (took 839ms)

