10:24:34 **** Incremental Build of configuration Debug for project Solution ****
make -j8 all 
arm-none-eabi-gcc "../Core/Src/main.c" -mcpu=cortex-m3 -std=gnu11 -g3 -DDEBUG -DUSE_HAL_DRIVER -DSTM32F103x6 -c -I../Core/Inc -I../Drivers/STM32F1xx_HAL_Driver/Inc -I../Drivers/STM32F1xx_HAL_Driver/Inc/Legacy -I../Drivers/CMSIS/Device/ST/STM32F1xx/Include -I../Drivers/CMSIS/Include -O0 -ffunction-sections -fdata-sections -Wall -fstack-usage -MMD -MP -MF"Core/Src/main.d" -MT"Core/Src/main.o" --specs=nano.specs -mfloat-abi=soft -mthumb -o "Core/Src/main.o"
arm-none-eabi-gcc -o "Solution.elf" @"objects.list"   -mcpu=cortex-m3 -T"D:\learnin\vixuli-dieukhien\Lab\STM\Solution\STM32F103C6UX_FLASH.ld" --specs=nosys.specs -Wl,-Map="Solution.map" -Wl,--gc-sections -static --specs=nano.specs -mfloat-abi=soft -mthumb -Wl,--start-group -lc -lm -Wl,--end-group
Finished building target: Solution.elf
 
arm-none-eabi-size   Solution.elf 
arm-none-eabi-objdump -h -S  Solution.elf  > "Solution.list"
arm-none-eabi-objcopy  -O ihex  Solution.elf  "Solution.hex"
arm-none-eabi-objcopy  -O binary  Solution.elf  "Solution.bin"
   text	   data	    bss	    dec	    hex	filename
  15796	    120	   1872	  17788	   457c	Solution.elf
Finished building: default.size.stdout
 
Finished building: Solution.bin
Finished building: Solution.hex
 
 
Finished building: Solution.list
 

10:24:35 Build Finished. 0 errors, 0 warnings. (took 1s.259ms)

