Archive member included to satisfy reference by file (symbol)

d:/programs/stm32cubeide_1.7.0/stm32cubeide/plugins/com.st.stm32cube.ide.mcu.externaltools.gnu-tools-for-stm32.9-2020-q2-update.win32_2.0.0.202105311346/tools/bin/../lib/gcc/arm-none-eabi/9.3.1/../../../../arm-none-eabi/lib/thumb/v7-m/nofp\libc_nano.a(lib_a-errno.o)
                              ./Core/Src/syscalls.o (__errno)
d:/programs/stm32cubeide_1.7.0/stm32cubeide/plugins/com.st.stm32cube.ide.mcu.externaltools.gnu-tools-for-stm32.9-2020-q2-update.win32_2.0.0.202105311346/tools/bin/../lib/gcc/arm-none-eabi/9.3.1/../../../../arm-none-eabi/lib/thumb/v7-m/nofp\libc_nano.a(lib_a-exit.o)
                              d:/programs/stm32cubeide_1.7.0/stm32cubeide/plugins/com.st.stm32cube.ide.mcu.externaltools.gnu-tools-for-stm32.9-2020-q2-update.win32_2.0.0.202105311346/tools/bin/../lib/gcc/arm-none-eabi/9.3.1/../../../../arm-none-eabi/lib/thumb/v7-m/nofp/crt0.o (exit)
d:/programs/stm32cubeide_1.7.0/stm32cubeide/plugins/com.st.stm32cube.ide.mcu.externaltools.gnu-tools-for-stm32.9-2020-q2-update.win32_2.0.0.202105311346/tools/bin/../lib/gcc/arm-none-eabi/9.3.1/../../../../arm-none-eabi/lib/thumb/v7-m/nofp\libc_nano.a(lib_a-impure.o)
                              d:/programs/stm32cubeide_1.7.0/stm32cubeide/plugins/com.st.stm32cube.ide.mcu.externaltools.gnu-tools-for-stm32.9-2020-q2-update.win32_2.0.0.202105311346/tools/bin/../lib/gcc/arm-none-eabi/9.3.1/../../../../arm-none-eabi/lib/thumb/v7-m/nofp\libc_nano.a(lib_a-exit.o) (_global_impure_ptr)
d:/programs/stm32cubeide_1.7.0/stm32cubeide/plugins/com.st.stm32cube.ide.mcu.externaltools.gnu-tools-for-stm32.9-2020-q2-update.win32_2.0.0.202105311346/tools/bin/../lib/gcc/arm-none-eabi/9.3.1/../../../../arm-none-eabi/lib/thumb/v7-m/nofp\libc_nano.a(lib_a-init.o)
                              d:/programs/stm32cubeide_1.7.0/stm32cubeide/plugins/com.st.stm32cube.ide.mcu.externaltools.gnu-tools-for-stm32.9-2020-q2-update.win32_2.0.0.202105311346/tools/bin/../lib/gcc/arm-none-eabi/9.3.1/../../../../arm-none-eabi/lib/thumb/v7-m/nofp/crt0.o (__libc_init_array)
d:/programs/stm32cubeide_1.7.0/stm32cubeide/plugins/com.st.stm32cube.ide.mcu.externaltools.gnu-tools-for-stm32.9-2020-q2-update.win32_2.0.0.202105311346/tools/bin/../lib/gcc/arm-none-eabi/9.3.1/../../../../arm-none-eabi/lib/thumb/v7-m/nofp\libc_nano.a(lib_a-memset.o)
                              d:/programs/stm32cubeide_1.7.0/stm32cubeide/plugins/com.st.stm32cube.ide.mcu.externaltools.gnu-tools-for-stm32.9-2020-q2-update.win32_2.0.0.202105311346/tools/bin/../lib/gcc/arm-none-eabi/9.3.1/../../../../arm-none-eabi/lib/thumb/v7-m/nofp/crt0.o (memset)

Allocating common symbols
Common symbol       size              file

debounceButtonBuffer1
                    0xc               ./Core/Src/button.o
debounceButtonBuffer2
                    0xc               ./Core/Src/button.o
debounceButtonBuffer3
                    0xc               ./Core/Src/button.o
uwTick              0x4               ./Drivers/STM32F1xx_HAL_Driver/Src/stm32f1xx_hal.o
pFlash              0x20              ./Drivers/STM32F1xx_HAL_Driver/Src/stm32f1xx_hal_flash.o
keyReg              0xc               ./Core/Src/button.o
htim2               0x48              ./Core/Src/main.o

Discarded input sections

 .text          0x0000000000000000        0x0 d:/programs/stm32cubeide_1.7.0/stm32cubeide/plugins/com.st.stm32cube.ide.mcu.externaltools.gnu-tools-for-stm32.9-2020-q2-update.win32_2.0.0.202105311346/tools/bin/../lib/gcc/arm-none-eabi/9.3.1/thumb/v7-m/nofp/crti.o
 .data          0x0000000000000000        0x0 d:/programs/stm32cubeide_1.7.0/stm32cubeide/plugins/com.st.stm32cube.ide.mcu.externaltools.gnu-tools-for-stm32.9-2020-q2-update.win32_2.0.0.202105311346/tools/bin/../lib/gcc/arm-none-eabi/9.3.1/thumb/v7-m/nofp/crti.o
 .bss           0x0000000000000000        0x0 d:/programs/stm32cubeide_1.7.0/stm32cubeide/plugins/com.st.stm32cube.ide.mcu.externaltools.gnu-tools-for-stm32.9-2020-q2-update.win32_2.0.0.202105311346/tools/bin/../lib/gcc/arm-none-eabi/9.3.1/thumb/v7-m/nofp/crti.o
 .data          0x0000000000000000        0x4 d:/programs/stm32cubeide_1.7.0/stm32cubeide/plugins/com.st.stm32cube.ide.mcu.externaltools.gnu-tools-for-stm32.9-2020-q2-update.win32_2.0.0.202105311346/tools/bin/../lib/gcc/arm-none-eabi/9.3.1/thumb/v7-m/nofp/crtbegin.o
 .text          0x0000000000000000       0x7c d:/programs/stm32cubeide_1.7.0/stm32cubeide/plugins/com.st.stm32cube.ide.mcu.externaltools.gnu-tools-for-stm32.9-2020-q2-update.win32_2.0.0.202105311346/tools/bin/../lib/gcc/arm-none-eabi/9.3.1/../../../../arm-none-eabi/lib/thumb/v7-m/nofp/crt0.o
 .data          0x0000000000000000        0x0 d:/programs/stm32cubeide_1.7.0/stm32cubeide/plugins/com.st.stm32cube.ide.mcu.externaltools.gnu-tools-for-stm32.9-2020-q2-update.win32_2.0.0.202105311346/tools/bin/../lib/gcc/arm-none-eabi/9.3.1/../../../../arm-none-eabi/lib/thumb/v7-m/nofp/crt0.o
[...]
Memory Configuration

Name             Origin             Length             Attributes
RAM              0x0000000020000000 0x0000000000002800 xrw
FLASH            0x0000000008000000 0x0000000000008000 xr
*default*        0x0000000000000000 0xffffffffffffffff

Linker script and memory map

LOAD d:/programs/stm32cubeide_1.7.0/stm32cubeide/plugins/com.st.stm32cube.ide.mcu.externaltools.gnu-tools-for-stm32.9-2020-q2-update.win32_2.0.0.202105311346/tools/bin/../lib/gcc/arm-none-eabi/9.3.1/thumb/v7-m/nofp/crti.o
LOAD d:/programs/stm32cubeide_1.7.0/stm32cubeide/plugins/com.st.stm32cube.ide.mcu.externaltools.gnu-tools-for-stm32.9-2020-q2-update.win32_2.0.0.202105311346/tools/bin/../lib/gcc/arm-none-eabi/9.3.1/thumb/v7-m/nofp/crtbegin.o
LOAD d:/programs/stm32cubeide_1.7.0/stm32cubeide/plugins/com.st.stm32cube.ide.mcu.externaltools.gnu-tools-for-stm32.9-2020-q2-update.win32_2.0.0.202105311346/tools/bin/../lib/gcc/arm-none-eabi/9.3.1/../../../../arm-none-eabi/lib/thumb/v7-m/nofp/crt0.o
LOAD ./Core/Src/button.o
LOAD ./Core/Src/display.o
LOAD ./Core/Src/fsm_adjust.o
LOAD ./Core/Src/fsm_normal.o
LOAD ./Core/Src/global.o
LOAD ./Core/Src/main.o
LOAD ./Core/Src/softwaretimer.o
LOAD ./Core/Src/stm32f1xx_hal_msp.o
LOAD ./Core/Src/stm32f1xx_it.o
LOAD ./Core/Src/syscalls.o
LOAD ./Core/Src/sysmem.o
LOAD ./Core/Src/system_stm32f1xx.o
LOAD ./Core/Startup/startup_stm32f103c6ux.o
LOAD ./Drivers/STM32F1xx_HAL_Driver/Src/stm32f1xx_hal.o
LOAD ./Drivers/STM32F1xx_HAL_Driver/Src/stm32f1xx_hal_cortex.o
LOAD ./Drivers/STM32F1xx_HAL_Driver/Src/stm32f1xx_hal_dma.o
LOAD ./Drivers/STM32F1xx_HAL_Driver/Src/stm32f1xx_hal_exti.o
LOAD ./Drivers/STM32F1xx_HAL_Driver/Src/stm32f1xx_hal_flash.o
LOAD ./Drivers/STM32F1xx_HAL_Driver/Src/stm32f1xx_hal_flash_ex.o
LOAD ./Drivers/STM32F1xx_HAL_Driver/Src/stm32f1xx_hal_gpio.o
LOAD ./Drivers/STM32F1xx_HAL_Driver/Src/stm32f1xx_hal_gpio_ex.o
LOAD ./Drivers/STM32F1xx_HAL_Driver/Src/stm32f1xx_hal_pwr.o
LOAD ./Drivers/STM32F1xx_HAL_Driver/Src/stm32f1xx_hal_rcc.o
LOAD ./Drivers/STM32F1xx_HAL_Driver/Src/stm32f1xx_hal_rcc_ex.o
LOAD ./Drivers/STM32F1xx_HAL_Driver/Src/stm32f1xx_hal_tim.o
LOAD ./Drivers/STM32F1xx_HAL_Driver/Src/stm32f1xx_hal_tim_ex.o
START GROUP
LOAD d:/programs/stm32cubeide_1.7.0/stm32cubeide/plugins/com.st.stm32cube.ide.mcu.externaltools.gnu-tools-for-stm32.9-2020-q2-update.win32_2.0.0.202105311346/tools/bin/../lib/gcc/arm-none-eabi/9.3.1/../../../../arm-none-eabi/lib/thumb/v7-m/nofp\libc_nano.a
LOAD d:/programs/stm32cubeide_1.7.0/stm32cubeide/plugins/com.st.stm32cube.ide.mcu.externaltools.gnu-tools-for-stm32.9-2020-q2-update.win32_2.0.0.202105311346/tools/bin/../lib/gcc/arm-none-eabi/9.3.1/../../../../arm-none-eabi/lib/thumb/v7-m/nofp\libm.a
END GROUP
START GROUP
LOAD d:/programs/stm32cubeide_1.7.0/stm32cubeide/plugins/com.st.stm32cube.ide.mcu.externaltools.gnu-tools-for-stm32.9-2020-q2-update.win32_2.0.0.202105311346/tools/bin/../lib/gcc/arm-none-eabi/9.3.1/thumb/v7-m/nofp\libgcc.a
LOAD d:/programs/stm32cubeide_1.7.0/stm32cubeide/plugins/com.st.stm32cube.ide.mcu.externaltools.gnu-tools-for-stm32.9-2020-q2-update.win32_2.0.0.202105311346/tools/bin/../lib/gcc/arm-none-eabi/9.3.1/../../../../arm-none-eabi/lib/thumb/v7-m/nofp\libc_nano.a
END GROUP
START GROUP
LOAD d:/programs/stm32cubeide_1.7.0/stm32cubeide/plugins/com.st.stm32cube.ide.mcu.externaltools.gnu-tools-for-stm32.9-2020-q2-update.win32_2.0.0.202105311346/tools/bin/../lib/gcc/arm-none-eabi/9.3.1/thumb/v7-m/nofp\libgcc.a
LOAD d:/programs/stm32cubeide_1.7.0/stm32cubeide/plugins/com.st.stm32cube.ide.mcu.externaltools.gnu-tools-for-stm32.9-2020-q2-update.win32_2.0.0.202105311346/tools/bin/../lib/gcc/arm-none-eabi/9.3.1/../../../../arm-none-eabi/lib/thumb/v7-m/nofp\libc_nano.a
LOAD d:/programs/stm32cubeide_1.7.0/stm32cubeide/plugins/com.st.stm32cube.ide.mcu.externaltools.gnu-tools-for-stm32.9-2020-q2-update.win32_2.0.0.202105311346/tools/bin/../lib/gcc/arm-none-eabi/9.3.1/../../../../arm-none-eabi/lib/thumb/v7-m/nofp\libnosys.a
END GROUP
START GROUP
LOAD d:/programs/stm32cubeide_1.7.0/stm32cubeide/plugins/com.st.stm32cube.ide.mcu.externaltools.gnu-tools-for-stm32.9-2020-q2-update.win32_2.0.0.202105311346/tools/bin/../lib/gcc/arm-none-eabi/9.3.1/thumb/v7-m/nofp\libgcc.a
LOAD d:/programs/stm32cubeide_1.7.0/stm32cubeide/plugins/com.st.stm32cube.ide.mcu.externaltools.gnu-tools-for-stm32.9-2020-q2-update.win32_2.0.0.202105311346/tools/bin/../lib/gcc/arm-none-eabi/9.3.1/../../../../arm-none-eabi/lib/thumb/v7-m/nofp\libc_nano.a
LOAD d:/programs/stm32cubeide_1.7.0/stm32cubeide/plugins/com.st.stm32cube.ide.mcu.externaltools.gnu-tools-for-stm32.9-2020-q2-update.win32_2.0.0.202105311346/tools/bin/../lib/gcc/arm-none-eabi/9.3.1/../../../../arm-none-eabi/lib/thumb/v7-m/nofp\libnosys.a
END GROUP
LOAD d:/programs/stm32cubeide_1.7.0/stm32cubeide/plugins/com.st.stm32cube.ide.mcu.externaltools.gnu-tools-for-stm32.9-2020-q2-update.win32_2.0.0.202105311346/tools/bin/../lib/gcc/arm-none-eabi/9.3.1/thumb/v7-m/nofp/crtend.o
LOAD d:/programs/stm32cubeide_1.7.0/stm32cubeide/plugins/com.st.stm32cube.ide.mcu.externaltools.gnu-tools-for-stm32.9-2020-q2-update.win32_2.0.0.202105311346/tools/bin/../lib/gcc/arm-none-eabi/9.3.1/thumb/v7-m/nofp/crtn.o
                0x0000000020002800                _estack = (ORIGIN (RAM) + LENGTH (RAM))
                0x0000000000000200                _Min_Heap_Size = 0x200
                0x0000000000000400                _Min_Stack_Size = 0x400

.isr_vector     0x0000000008000000      0x10c
                0x0000000008000000                . = ALIGN (0x4)
 *(.isr_vector)
 .isr_vector    0x0000000008000000      0x10c ./Core/Startup/startup_stm32f103c6ux.o
                0x0000000008000000                g_pfnVectors
                0x000000000800010c                . = ALIGN (0x4)

.text           0x000000000800010c     0x29a4
                0x000000000800010c                . = ALIGN (0x4)
 *(.text)
 .text          0x000000000800010c       0x40 d:/programs/stm32cubeide_1.7.0/stm32cubeide/plugins/com.st.stm32cube.ide.mcu.externaltools.gnu-tools-for-stm32.9-2020-q2-update.win32_2.0.0.202105311346/tools/bin/../lib/gcc/arm-none-eabi/9.3.1/thumb/v7-m/nofp/crtbegin.o
 *(.text*)
 .text.getKeyInput
                0x000000000800014c      0x1a8 ./Core/Src/button.o
                0x000000000800014c                getKeyInput
 .text.update7SEGBuffer
                0x00000000080002f4       0x78 ./Core/Src/display.o
                0x00000000080002f4                update7SEGBuffer
 .text.updateFirstCouple7SEGBuffer
                0x000000000800036c       0x48 ./Core/Src/display.o
                0x000000000800036c                updateFirstCouple7SEGBuffer
 .text.updateSecondCouple7SEGBuffer
                0x00000000080003b4       0x48 ./Core/Src/display.o
                0x00000000080003b4                updateSecondCouple7SEGBuffer
 .text.display7SEG
                0x00000000080003fc       0x40 ./Core/Src/display.o
                0x00000000080003fc                display7SEG
 .text.update7SEG
                0x000000000800043c       0xb8 ./Core/Src/display.o
                0x000000000800043c                update7SEG
 .text.assignPin7SEG
                0x00000000080004f4      0x370 ./Core/Src/display.o
                0x00000000080004f4                assignPin7SEG
 .text.fsm_adjust_run
                0x0000000008000864      0x27c ./Core/Src/fsm_adjust.o
                0x0000000008000864                fsm_adjust_run
 .text.fsm_normal_run
                0x0000000008000ae0      0x4ac ./Core/Src/fsm_normal.o
                0x0000000008000ae0                fsm_normal_run
 .text.main     0x0000000008000f8c       0x40 ./Core/Src/main.o
                0x0000000008000f8c                main
 .text.SystemClock_Config
                0x0000000008000fcc       0x76 ./Core/Src/main.o
                0x0000000008000fcc                SystemClock_Config
 *fill*         0x0000000008001042        0x2 
 .text.MX_TIM2_Init
                0x0000000008001044       0x98 ./Core/Src/main.o
 .text.MX_GPIO_Init
                0x00000000080010dc       0xc8 ./Core/Src/main.o
 .text.HAL_TIM_PeriodElapsedCallback
                0x00000000080011a4       0x18 ./Core/Src/main.o
                0x00000000080011a4                HAL_TIM_PeriodElapsedCallback
 .text.Error_Handler
                0x00000000080011bc        0xa ./Core/Src/main.o
                0x00000000080011bc                Error_Handler
 *fill*         0x00000000080011c6        0x2 
 .text.timer_run
                0x00000000080011c8       0x6c ./Core/Src/softwaretimer.o
                0x00000000080011c8                timer_run
 .text.setTimer0_ms
                0x0000000008001234       0x38 ./Core/Src/softwaretimer.o
                0x0000000008001234                setTimer0_ms
 .text.setTimer1_ms
                0x000000000800126c       0x38 ./Core/Src/softwaretimer.o
                0x000000000800126c                setTimer1_ms
 .text.setTimer2_ms
                0x00000000080012a4       0x38 ./Core/Src/softwaretimer.o
                0x00000000080012a4                setTimer2_ms
 .text.HAL_MspInit
                0x00000000080012dc       0x64 ./Core/Src/stm32f1xx_hal_msp.o
                0x00000000080012dc                HAL_MspInit
 .text.HAL_TIM_Base_MspInit
                0x0000000008001340       0x48 ./Core/Src/stm32f1xx_hal_msp.o
                0x0000000008001340                HAL_TIM_Base_MspInit
 .text.NMI_Handler
                0x0000000008001388        0x6 ./Core/Src/stm32f1xx_it.o
                0x0000000008001388                NMI_Handler
 .text.HardFault_Handler
                0x000000000800138e        0x6 ./Core/Src/stm32f1xx_it.o
                0x000000000800138e                HardFault_Handler
 .text.MemManage_Handler
                0x0000000008001394        0x6 ./Core/Src/stm32f1xx_it.o
                0x0000000008001394                MemManage_Handler
 .text.BusFault_Handler
                0x000000000800139a        0x6 ./Core/Src/stm32f1xx_it.o
                0x000000000800139a                BusFault_Handler
 .text.UsageFault_Handler
                0x00000000080013a0        0x6 ./Core/Src/stm32f1xx_it.o
                0x00000000080013a0                UsageFault_Handler
 .text.SVC_Handler
                0x00000000080013a6        0xc ./Core/Src/stm32f1xx_it.o
                0x00000000080013a6                SVC_Handler
 .text.DebugMon_Handler
                0x00000000080013b2        0xc ./Core/Src/stm32f1xx_it.o
                0x00000000080013b2                DebugMon_Handler
 .text.PendSV_Handler
                0x00000000080013be        0xc ./Core/Src/stm32f1xx_it.o
                0x00000000080013be                PendSV_Handler
 .text.SysTick_Handler
                0x00000000080013ca        0xc ./Core/Src/stm32f1xx_it.o
                0x00000000080013ca                SysTick_Handler
 *fill*         0x00000000080013d6        0x2 
 .text.TIM2_IRQHandler
                0x00000000080013d8       0x14 ./Core/Src/stm32f1xx_it.o
                0x00000000080013d8                TIM2_IRQHandler
 .text.SystemInit
                0x00000000080013ec        0xc ./Core/Src/system_stm32f1xx.o
                0x00000000080013ec                SystemInit
 .text.Reset_Handler
                0x00000000080013f8       0x48 ./Core/Startup/startup_stm32f103c6ux.o
                0x00000000080013f8                Reset_Handler
 .text.Default_Handler
                0x0000000008001440        0x2 ./Core/Startup/startup_stm32f103c6ux.o
                0x0000000008001440                RTC_Alarm_IRQHandler
                0x0000000008001440                EXTI2_IRQHandler
                0x0000000008001440                TIM1_CC_IRQHandler
                0x0000000008001440                PVD_IRQHandler
                0x0000000008001440                EXTI3_IRQHandler
                0x0000000008001440                EXTI0_IRQHandler
                0x0000000008001440                ADC1_2_IRQHandler
                0x0000000008001440                SPI1_IRQHandler
                0x0000000008001440                TAMPER_IRQHandler
                0x0000000008001440                DMA1_Channel4_IRQHandler
                0x0000000008001440                RTC_IRQHandler
                0x0000000008001440                DMA1_Channel7_IRQHandler
                0x0000000008001440                CAN1_RX1_IRQHandler
                0x0000000008001440                I2C1_EV_IRQHandler
                0x0000000008001440                DMA1_Channel6_IRQHandler
                0x0000000008001440                TIM3_IRQHandler
                0x0000000008001440                RCC_IRQHandler
                0x0000000008001440                TIM1_TRG_COM_IRQHandler
                0x0000000008001440                DMA1_Channel1_IRQHandler
                0x0000000008001440                Default_Handler
                0x0000000008001440                EXTI15_10_IRQHandler
                0x0000000008001440                EXTI9_5_IRQHandler
                0x0000000008001440                DMA1_Channel5_IRQHandler
                0x0000000008001440                EXTI4_IRQHandler
                0x0000000008001440                USB_LP_CAN1_RX0_IRQHandler
                0x0000000008001440                USB_HP_CAN1_TX_IRQHandler
                0x0000000008001440                DMA1_Channel3_IRQHandler
                0x0000000008001440                TIM1_UP_IRQHandler
                0x0000000008001440                WWDG_IRQHandler
                0x0000000008001440                TIM1_BRK_IRQHandler
                0x0000000008001440                EXTI1_IRQHandler
                0x0000000008001440                USART2_IRQHandler
                0x0000000008001440                DMA1_Channel2_IRQHandler
                0x0000000008001440                CAN1_SCE_IRQHandler
                0x0000000008001440                FLASH_IRQHandler
                0x0000000008001440                USART1_IRQHandler
                0x0000000008001440                I2C1_ER_IRQHandler
                0x0000000008001440                USBWakeUp_IRQHandler
 *fill*         0x0000000008001442        0x2 
 .text.HAL_Init
                0x0000000008001444       0x2c ./Drivers/STM32F1xx_HAL_Driver/Src/stm32f1xx_hal.o
                0x0000000008001444                HAL_Init
 .text.HAL_InitTick
                0x0000000008001470       0x60 ./Drivers/STM32F1xx_HAL_Driver/Src/stm32f1xx_hal.o
                0x0000000008001470                HAL_InitTick
 .text.HAL_IncTick
                0x00000000080014d0       0x24 ./Drivers/STM32F1xx_HAL_Driver/Src/stm32f1xx_hal.o
                0x00000000080014d0                HAL_IncTick
 .text.HAL_GetTick
                0x00000000080014f4       0x14 ./Drivers/STM32F1xx_HAL_Driver/Src/stm32f1xx_hal.o
                0x00000000080014f4                HAL_GetTick
 .text.__NVIC_SetPriorityGrouping
                0x0000000008001508       0x48 ./Drivers/STM32F1xx_HAL_Driver/Src/stm32f1xx_hal_cortex.o
 .text.__NVIC_GetPriorityGrouping
                0x0000000008001550       0x1c ./Drivers/STM32F1xx_HAL_Driver/Src/stm32f1xx_hal_cortex.o
 .text.__NVIC_EnableIRQ
                0x000000000800156c       0x38 ./Drivers/STM32F1xx_HAL_Driver/Src/stm32f1xx_hal_cortex.o
 .text.__NVIC_SetPriority
                0x00000000080015a4       0x54 ./Drivers/STM32F1xx_HAL_Driver/Src/stm32f1xx_hal_cortex.o
 .text.NVIC_EncodePriority
                0x00000000080015f8       0x64 ./Drivers/STM32F1xx_HAL_Driver/Src/stm32f1xx_hal_cortex.o
 .text.SysTick_Config
                0x000000000800165c       0x44 ./Drivers/STM32F1xx_HAL_Driver/Src/stm32f1xx_hal_cortex.o
 .text.HAL_NVIC_SetPriorityGrouping
                0x00000000080016a0       0x16 ./Drivers/STM32F1xx_HAL_Driver/Src/stm32f1xx_hal_cortex.o
                0x00000000080016a0                HAL_NVIC_SetPriorityGrouping
 .text.HAL_NVIC_SetPriority
                0x00000000080016b6       0x38 ./Drivers/STM32F1xx_HAL_Driver/Src/stm32f1xx_hal_cortex.o
                0x00000000080016b6                HAL_NVIC_SetPriority
 .text.HAL_NVIC_EnableIRQ
                0x00000000080016ee       0x1c ./Drivers/STM32F1xx_HAL_Driver/Src/stm32f1xx_hal_cortex.o
                0x00000000080016ee                HAL_NVIC_EnableIRQ
 .text.HAL_SYSTICK_Config
                0x000000000800170a       0x18 ./Drivers/STM32F1xx_HAL_Driver/Src/stm32f1xx_hal_cortex.o
                0x000000000800170a                HAL_SYSTICK_Config
 *fill*         0x0000000008001722        0x2 
 .text.HAL_GPIO_Init
                0x0000000008001724      0x2f4 ./Drivers/STM32F1xx_HAL_Driver/Src/stm32f1xx_hal_gpio.o
                0x0000000008001724                HAL_GPIO_Init
 .text.HAL_GPIO_ReadPin
                0x0000000008001a18       0x2e ./Drivers/STM32F1xx_HAL_Driver/Src/stm32f1xx_hal_gpio.o
                0x0000000008001a18                HAL_GPIO_ReadPin
 .text.HAL_GPIO_WritePin
                0x0000000008001a46       0x30 ./Drivers/STM32F1xx_HAL_Driver/Src/stm32f1xx_hal_gpio.o
                0x0000000008001a46                HAL_GPIO_WritePin
 .text.HAL_GPIO_TogglePin
                0x0000000008001a76       0x32 ./Drivers/STM32F1xx_HAL_Driver/Src/stm32f1xx_hal_gpio.o
                0x0000000008001a76                HAL_GPIO_TogglePin
 .text.HAL_RCC_OscConfig
                0x0000000008001aa8      0x500 ./Drivers/STM32F1xx_HAL_Driver/Src/stm32f1xx_hal_rcc.o
                0x0000000008001aa8                HAL_RCC_OscConfig
 .text.HAL_RCC_ClockConfig
                0x0000000008001fa8      0x1d4 ./Drivers/STM32F1xx_HAL_Driver/Src/stm32f1xx_hal_rcc.o
                0x0000000008001fa8                HAL_RCC_ClockConfig
 .text.HAL_RCC_GetSysClockFreq
                0x000000000800217c       0xc0 ./Drivers/STM32F1xx_HAL_Driver/Src/stm32f1xx_hal_rcc.o
                0x000000000800217c                HAL_RCC_GetSysClockFreq
 .text.RCC_Delay
                0x000000000800223c       0x3c ./Drivers/STM32F1xx_HAL_Driver/Src/stm32f1xx_hal_rcc.o
 .text.HAL_TIM_Base_Init
                0x0000000008002278       0x9e ./Drivers/STM32F1xx_HAL_Driver/Src/stm32f1xx_hal_tim.o
                0x0000000008002278                HAL_TIM_Base_Init
 *fill*         0x0000000008002316        0x2 
 .text.HAL_TIM_Base_Start_IT
                0x0000000008002318       0x98 ./Drivers/STM32F1xx_HAL_Driver/Src/stm32f1xx_hal_tim.o
                0x0000000008002318                HAL_TIM_Base_Start_IT
 .text.HAL_TIM_IRQHandler
                0x00000000080023b0      0x210 ./Drivers/STM32F1xx_HAL_Driver/Src/stm32f1xx_hal_tim.o
                0x00000000080023b0                HAL_TIM_IRQHandler
 .text.HAL_TIM_ConfigClockSource
                0x00000000080025c0      0x188 ./Drivers/STM32F1xx_HAL_Driver/Src/stm32f1xx_hal_tim.o
                0x00000000080025c0                HAL_TIM_ConfigClockSource
 .text.HAL_TIM_OC_DelayElapsedCallback
                0x0000000008002748       0x12 ./Drivers/STM32F1xx_HAL_Driver/Src/stm32f1xx_hal_tim.o
                0x0000000008002748                HAL_TIM_OC_DelayElapsedCallback
 .text.HAL_TIM_IC_CaptureCallback
                0x000000000800275a       0x12 ./Drivers/STM32F1xx_HAL_Driver/Src/stm32f1xx_hal_tim.o
                0x000000000800275a                HAL_TIM_IC_CaptureCallback
 .text.HAL_TIM_PWM_PulseFinishedCallback
                0x000000000800276c       0x12 ./Drivers/STM32F1xx_HAL_Driver/Src/stm32f1xx_hal_tim.o
                0x000000000800276c                HAL_TIM_PWM_PulseFinishedCallback
 .text.HAL_TIM_TriggerCallback
                0x000000000800277e       0x12 ./Drivers/STM32F1xx_HAL_Driver/Src/stm32f1xx_hal_tim.o
                0x000000000800277e                HAL_TIM_TriggerCallback
 .text.TIM_Base_SetConfig
                0x0000000008002790       0xb0 ./Drivers/STM32F1xx_HAL_Driver/Src/stm32f1xx_hal_tim.o
                0x0000000008002790                TIM_Base_SetConfig
 .text.TIM_TI1_ConfigInputStage
                0x0000000008002840       0x5c ./Drivers/STM32F1xx_HAL_Driver/Src/stm32f1xx_hal_tim.o
 .text.TIM_TI2_ConfigInputStage
                0x000000000800289c       0x5e ./Drivers/STM32F1xx_HAL_Driver/Src/stm32f1xx_hal_tim.o
 .text.TIM_ITRx_SetConfig
                0x00000000080028fa       0x34 ./Drivers/STM32F1xx_HAL_Driver/Src/stm32f1xx_hal_tim.o
 .text.TIM_ETR_SetConfig
                0x000000000800292e       0x3e ./Drivers/STM32F1xx_HAL_Driver/Src/stm32f1xx_hal_tim.o
                0x000000000800292e                TIM_ETR_SetConfig
 .text.HAL_TIMEx_MasterConfigSynchronization
                0x000000000800296c       0xb0 ./Drivers/STM32F1xx_HAL_Driver/Src/stm32f1xx_hal_tim_ex.o
                0x000000000800296c                HAL_TIMEx_MasterConfigSynchronization
 .text.HAL_TIMEx_CommutCallback
                0x0000000008002a1c       0x12 ./Drivers/STM32F1xx_HAL_Driver/Src/stm32f1xx_hal_tim_ex.o
                0x0000000008002a1c                HAL_TIMEx_CommutCallback
 .text.HAL_TIMEx_BreakCallback
                0x0000000008002a2e       0x12 ./Drivers/STM32F1xx_HAL_Driver/Src/stm32f1xx_hal_tim_ex.o
                0x0000000008002a2e                HAL_TIMEx_BreakCallback
 .text.__libc_init_array
                0x0000000008002a40       0x48 d:/programs/stm32cubeide_1.7.0/stm32cubeide/plugins/com.st.stm32cube.ide.mcu.externaltools.gnu-tools-for-stm32.9-2020-q2-update.win32_2.0.0.202105311346/tools/bin/../lib/gcc/arm-none-eabi/9.3.1/../../../../arm-none-eabi/lib/thumb/v7-m/nofp\libc_nano.a(lib_a-init.o)
                0x0000000008002a40                __libc_init_array
 .text.memset   0x0000000008002a88       0x10 d:/programs/stm32cubeide_1.7.0/stm32cubeide/plugins/com.st.stm32cube.ide.mcu.externaltools.gnu-tools-for-stm32.9-2020-q2-update.win32_2.0.0.202105311346/tools/bin/../lib/gcc/arm-none-eabi/9.3.1/../../../../arm-none-eabi/lib/thumb/v7-m/nofp\libc_nano.a(lib_a-memset.o)
                0x0000000008002a88                memset
 *(.glue_7)
 .glue_7        0x0000000008002a98        0x0 linker stubs
 *(.glue_7t)
 .glue_7t       0x0000000008002a98        0x0 linker stubs
 *(.eh_frame)
 .eh_frame      0x0000000008002a98        0x0 d:/programs/stm32cubeide_1.7.0/stm32cubeide/plugins/com.st.stm32cube.ide.mcu.externaltools.gnu-tools-for-stm32.9-2020-q2-update.win32_2.0.0.202105311346/tools/bin/../lib/gcc/arm-none-eabi/9.3.1/thumb/v7-m/nofp/crtbegin.o
 *(.init)
 .init          0x0000000008002a98        0x4 d:/programs/stm32cubeide_1.7.0/stm32cubeide/plugins/com.st.stm32cube.ide.mcu.externaltools.gnu-tools-for-stm32.9-2020-q2-update.win32_2.0.0.202105311346/tools/bin/../lib/gcc/arm-none-eabi/9.3.1/thumb/v7-m/nofp/crti.o
                0x0000000008002a98                _init
 .init          0x0000000008002a9c        0x8 d:/programs/stm32cubeide_1.7.0/stm32cubeide/plugins/com.st.stm32cube.ide.mcu.externaltools.gnu-tools-for-stm32.9-2020-q2-update.win32_2.0.0.202105311346/tools/bin/../lib/gcc/arm-none-eabi/9.3.1/thumb/v7-m/nofp/crtn.o
 *(.fini)
 .fini          0x0000000008002aa4        0x4 d:/programs/stm32cubeide_1.7.0/stm32cubeide/plugins/com.st.stm32cube.ide.mcu.externaltools.gnu-tools-for-stm32.9-2020-q2-update.win32_2.0.0.202105311346/tools/bin/../lib/gcc/arm-none-eabi/9.3.1/thumb/v7-m/nofp/crti.o
                0x0000000008002aa4                _fini
 .fini          0x0000000008002aa8        0x8 d:/programs/stm32cubeide_1.7.0/stm32cubeide/plugins/com.st.stm32cube.ide.mcu.externaltools.gnu-tools-for-stm32.9-2020-q2-update.win32_2.0.0.202105311346/tools/bin/../lib/gcc/arm-none-eabi/9.3.1/thumb/v7-m/nofp/crtn.o
                0x0000000008002ab0                . = ALIGN (0x4)
                0x0000000008002ab0                _etext = .

.vfp11_veneer   0x0000000008002ab0        0x0
 .vfp11_veneer  0x0000000008002ab0        0x0 linker stubs

.v4_bx          0x0000000008002ab0        0x0
 .v4_bx         0x0000000008002ab0        0x0 linker stubs

.iplt           0x0000000008002ab0        0x0
 .iplt          0x0000000008002ab0        0x0 d:/programs/stm32cubeide_1.7.0/stm32cubeide/plugins/com.st.stm32cube.ide.mcu.externaltools.gnu-tools-for-stm32.9-2020-q2-update.win32_2.0.0.202105311346/tools/bin/../lib/gcc/arm-none-eabi/9.3.1/thumb/v7-m/nofp/crtbegin.o

.rodata         0x0000000008002ab0       0x20
                0x0000000008002ab0                . = ALIGN (0x4)
 *(.rodata)
 .rodata        0x0000000008002ab0       0x10 ./Drivers/STM32F1xx_HAL_Driver/Src/stm32f1xx_hal_rcc.o
 *(.rodata*)
 .rodata.AHBPrescTable
                0x0000000008002ac0       0x10 ./Core/Src/system_stm32f1xx.o
                0x0000000008002ac0                AHBPrescTable
                0x0000000008002ad0                . = ALIGN (0x4)

.rel.dyn        0x0000000008002ad0        0x0
 .rel.iplt      0x0000000008002ad0        0x0 d:/programs/stm32cubeide_1.7.0/stm32cubeide/plugins/com.st.stm32cube.ide.mcu.externaltools.gnu-tools-for-stm32.9-2020-q2-update.win32_2.0.0.202105311346/tools/bin/../lib/gcc/arm-none-eabi/9.3.1/thumb/v7-m/nofp/crtbegin.o

.ARM.extab      0x0000000008002ad0        0x0
                0x0000000008002ad0                . = ALIGN (0x4)
 *(.ARM.extab* .gnu.linkonce.armextab.*)
                0x0000000008002ad0                . = ALIGN (0x4)

.ARM            0x0000000008002ad0        0x0
                0x0000000008002ad0                . = ALIGN (0x4)
                0x0000000008002ad0                __exidx_start = .
 *(.ARM.exidx*)
                0x0000000008002ad0                __exidx_end = .
                0x0000000008002ad0                . = ALIGN (0x4)

.preinit_array  0x0000000008002ad0        0x0
                0x0000000008002ad0                . = ALIGN (0x4)
                0x0000000008002ad0                PROVIDE (__preinit_array_start = .)
 *(.preinit_array*)
                0x0000000008002ad0                PROVIDE (__preinit_array_end = .)
                0x0000000008002ad0                . = ALIGN (0x4)

.init_array     0x0000000008002ad0        0x4
                0x0000000008002ad0                . = ALIGN (0x4)
                0x0000000008002ad0                PROVIDE (__init_array_start = .)
 *(SORT_BY_NAME(.init_array.*))
 *(.init_array*)
 .init_array    0x0000000008002ad0        0x4 d:/programs/stm32cubeide_1.7.0/stm32cubeide/plugins/com.st.stm32cube.ide.mcu.externaltools.gnu-tools-for-stm32.9-2020-q2-update.win32_2.0.0.202105311346/tools/bin/../lib/gcc/arm-none-eabi/9.3.1/thumb/v7-m/nofp/crtbegin.o
                0x0000000008002ad4                PROVIDE (__init_array_end = .)
                0x0000000008002ad4                . = ALIGN (0x4)

.fini_array     0x0000000008002ad4        0x4
                0x0000000008002ad4                . = ALIGN (0x4)
                [!provide]                        PROVIDE (__fini_array_start = .)
 *(SORT_BY_NAME(.fini_array.*))
 *(.fini_array*)
 .fini_array    0x0000000008002ad4        0x4 d:/programs/stm32cubeide_1.7.0/stm32cubeide/plugins/com.st.stm32cube.ide.mcu.externaltools.gnu-tools-for-stm32.9-2020-q2-update.win32_2.0.0.202105311346/tools/bin/../lib/gcc/arm-none-eabi/9.3.1/thumb/v7-m/nofp/crtbegin.o
                [!provide]                        PROVIDE (__fini_array_end = .)
                0x0000000008002ad8                . = ALIGN (0x4)
                0x0000000008002ad8                _sidata = LOADADDR (.data)

.data           0x0000000020000000       0x3c load address 0x0000000008002ad8
                0x0000000020000000                . = ALIGN (0x4)
                0x0000000020000000                _sdata = .
 *(.data)
 *(.data*)
 .data.button0_press_count
                0x0000000020000000        0x4 ./Core/Src/button.o
                0x0000000020000000                button0_press_count
 .data.button1_press_count
                0x0000000020000004        0x4 ./Core/Src/button.o
                0x0000000020000004                button1_press_count
 .data.button2_press_count
                0x0000000020000008        0x4 ./Core/Src/button.o
                0x0000000020000008                button2_press_count
 .data.display_led_num
                0x000000002000000c        0x4 ./Core/Src/display.o
                0x000000002000000c                display_led_num
 .data.led7segBuffer
                0x0000000020000010       0x10 ./Core/Src/global.o
                0x0000000020000010                led7segBuffer
 .data.red_count
                0x0000000020000020        0x4 ./Core/Src/global.o
                0x0000000020000020                red_count
 .data.green_count
                0x0000000020000024        0x4 ./Core/Src/global.o
                0x0000000020000024                green_count
 .data.yellow_count
                0x0000000020000028        0x4 ./Core/Src/global.o
                0x0000000020000028                yellow_count
 .data.increasing_num
                0x000000002000002c        0x4 ./Core/Src/global.o
                0x000000002000002c                increasing_num
 .data.SystemCoreClock
                0x0000000020000030        0x4 ./Core/Src/system_stm32f1xx.o
                0x0000000020000030                SystemCoreClock
 .data.uwTickPrio
                0x0000000020000034        0x4 ./Drivers/STM32F1xx_HAL_Driver/Src/stm32f1xx_hal.o
                0x0000000020000034                uwTickPrio
 .data.uwTickFreq
                0x0000000020000038        0x1 ./Drivers/STM32F1xx_HAL_Driver/Src/stm32f1xx_hal.o
                0x0000000020000038                uwTickFreq
 *(.RamFunc)
 *(.RamFunc*)
                0x000000002000003c                . = ALIGN (0x4)
 *fill*         0x0000000020000039        0x3 
                0x000000002000003c                _edata = .

.igot.plt       0x000000002000003c        0x0 load address 0x0000000008002b14
 .igot.plt      0x000000002000003c        0x0 d:/programs/stm32cubeide_1.7.0/stm32cubeide/plugins/com.st.stm32cube.ide.mcu.externaltools.gnu-tools-for-stm32.9-2020-q2-update.win32_2.0.0.202105311346/tools/bin/../lib/gcc/arm-none-eabi/9.3.1/thumb/v7-m/nofp/crtbegin.o
                0x000000002000003c                . = ALIGN (0x4)

.bss            0x000000002000003c       0xc4 load address 0x0000000008002b14
                0x000000002000003c                _sbss = .
                0x000000002000003c                __bss_start__ = _sbss
 *(.bss)
 .bss           0x000000002000003c       0x1c d:/programs/stm32cubeide_1.7.0/stm32cubeide/plugins/com.st.stm32cube.ide.mcu.externaltools.gnu-tools-for-stm32.9-2020-q2-update.win32_2.0.0.202105311346/tools/bin/../lib/gcc/arm-none-eabi/9.3.1/thumb/v7-m/nofp/crtbegin.o
 *(.bss*)
 .bss.button0_flag
                0x0000000020000058        0x4 ./Core/Src/button.o
                0x0000000020000058                button0_flag
 .bss.button1_flag
                0x000000002000005c        0x4 ./Core/Src/button.o
                0x000000002000005c                button1_flag
 .bss.button2_flag
                0x0000000020000060        0x4 ./Core/Src/button.o
                0x0000000020000060                button2_flag
 .bss.deletion_count
                0x0000000020000064        0x4 ./Core/Src/fsm_normal.o
                0x0000000020000064                deletion_count
 .bss.status    0x0000000020000068        0x4 ./Core/Src/global.o
                0x0000000020000068                status
 .bss.timer0_flag
                0x000000002000006c        0x4 ./Core/Src/softwaretimer.o
                0x000000002000006c                timer0_flag
 .bss.timer1_flag
                0x0000000020000070        0x4 ./Core/Src/softwaretimer.o
                0x0000000020000070                timer1_flag
 .bss.timer2_flag
                0x0000000020000074        0x4 ./Core/Src/softwaretimer.o
                0x0000000020000074                timer2_flag
 .bss.timer0_count
                0x0000000020000078        0x4 ./Core/Src/softwaretimer.o
                0x0000000020000078                timer0_count
 .bss.timer1_count
                0x000000002000007c        0x4 ./Core/Src/softwaretimer.o
                0x000000002000007c                timer1_count
 .bss.timer2_count
                0x0000000020000080        0x4 ./Core/Src/softwaretimer.o
                0x0000000020000080                timer2_count
 *(COMMON)
 COMMON         0x0000000020000084       0x30 ./Core/Src/button.o
                0x0000000020000084                debounceButtonBuffer1
                0x0000000020000090                debounceButtonBuffer2
                0x000000002000009c                debounceButtonBuffer3
                0x00000000200000a8                keyReg
 COMMON         0x00000000200000b4       0x48 ./Core/Src/main.o
                0x00000000200000b4                htim2
 COMMON         0x00000000200000fc        0x4 ./Drivers/STM32F1xx_HAL_Driver/Src/stm32f1xx_hal.o
                0x00000000200000fc                uwTick
                0x0000000020000100                . = ALIGN (0x4)
                0x0000000020000100                _ebss = .
                0x0000000020000100                __bss_end__ = _ebss

._user_heap_stack
                0x0000000020000100      0x600 load address 0x0000000008002b14
                0x0000000020000100                . = ALIGN (0x8)
                [!provide]                        PROVIDE (end = .)
                0x0000000020000100                PROVIDE (_end = .)
                0x0000000020000300                . = (. + _Min_Heap_Size)
 *fill*         0x0000000020000100      0x200 
                0x0000000020000700                . = (. + _Min_Stack_Size)
 *fill*         0x0000000020000300      0x400 
                0x0000000020000700                . = ALIGN (0x8)

/DISCARD/
 libc.a(*)
 libm.a(*)
 libgcc.a(*)

.ARM.attributes
                0x0000000000000000       0x29
 *(.ARM.attributes)
 .ARM.attributes
                0x0000000000000000       0x1d d:/programs/stm32cubeide_1.7.0/stm32cubeide/plugins/com.st.stm32cube.ide.mcu.externaltools.gnu-tools-for-stm32.9-2020-q2-update.win32_2.0.0.202105311346/tools/bin/../lib/gcc/arm-none-eabi/9.3.1/thumb/v7-m/nofp/crti.o
 .ARM.attributes
                0x000000000000001d       0x2d d:/programs/stm32cubeide_1.7.0/stm32cubeide/plugins/com.st.stm32cube.ide.mcu.externaltools.gnu-tools-for-stm32.9-2020-q2-update.win32_2.0.0.202105311346/tools/bin/../lib/gcc/arm-none-eabi/9.3.1/thumb/v7-m/nofp/crtbegin.o
 .ARM.attributes
                0x000000000000004a       0x2d ./Core/Src/button.o
 .ARM.attributes
                0x0000000000000077       0x2d ./Core/Src/display.o
 .ARM.attributes
                0x00000000000000a4       0x2d ./Core/Src/fsm_adjust.o
 .ARM.attributes
                0x00000000000000d1       0x2d ./Core/Src/fsm_normal.o
 .ARM.attributes
                0x00000000000000fe       0x33 ./Core/Src/global.o
 .ARM.attributes
                0x0000000000000131       0x2d ./Core/Src/main.o
 .ARM.attributes
                0x000000000000015e       0x2d ./Core/Src/softwaretimer.o
 .ARM.attributes
                0x000000000000018b       0x2d ./Core/Src/stm32f1xx_hal_msp.o
 .ARM.attributes
                0x00000000000001b8       0x2d ./Core/Src/stm32f1xx_it.o
 .ARM.attributes
                0x00000000000001e5       0x2d ./Core/Src/system_stm32f1xx.o
 .ARM.attributes
                0x0000000000000212       0x21 ./Core/Startup/startup_stm32f103c6ux.o
 .ARM.attributes
                0x0000000000000233       0x2d ./Drivers/STM32F1xx_HAL_Driver/Src/stm32f1xx_hal.o
 .ARM.attributes
                0x0000000000000260       0x2d ./Drivers/STM32F1xx_HAL_Driver/Src/stm32f1xx_hal_cortex.o
 .ARM.attributes
                0x000000000000028d       0x2d ./Drivers/STM32F1xx_HAL_Driver/Src/stm32f1xx_hal_gpio.o
 .ARM.attributes
                0x00000000000002ba       0x2d ./Drivers/STM32F1xx_HAL_Driver/Src/stm32f1xx_hal_rcc.o
 .ARM.attributes
                0x00000000000002e7       0x2d ./Drivers/STM32F1xx_HAL_Driver/Src/stm32f1xx_hal_tim.o
 .ARM.attributes
                0x0000000000000314       0x2d ./Drivers/STM32F1xx_HAL_Driver/Src/stm32f1xx_hal_tim_ex.o
 .ARM.attributes
                0x0000000000000341       0x2d d:/programs/stm32cubeide_1.7.0/stm32cubeide/plugins/com.st.stm32cube.ide.mcu.externaltools.gnu-tools-for-stm32.9-2020-q2-update.win32_2.0.0.202105311346/tools/bin/../lib/gcc/arm-none-eabi/9.3.1/../../../../arm-none-eabi/lib/thumb/v7-m/nofp\libc_nano.a(lib_a-init.o)
 .ARM.attributes
                0x000000000000036e       0x2d d:/programs/stm32cubeide_1.7.0/stm32cubeide/plugins/com.st.stm32cube.ide.mcu.externaltools.gnu-tools-for-stm32.9-2020-q2-update.win32_2.0.0.202105311346/tools/bin/../lib/gcc/arm-none-eabi/9.3.1/../../../../arm-none-eabi/lib/thumb/v7-m/nofp\libc_nano.a(lib_a-memset.o)
 .ARM.attributes
                0x000000000000039b       0x1d d:/programs/stm32cubeide_1.7.0/stm32cubeide/plugins/com.st.stm32cube.ide.mcu.externaltools.gnu-tools-for-stm32.9-2020-q2-update.win32_2.0.0.202105311346/tools/bin/../lib/gcc/arm-none-eabi/9.3.1/thumb/v7-m/nofp/crtn.o
OUTPUT(Solution.elf elf32-littlearm)
LOAD linker stubs
LOAD d:/programs/stm32cubeide_1.7.0/stm32cubeide/plugins/com.st.stm32cube.ide.mcu.externaltools.gnu-tools-for-stm32.9-2020-q2-update.win32_2.0.0.202105311346/tools/bin/../lib/gcc/arm-none-eabi/9.3.1/../../../../arm-none-eabi/lib/thumb/v7-m/nofp\libc.a
LOAD d:/programs/stm32cubeide_1.7.0/stm32cubeide/plugins/com.st.stm32cube.ide.mcu.externaltools.gnu-tools-for-stm32.9-2020-q2-update.win32_2.0.0.202105311346/tools/bin/../lib/gcc/arm-none-eabi/9.3.1/../../../../arm-none-eabi/lib/thumb/v7-m/nofp\libm.a
LOAD d:/programs/stm32cubeide_1.7.0/stm32cubeide/plugins/com.st.stm32cube.ide.mcu.externaltools.gnu-tools-for-stm32.9-2020-q2-update.win32_2.0.0.202105311346/tools/bin/../lib/gcc/arm-none-eabi/9.3.1/thumb/v7-m/nofp\libgcc.a

.debug_info     0x0000000000000000     0x92aa
 .debug_info    0x0000000000000000      0x300 ./Core/Src/button.o
 .debug_info    0x0000000000000300      0x3ba ./Core/Src/display.o
 .debug_info    0x00000000000006ba      0x2df ./Core/Src/fsm_adjust.o
 .debug_info    0x0000000000000999      0x2f1 ./Core/Src/fsm_normal.o
 .debug_info    0x0000000000000c8a      0x26c ./Core/Src/global.o
 .debug_info    0x0000000000000ef6      0xc30 ./Core/Src/main.o
 .debug_info    0x0000000000001b26      0x139 ./Core/Src/softwaretimer.o
 .debug_info    0x0000000000001c5f      0xa04 ./Core/Src/stm32f1xx_hal_msp.o
 .debug_info    0x0000000000002663      0x7b4 ./Core/Src/stm32f1xx_it.o
 .debug_info    0x0000000000002e17      0x2be ./Core/Src/system_stm32f1xx.o
 .debug_info    0x00000000000030d5       0x22 ./Core/Startup/startup_stm32f103c6ux.o
 .debug_info    0x00000000000030f7      0x74c ./Drivers/STM32F1xx_HAL_Driver/Src/stm32f1xx_hal.o
 .debug_info    0x0000000000003843      0xbbe ./Drivers/STM32F1xx_HAL_Driver/Src/stm32f1xx_hal_cortex.o
 .debug_info    0x0000000000004401      0x701 ./Drivers/STM32F1xx_HAL_Driver/Src/stm32f1xx_hal_gpio.o
 .debug_info    0x0000000000004b02      0x88e ./Drivers/STM32F1xx_HAL_Driver/Src/stm32f1xx_hal_rcc.o
 .debug_info    0x0000000000005390     0x2a45 ./Drivers/STM32F1xx_HAL_Driver/Src/stm32f1xx_hal_tim.o
 .debug_info    0x0000000000007dd5     0x14d5 ./Drivers/STM32F1xx_HAL_Driver/Src/stm32f1xx_hal_tim_ex.o

.debug_abbrev   0x0000000000000000     0x1acc
 .debug_abbrev  0x0000000000000000      0x118 ./Core/Src/button.o
 .debug_abbrev  0x0000000000000118      0x186 ./Core/Src/display.o
 .debug_abbrev  0x000000000000029e       0xff ./Core/Src/fsm_adjust.o
 .debug_abbrev  0x000000000000039d      0x112 ./Core/Src/fsm_normal.o
 .debug_abbrev  0x00000000000004af       0xa9 ./Core/Src/global.o
 .debug_abbrev  0x0000000000000558      0x22c ./Core/Src/main.o
 .debug_abbrev  0x0000000000000784       0x9c ./Core/Src/softwaretimer.o
 .debug_abbrev  0x0000000000000820      0x1b7 ./Core/Src/stm32f1xx_hal_msp.o
 .debug_abbrev  0x00000000000009d7      0x176 ./Core/Src/stm32f1xx_it.o
 .debug_abbrev  0x0000000000000b4d      0x14e ./Core/Src/system_stm32f1xx.o
 .debug_abbrev  0x0000000000000c9b       0x12 ./Core/Startup/startup_stm32f103c6ux.o
 .debug_abbrev  0x0000000000000cad      0x1ed ./Drivers/STM32F1xx_HAL_Driver/Src/stm32f1xx_hal.o
 .debug_abbrev  0x0000000000000e9a      0x313 ./Drivers/STM32F1xx_HAL_Driver/Src/stm32f1xx_hal_cortex.o
 .debug_abbrev  0x00000000000011ad      0x1e8 ./Drivers/STM32F1xx_HAL_Driver/Src/stm32f1xx_hal_gpio.o
 .debug_abbrev  0x0000000000001395      0x273 ./Drivers/STM32F1xx_HAL_Driver/Src/stm32f1xx_hal_rcc.o
 .debug_abbrev  0x0000000000001608      0x25e ./Drivers/STM32F1xx_HAL_Driver/Src/stm32f1xx_hal_tim.o
 .debug_abbrev  0x0000000000001866      0x266 ./Drivers/STM32F1xx_HAL_Driver/Src/stm32f1xx_hal_tim_ex.o

.debug_aranges  0x0000000000000000      0xa28
 .debug_aranges
                0x0000000000000000       0x20 ./Core/Src/button.o
 .debug_aranges
                0x0000000000000020       0x48 ./Core/Src/display.o
 .debug_aranges
                0x0000000000000068       0x20 ./Core/Src/fsm_adjust.o
 .debug_aranges
                0x0000000000000088       0x20 ./Core/Src/fsm_normal.o
 .debug_aranges
                0x00000000000000a8       0x18 ./Core/Src/global.o
 .debug_aranges
                0x00000000000000c0       0x48 ./Core/Src/main.o
 .debug_aranges
                0x0000000000000108       0x38 ./Core/Src/softwaretimer.o
 .debug_aranges
                0x0000000000000140       0x30 ./Core/Src/stm32f1xx_hal_msp.o
 .debug_aranges
                0x0000000000000170       0x68 ./Core/Src/stm32f1xx_it.o
 .debug_aranges
                0x00000000000001d8       0x28 ./Core/Src/system_stm32f1xx.o
 .debug_aranges
                0x0000000000000200       0x28 ./Core/Startup/startup_stm32f103c6ux.o
 .debug_aranges
                0x0000000000000228       0xe0 ./Drivers/STM32F1xx_HAL_Driver/Src/stm32f1xx_hal.o
 .debug_aranges
                0x0000000000000308      0x100 ./Drivers/STM32F1xx_HAL_Driver/Src/stm32f1xx_hal_cortex.o
 .debug_aranges
                0x0000000000000408       0x58 ./Drivers/STM32F1xx_HAL_Driver/Src/stm32f1xx_hal_gpio.o
 .debug_aranges
                0x0000000000000460       0x90 ./Drivers/STM32F1xx_HAL_Driver/Src/stm32f1xx_hal_rcc.o
 .debug_aranges
                0x00000000000004f0      0x3d0 ./Drivers/STM32F1xx_HAL_Driver/Src/stm32f1xx_hal_tim.o
 .debug_aranges
                0x00000000000008c0      0x168 ./Drivers/STM32F1xx_HAL_Driver/Src/stm32f1xx_hal_tim_ex.o

.debug_ranges   0x0000000000000000      0x918
 .debug_ranges  0x0000000000000000       0x10 ./Core/Src/button.o
 .debug_ranges  0x0000000000000010       0x38 ./Core/Src/display.o
 .debug_ranges  0x0000000000000048       0x10 ./Core/Src/fsm_adjust.o
 .debug_ranges  0x0000000000000058       0x10 ./Core/Src/fsm_normal.o
 .debug_ranges  0x0000000000000068       0x38 ./Core/Src/main.o
 .debug_ranges  0x00000000000000a0       0x28 ./Core/Src/softwaretimer.o
 .debug_ranges  0x00000000000000c8       0x20 ./Core/Src/stm32f1xx_hal_msp.o
 .debug_ranges  0x00000000000000e8       0x58 ./Core/Src/stm32f1xx_it.o
 .debug_ranges  0x0000000000000140       0x18 ./Core/Src/system_stm32f1xx.o
 .debug_ranges  0x0000000000000158       0x20 ./Core/Startup/startup_stm32f103c6ux.o
 .debug_ranges  0x0000000000000178       0xd0 ./Drivers/STM32F1xx_HAL_Driver/Src/stm32f1xx_hal.o
 .debug_ranges  0x0000000000000248       0xf0 ./Drivers/STM32F1xx_HAL_Driver/Src/stm32f1xx_hal_cortex.o
 .debug_ranges  0x0000000000000338       0x48 ./Drivers/STM32F1xx_HAL_Driver/Src/stm32f1xx_hal_gpio.o
 .debug_ranges  0x0000000000000380       0x80 ./Drivers/STM32F1xx_HAL_Driver/Src/stm32f1xx_hal_rcc.o
 .debug_ranges  0x0000000000000400      0x3c0 ./Drivers/STM32F1xx_HAL_Driver/Src/stm32f1xx_hal_tim.o
 .debug_ranges  0x00000000000007c0      0x158 ./Drivers/STM32F1xx_HAL_Driver/Src/stm32f1xx_hal_tim_ex.o

.debug_macro    0x0000000000000000    0x16ca7
 .debug_macro   0x0000000000000000      0x1b6 ./Core/Src/button.o
 .debug_macro   0x00000000000001b6      0xa9c ./Core/Src/button.o
 .debug_macro   0x0000000000000c52      0x215 ./Core/Src/button.o
 .debug_macro   0x0000000000000e67       0x2e ./Core/Src/button.o
 .debug_macro   0x0000000000000e95       0x22 ./Core/Src/button.o
 .debug_macro   0x0000000000000eb7       0x22 ./Core/Src/button.o
 .debug_macro   0x0000000000000ed9       0x8e ./Core/Src/button.o
 .debug_macro   0x0000000000000f67       0x51 ./Core/Src/button.o
 .debug_macro   0x0000000000000fb8      0x103 ./Core/Src/button.o
 .debug_macro   0x00000000000010bb       0x6a ./Core/Src/button.o
 .debug_macro   0x0000000000001125      0x1df ./Core/Src/button.o
 .debug_macro   0x0000000000001304       0x1c ./Core/Src/button.o
 .debug_macro   0x0000000000001320       0x22 ./Core/Src/button.o
 .debug_macro   0x0000000000001342       0xc3 ./Core/Src/button.o
 .debug_macro   0x0000000000001405      0xd23 ./Core/Src/button.o
 .debug_macro   0x0000000000002128     0xde75 ./Core/Src/button.o
 .debug_macro   0x000000000000ff9d       0x6d ./Core/Src/button.o
 .debug_macro   0x000000000001000a     0x3468 ./Core/Src/button.o
 .debug_macro   0x0000000000013472      0x174 ./Core/Src/button.o
 .debug_macro   0x00000000000135e6       0x5c ./Core/Src/button.o
 .debug_macro   0x0000000000013642      0x5be ./Core/Src/button.o
 .debug_macro   0x0000000000013c00      0x1b7 ./Core/Src/button.o
 .debug_macro   0x0000000000013db7      0x1cb ./Core/Src/button.o
 .debug_macro   0x0000000000013f82      0x114 ./Core/Src/button.o
 .debug_macro   0x0000000000014096      0x1b2 ./Core/Src/button.o
 .debug_macro   0x0000000000014248       0x27 ./Core/Src/button.o
 .debug_macro   0x000000000001426f      0x12f ./Core/Src/button.o
 .debug_macro   0x000000000001439e      0x1bc ./Core/Src/button.o
 .debug_macro   0x000000000001455a       0x34 ./Core/Src/button.o
 .debug_macro   0x000000000001458e       0x3c ./Core/Src/button.o
 .debug_macro   0x00000000000145ca       0x57 ./Core/Src/button.o
 .debug_macro   0x0000000000014621       0x88 ./Core/Src/button.o
 .debug_macro   0x00000000000146a9      0x183 ./Core/Src/button.o
 .debug_macro   0x000000000001482c      0x141 ./Core/Src/button.o
 .debug_macro   0x000000000001496d      0x8d1 ./Core/Src/button.o
 .debug_macro   0x000000000001523e       0x69 ./Core/Src/button.o
 .debug_macro   0x00000000000152a7       0xf4 ./Core/Src/button.o
 .debug_macro   0x000000000001539b       0x16 ./Core/Src/button.o
 .debug_macro   0x00000000000153b1      0x1dc ./Core/Src/display.o
 .debug_macro   0x000000000001558d       0x10 ./Core/Src/display.o
 .debug_macro   0x000000000001559d       0x2e ./Core/Src/display.o
 .debug_macro   0x00000000000155cb      0x1e6 ./Core/Src/fsm_adjust.o
 .debug_macro   0x00000000000157b1      0x1e6 ./Core/Src/fsm_normal.o
 .debug_macro   0x0000000000015997      0x1dc ./Core/Src/global.o
 .debug_macro   0x0000000000015b73      0x1f8 ./Core/Src/main.o
 .debug_macro   0x0000000000015d6b       0x1a ./Core/Src/softwaretimer.o
 .debug_macro   0x0000000000015d85      0x1a7 ./Core/Src/stm32f1xx_hal_msp.o
 .debug_macro   0x0000000000015f2c      0x1b1 ./Core/Src/stm32f1xx_it.o
 .debug_macro   0x00000000000160dd      0x198 ./Core/Src/system_stm32f1xx.o
 .debug_macro   0x0000000000016275      0x1bc ./Drivers/STM32F1xx_HAL_Driver/Src/stm32f1xx_hal.o
 .debug_macro   0x0000000000016431      0x198 ./Drivers/STM32F1xx_HAL_Driver/Src/stm32f1xx_hal_cortex.o
 .debug_macro   0x00000000000165c9      0x203 ./Drivers/STM32F1xx_HAL_Driver/Src/stm32f1xx_hal_gpio.o
 .debug_macro   0x00000000000167cc      0x1aa ./Drivers/STM32F1xx_HAL_Driver/Src/stm32f1xx_hal_rcc.o
 .debug_macro   0x0000000000016976      0x199 ./Drivers/STM32F1xx_HAL_Driver/Src/stm32f1xx_hal_tim.o
 .debug_macro   0x0000000000016b0f      0x198 ./Drivers/STM32F1xx_HAL_Driver/Src/stm32f1xx_hal_tim_ex.o

.debug_line     0x0000000000000000     0xb943
 .debug_line    0x0000000000000000      0x75b ./Core/Src/button.o
 .debug_line    0x000000000000075b      0x7b7 ./Core/Src/display.o
 .debug_line    0x0000000000000f12      0x79c ./Core/Src/fsm_adjust.o
 .debug_line    0x00000000000016ae      0x7cb ./Core/Src/fsm_normal.o
 .debug_line    0x0000000000001e79      0x691 ./Core/Src/global.o
 .debug_line    0x000000000000250a      0x7fa ./Core/Src/main.o
 .debug_line    0x0000000000002d04       0xf2 ./Core/Src/softwaretimer.o
 .debug_line    0x0000000000002df6      0x6b9 ./Core/Src/stm32f1xx_hal_msp.o
 .debug_line    0x00000000000034af      0x757 ./Core/Src/stm32f1xx_it.o
 .debug_line    0x0000000000003c06      0x6fb ./Core/Src/system_stm32f1xx.o
 .debug_line    0x0000000000004301       0x87 ./Core/Startup/startup_stm32f103c6ux.o
 .debug_line    0x0000000000004388      0x928 ./Drivers/STM32F1xx_HAL_Driver/Src/stm32f1xx_hal.o
 .debug_line    0x0000000000004cb0      0xb10 ./Drivers/STM32F1xx_HAL_Driver/Src/stm32f1xx_hal_cortex.o
 .debug_line    0x00000000000057c0      0x9a9 ./Drivers/STM32F1xx_HAL_Driver/Src/stm32f1xx_hal_gpio.o
 .debug_line    0x0000000000006169      0xd36 ./Drivers/STM32F1xx_HAL_Driver/Src/stm32f1xx_hal_rcc.o
 .debug_line    0x0000000000006e9f     0x3286 ./Drivers/STM32F1xx_HAL_Driver/Src/stm32f1xx_hal_tim.o
 .debug_line    0x000000000000a125     0x181e ./Drivers/STM32F1xx_HAL_Driver/Src/stm32f1xx_hal_tim_ex.o

.debug_str      0x0000000000000000    0x82210
 .debug_str     0x0000000000000000    0x7f617 ./Core/Src/button.o
                                      0x7f94e (size before relaxing)
 .debug_str     0x000000000007f617      0x1ae ./Core/Src/display.o
                                      0x7fa63 (size before relaxing)
 .debug_str     0x000000000007f7c5       0x3b ./Core/Src/fsm_adjust.o
                                      0x7f9ff (size before relaxing)
 .debug_str     0x000000000007f800       0x4a ./Core/Src/fsm_normal.o
                                      0x7fa0e (size before relaxing)
 .debug_str     0x000000000007f84a       0x15 ./Core/Src/global.o
                                      0x7f9a8 (size before relaxing)
 .debug_str     0x000000000007f85f      0x6fb ./Core/Src/main.o
                                      0x8018f (size before relaxing)
 .debug_str     0x000000000007ff5a       0x74 ./Core/Src/softwaretimer.o
                                       0x2e15 (size before relaxing)
 .debug_str     0x000000000007ffce      0x2ba ./Core/Src/stm32f1xx_hal_msp.o
                                      0x80038 (size before relaxing)
 .debug_str     0x0000000000080288       0xcd ./Core/Src/stm32f1xx_it.o
                                      0x7fd9a (size before relaxing)
 .debug_str     0x0000000000080355       0x52 ./Core/Src/system_stm32f1xx.o
                                      0x7f4fe (size before relaxing)
 .debug_str     0x00000000000803a7       0x36 ./Core/Startup/startup_stm32f103c6ux.o
                                         0x69 (size before relaxing)
 .debug_str     0x00000000000803dd      0x304 ./Drivers/STM32F1xx_HAL_Driver/Src/stm32f1xx_hal.o
                                      0x7fb55 (size before relaxing)
 .debug_str     0x00000000000806e1      0x300 ./Drivers/STM32F1xx_HAL_Driver/Src/stm32f1xx_hal_cortex.o
                                      0x7fb5d (size before relaxing)
 .debug_str     0x00000000000809e1      0x324 ./Drivers/STM32F1xx_HAL_Driver/Src/stm32f1xx_hal_gpio.o
                                      0x7f8c2 (size before relaxing)
 .debug_str     0x0000000000080d05      0x24f ./Drivers/STM32F1xx_HAL_Driver/Src/stm32f1xx_hal_rcc.o
                                      0x7f8fb (size before relaxing)
 .debug_str     0x0000000000080f54      0xdce ./Drivers/STM32F1xx_HAL_Driver/Src/stm32f1xx_hal_tim.o
                                      0x808cd (size before relaxing)
 .debug_str     0x0000000000081d22      0x4ee ./Drivers/STM32F1xx_HAL_Driver/Src/stm32f1xx_hal_tim_ex.o
                                      0x8007e (size before relaxing)

.comment        0x0000000000000000       0x53
 .comment       0x0000000000000000       0x53 ./Core/Src/button.o
                                         0x54 (size before relaxing)
 .comment       0x0000000000000053       0x54 ./Core/Src/display.o
 .comment       0x0000000000000053       0x54 ./Core/Src/fsm_adjust.o
 .comment       0x0000000000000053       0x54 ./Core/Src/fsm_normal.o
 .comment       0x0000000000000053       0x54 ./Core/Src/global.o
 .comment       0x0000000000000053       0x54 ./Core/Src/main.o
 .comment       0x0000000000000053       0x54 ./Core/Src/softwaretimer.o
 .comment       0x0000000000000053       0x54 ./Core/Src/stm32f1xx_hal_msp.o
 .comment       0x0000000000000053       0x54 ./Core/Src/stm32f1xx_it.o
 .comment       0x0000000000000053       0x54 ./Core/Src/system_stm32f1xx.o
 .comment       0x0000000000000053       0x54 ./Drivers/STM32F1xx_HAL_Driver/Src/stm32f1xx_hal.o
 .comment       0x0000000000000053       0x54 ./Drivers/STM32F1xx_HAL_Driver/Src/stm32f1xx_hal_cortex.o
 .comment       0x0000000000000053       0x54 ./Drivers/STM32F1xx_HAL_Driver/Src/stm32f1xx_hal_gpio.o
 .comment       0x0000000000000053       0x54 ./Drivers/STM32F1xx_HAL_Driver/Src/stm32f1xx_hal_rcc.o
 .comment       0x0000000000000053       0x54 ./Drivers/STM32F1xx_HAL_Driver/Src/stm32f1xx_hal_tim.o
 .comment       0x0000000000000053       0x54 ./Drivers/STM32F1xx_HAL_Driver/Src/stm32f1xx_hal_tim_ex.o

.debug_frame    0x0000000000000000     0x27e8
 .debug_frame   0x0000000000000000       0x2c ./Core/Src/button.o
 .debug_frame   0x000000000000002c       0xf0 ./Core/Src/display.o
 .debug_frame   0x000000000000011c       0x2c ./Core/Src/fsm_adjust.o
 .debug_frame   0x0000000000000148       0x2c ./Core/Src/fsm_normal.o
 .debug_frame   0x0000000000000174       0xd4 ./Core/Src/main.o
 .debug_frame   0x0000000000000248       0xa8 ./Core/Src/softwaretimer.o
 .debug_frame   0x00000000000002f0       0x80 ./Core/Src/stm32f1xx_hal_msp.o
 .debug_frame   0x0000000000000370      0x120 ./Core/Src/stm32f1xx_it.o
 .debug_frame   0x0000000000000490       0x58 ./Core/Src/system_stm32f1xx.o
 .debug_frame   0x00000000000004e8      0x334 ./Drivers/STM32F1xx_HAL_Driver/Src/stm32f1xx_hal.o
 .debug_frame   0x000000000000081c      0x428 ./Drivers/STM32F1xx_HAL_Driver/Src/stm32f1xx_hal_cortex.o
 .debug_frame   0x0000000000000c44      0x14c ./Drivers/STM32F1xx_HAL_Driver/Src/stm32f1xx_hal_gpio.o
 .debug_frame   0x0000000000000d90      0x21c ./Drivers/STM32F1xx_HAL_Driver/Src/stm32f1xx_hal_rcc.o
 .debug_frame   0x0000000000000fac     0x11b8 ./Drivers/STM32F1xx_HAL_Driver/Src/stm32f1xx_hal_tim.o
 .debug_frame   0x0000000000002164      0x638 ./Drivers/STM32F1xx_HAL_Driver/Src/stm32f1xx_hal_tim_ex.o
 .debug_frame   0x000000000000279c       0x2c d:/programs/stm32cubeide_1.7.0/stm32cubeide/plugins/com.st.stm32cube.ide.mcu.externaltools.gnu-tools-for-stm32.9-2020-q2-update.win32_2.0.0.202105311346/tools/bin/../lib/gcc/arm-none-eabi/9.3.1/../../../../arm-none-eabi/lib/thumb/v7-m/nofp\libc_nano.a(lib_a-init.o)
 .debug_frame   0x00000000000027c8       0x20 d:/programs/stm32cubeide_1.7.0/stm32cubeide/plugins/com.st.stm32cube.ide.mcu.externaltools.gnu-tools-for-stm32.9-2020-q2-update.win32_2.0.0.202105311346/tools/bin/../lib/gcc/arm-none-eabi/9.3.1/../../../../arm-none-eabi/lib/thumb/v7-m/nofp\libc_nano.a(lib_a-memset.o)
